oregon2
N° of edges 32731
N° of nodes 11461
Density: 0.000498405

Iteration 0
N° triangles single core: 89541
N° triangles 2 threads: 89541
N° triangles (seq construction) 2 threads: 89541
N° triangles 3 threads: 89541
N° triangles (seq construction) 3 threads: 89541
N° triangles 4 threads: 89541
N° triangles (seq construction) 4 threads: 89541
N° triangles 5 threads: 89541
N° triangles (seq construction) 5 threads: 89541
N° triangles 6 threads: 89541
N° triangles (seq construction) 6 threads: 89541
N° triangles 7 threads: 89541
N° triangles (seq construction) 7 threads: 89541
N° triangles 8 threads: 89541
N° triangles (seq construction) 8 threads: 89541
N° triangles 9 threads: 89541
N° triangles (seq construction) 9 threads: 89541
N° triangles 10 threads: 89541
N° triangles (seq construction) 10 threads: 89541
N° triangles 11 threads: 89541
N° triangles (seq construction) 11 threads: 89541
N° triangles 12 threads: 89541
N° triangles (seq construction) 12 threads: 89541
N° triangles 13 threads: 89541
N° triangles (seq construction) 13 threads: 89541
N° triangles 14 threads: 89541
N° triangles (seq construction) 14 threads: 89541
N° triangles 15 threads: 89541
N° triangles (seq construction) 15 threads: 89541
N° triangles 16 threads: 89541
N° triangles (seq construction) 16 threads: 89541
N° triangles 17 threads: 89541
N° triangles (seq construction) 17 threads: 89541
N° triangles 18 threads: 89541
N° triangles (seq construction) 18 threads: 89541
N° triangles 19 threads: 89541
N° triangles (seq construction) 19 threads: 89541
N° triangles 20 threads: 89541
N° triangles (seq construction) 20 threads: 89541

Iteration 1
N° triangles single core: 89541
N° triangles 2 threads: 89541
N° triangles (seq construction) 2 threads: 89541
N° triangles 3 threads: 89541
N° triangles (seq construction) 3 threads: 89541
N° triangles 4 threads: 89541
N° triangles (seq construction) 4 threads: 89541
N° triangles 5 threads: 89541
N° triangles (seq construction) 5 threads: 89541
N° triangles 6 threads: 89541
N° triangles (seq construction) 6 threads: 89541
N° triangles 7 threads: 89541
N° triangles (seq construction) 7 threads: 89541
N° triangles 8 threads: 89541
N° triangles (seq construction) 8 threads: 89541
N° triangles 9 threads: 89541
N° triangles (seq construction) 9 threads: 89541
N° triangles 10 threads: 89541
N° triangles (seq construction) 10 threads: 89541
N° triangles 11 threads: 89541
N° triangles (seq construction) 11 threads: 89541
N° triangles 12 threads: 89541
N° triangles (seq construction) 12 threads: 89541
N° triangles 13 threads: 89541
N° triangles (seq construction) 13 threads: 89541
N° triangles 14 threads: 89541
N° triangles (seq construction) 14 threads: 89541
N° triangles 15 threads: 89541
N° triangles (seq construction) 15 threads: 89541
N° triangles 16 threads: 89541
N° triangles (seq construction) 16 threads: 89541
N° triangles 17 threads: 89541
N° triangles (seq construction) 17 threads: 89541
N° triangles 18 threads: 89541
N° triangles (seq construction) 18 threads: 89541
N° triangles 19 threads: 89541
N° triangles (seq construction) 19 threads: 89541
N° triangles 20 threads: 89541
N° triangles (seq construction) 20 threads: 89541

Iteration 2
N° triangles single core: 89541
N° triangles 2 threads: 89541
N° triangles (seq construction) 2 threads: 89541
N° triangles 3 threads: 89541
N° triangles (seq construction) 3 threads: 89541
N° triangles 4 threads: 89541
N° triangles (seq construction) 4 threads: 89541
N° triangles 5 threads: 89541
N° triangles (seq construction) 5 threads: 89541
N° triangles 6 threads: 89541
N° triangles (seq construction) 6 threads: 89541
N° triangles 7 threads: 89541
N° triangles (seq construction) 7 threads: 89541
N° triangles 8 threads: 89541
N° triangles (seq construction) 8 threads: 89541
N° triangles 9 threads: 89541
N° triangles (seq construction) 9 threads: 89541
N° triangles 10 threads: 89541
N° triangles (seq construction) 10 threads: 89541
N° triangles 11 threads: 89541
N° triangles (seq construction) 11 threads: 89541
N° triangles 12 threads: 89541
N° triangles (seq construction) 12 threads: 89541
N° triangles 13 threads: 89541
N° triangles (seq construction) 13 threads: 89541
N° triangles 14 threads: 89541
N° triangles (seq construction) 14 threads: 89541
N° triangles 15 threads: 89541
N° triangles (seq construction) 15 threads: 89541
N° triangles 16 threads: 89541
N° triangles (seq construction) 16 threads: 89541
N° triangles 17 threads: 89541
N° triangles (seq construction) 17 threads: 89541
N° triangles 18 threads: 89541
N° triangles (seq construction) 18 threads: 89541
N° triangles 19 threads: 89541
N° triangles (seq construction) 19 threads: 89541
N° triangles 20 threads: 89541
N° triangles (seq construction) 20 threads: 89541

Iteration 3
N° triangles single core: 89541
N° triangles 2 threads: 89541
N° triangles (seq construction) 2 threads: 89541
N° triangles 3 threads: 89541
N° triangles (seq construction) 3 threads: 89541
N° triangles 4 threads: 89541
N° triangles (seq construction) 4 threads: 89541
N° triangles 5 threads: 89541
N° triangles (seq construction) 5 threads: 89541
N° triangles 6 threads: 89541
N° triangles (seq construction) 6 threads: 89541
N° triangles 7 threads: 89541
N° triangles (seq construction) 7 threads: 89541
N° triangles 8 threads: 89541
N° triangles (seq construction) 8 threads: 89541
N° triangles 9 threads: 89541
N° triangles (seq construction) 9 threads: 89541
N° triangles 10 threads: 89541
N° triangles (seq construction) 10 threads: 89541
N° triangles 11 threads: 89541
N° triangles (seq construction) 11 threads: 89541
N° triangles 12 threads: 89541
N° triangles (seq construction) 12 threads: 89541
N° triangles 13 threads: 89541
N° triangles (seq construction) 13 threads: 89541
N° triangles 14 threads: 89541
N° triangles (seq construction) 14 threads: 89541
N° triangles 15 threads: 89541
N° triangles (seq construction) 15 threads: 89541
N° triangles 16 threads: 89541
N° triangles (seq construction) 16 threads: 89541
N° triangles 17 threads: 89541
N° triangles (seq construction) 17 threads: 89541
N° triangles 18 threads: 89541
N° triangles (seq construction) 18 threads: 89541
N° triangles 19 threads: 89541
N° triangles (seq construction) 19 threads: 89541
N° triangles 20 threads: 89541
N° triangles (seq construction) 20 threads: 89541

Iteration 4
N° triangles single core: 89541
N° triangles 2 threads: 89541
N° triangles (seq construction) 2 threads: 89541
N° triangles 3 threads: 89541
N° triangles (seq construction) 3 threads: 89541
N° triangles 4 threads: 89541
N° triangles (seq construction) 4 threads: 89541
N° triangles 5 threads: 89541
N° triangles (seq construction) 5 threads: 89541
N° triangles 6 threads: 89541
N° triangles (seq construction) 6 threads: 89541
N° triangles 7 threads: 89541
N° triangles (seq construction) 7 threads: 89541
N° triangles 8 threads: 89541
N° triangles (seq construction) 8 threads: 89541
N° triangles 9 threads: 89541
N° triangles (seq construction) 9 threads: 89541
N° triangles 10 threads: 89541
N° triangles (seq construction) 10 threads: 89541
N° triangles 11 threads: 89541
N° triangles (seq construction) 11 threads: 89541
N° triangles 12 threads: 89541
N° triangles (seq construction) 12 threads: 89541
N° triangles 13 threads: 89541
N° triangles (seq construction) 13 threads: 89541
N° triangles 14 threads: 89541
N° triangles (seq construction) 14 threads: 89541
N° triangles 15 threads: 89541
N° triangles (seq construction) 15 threads: 89541
N° triangles 16 threads: 89541
N° triangles (seq construction) 16 threads: 89541
N° triangles 17 threads: 89541
N° triangles (seq construction) 17 threads: 89541
N° triangles 18 threads: 89541
N° triangles (seq construction) 18 threads: 89541
N° triangles 19 threads: 89541
N° triangles (seq construction) 19 threads: 89541
N° triangles 20 threads: 89541
N° triangles (seq construction) 20 threads: 89541

Iteration 5
N° triangles single core: 89541
N° triangles 2 threads: 89541
N° triangles (seq construction) 2 threads: 89541
N° triangles 3 threads: 89541
N° triangles (seq construction) 3 threads: 89541
N° triangles 4 threads: 89541
N° triangles (seq construction) 4 threads: 89541
N° triangles 5 threads: 89541
N° triangles (seq construction) 5 threads: 89541
N° triangles 6 threads: 89541
N° triangles (seq construction) 6 threads: 89541
N° triangles 7 threads: 89541
N° triangles (seq construction) 7 threads: 89541
N° triangles 8 threads: 89541
N° triangles (seq construction) 8 threads: 89541
N° triangles 9 threads: 89541
N° triangles (seq construction) 9 threads: 89541
N° triangles 10 threads: 89541
N° triangles (seq construction) 10 threads: 89541
N° triangles 11 threads: 89541
N° triangles (seq construction) 11 threads: 89541
N° triangles 12 threads: 89541
N° triangles (seq construction) 12 threads: 89541
N° triangles 13 threads: 89541
N° triangles (seq construction) 13 threads: 89541
N° triangles 14 threads: 89541
N° triangles (seq construction) 14 threads: 89541
N° triangles 15 threads: 89541
N° triangles (seq construction) 15 threads: 89541
N° triangles 16 threads: 89541
N° triangles (seq construction) 16 threads: 89541
N° triangles 17 threads: 89541
N° triangles (seq construction) 17 threads: 89541
N° triangles 18 threads: 89541
N° triangles (seq construction) 18 threads: 89541
N° triangles 19 threads: 89541
N° triangles (seq construction) 19 threads: 89541
N° triangles 20 threads: 89541
N° triangles (seq construction) 20 threads: 89541

Iteration 6
N° triangles single core: 89541
N° triangles 2 threads: 89541
N° triangles (seq construction) 2 threads: 89541
N° triangles 3 threads: 89541
N° triangles (seq construction) 3 threads: 89541
N° triangles 4 threads: 89541
N° triangles (seq construction) 4 threads: 89541
N° triangles 5 threads: 89541
N° triangles (seq construction) 5 threads: 89541
N° triangles 6 threads: 89541
N° triangles (seq construction) 6 threads: 89541
N° triangles 7 threads: 89541
N° triangles (seq construction) 7 threads: 89541
N° triangles 8 threads: 89541
N° triangles (seq construction) 8 threads: 89541
N° triangles 9 threads: 89541
N° triangles (seq construction) 9 threads: 89541
N° triangles 10 threads: 89541
N° triangles (seq construction) 10 threads: 89541
N° triangles 11 threads: 89541
N° triangles (seq construction) 11 threads: 89541
N° triangles 12 threads: 89541
N° triangles (seq construction) 12 threads: 89541
N° triangles 13 threads: 89541
N° triangles (seq construction) 13 threads: 89541
N° triangles 14 threads: 89541
N° triangles (seq construction) 14 threads: 89541
N° triangles 15 threads: 89541
N° triangles (seq construction) 15 threads: 89541
N° triangles 16 threads: 89541
N° triangles (seq construction) 16 threads: 89541
N° triangles 17 threads: 89541
N° triangles (seq construction) 17 threads: 89541
N° triangles 18 threads: 89541
N° triangles (seq construction) 18 threads: 89541
N° triangles 19 threads: 89541
N° triangles (seq construction) 19 threads: 89541
N° triangles 20 threads: 89541
N° triangles (seq construction) 20 threads: 89541

Iteration 7
N° triangles single core: 89541
N° triangles 2 threads: 89541
N° triangles (seq construction) 2 threads: 89541
N° triangles 3 threads: 89541
N° triangles (seq construction) 3 threads: 89541
N° triangles 4 threads: 89541
N° triangles (seq construction) 4 threads: 89541
N° triangles 5 threads: 89541
N° triangles (seq construction) 5 threads: 89541
N° triangles 6 threads: 89541
N° triangles (seq construction) 6 threads: 89541
N° triangles 7 threads: 89541
N° triangles (seq construction) 7 threads: 89541
N° triangles 8 threads: 89541
N° triangles (seq construction) 8 threads: 89541
N° triangles 9 threads: 89541
N° triangles (seq construction) 9 threads: 89541
N° triangles 10 threads: 89541
N° triangles (seq construction) 10 threads: 89541
N° triangles 11 threads: 89541
N° triangles (seq construction) 11 threads: 89541
N° triangles 12 threads: 89541
N° triangles (seq construction) 12 threads: 89541
N° triangles 13 threads: 89541
N° triangles (seq construction) 13 threads: 89541
N° triangles 14 threads: 89541
N° triangles (seq construction) 14 threads: 89541
N° triangles 15 threads: 89541
N° triangles (seq construction) 15 threads: 89541
N° triangles 16 threads: 89541
N° triangles (seq construction) 16 threads: 89541
N° triangles 17 threads: 89541
N° triangles (seq construction) 17 threads: 89541
N° triangles 18 threads: 89541
N° triangles (seq construction) 18 threads: 89541
N° triangles 19 threads: 89541
N° triangles (seq construction) 19 threads: 89541
N° triangles 20 threads: 89541
N° triangles (seq construction) 20 threads: 89541

Iteration 8
N° triangles single core: 89541
N° triangles 2 threads: 89541
N° triangles (seq construction) 2 threads: 89541
N° triangles 3 threads: 89541
N° triangles (seq construction) 3 threads: 89541
N° triangles 4 threads: 89541
N° triangles (seq construction) 4 threads: 89541
N° triangles 5 threads: 89541
N° triangles (seq construction) 5 threads: 89541
N° triangles 6 threads: 89541
N° triangles (seq construction) 6 threads: 89541
N° triangles 7 threads: 89541
N° triangles (seq construction) 7 threads: 89541
N° triangles 8 threads: 89541
N° triangles (seq construction) 8 threads: 89541
N° triangles 9 threads: 89541
N° triangles (seq construction) 9 threads: 89541
N° triangles 10 threads: 89541
N° triangles (seq construction) 10 threads: 89541
N° triangles 11 threads: 89541
N° triangles (seq construction) 11 threads: 89541
N° triangles 12 threads: 89541
N° triangles (seq construction) 12 threads: 89541
N° triangles 13 threads: 89541
N° triangles (seq construction) 13 threads: 89541
N° triangles 14 threads: 89541
N° triangles (seq construction) 14 threads: 89541
N° triangles 15 threads: 89541
N° triangles (seq construction) 15 threads: 89541
N° triangles 16 threads: 89541
N° triangles (seq construction) 16 threads: 89541
N° triangles 17 threads: 89541
N° triangles (seq construction) 17 threads: 89541
N° triangles 18 threads: 89541
N° triangles (seq construction) 18 threads: 89541
N° triangles 19 threads: 89541
N° triangles (seq construction) 19 threads: 89541
N° triangles 20 threads: 89541
N° triangles (seq construction) 20 threads: 89541

Iteration 9
N° triangles single core: 89541
N° triangles 2 threads: 89541
N° triangles (seq construction) 2 threads: 89541
N° triangles 3 threads: 89541
N° triangles (seq construction) 3 threads: 89541
N° triangles 4 threads: 89541
N° triangles (seq construction) 4 threads: 89541
N° triangles 5 threads: 89541
N° triangles (seq construction) 5 threads: 89541
N° triangles 6 threads: 89541
N° triangles (seq construction) 6 threads: 89541
N° triangles 7 threads: 89541
N° triangles (seq construction) 7 threads: 89541
N° triangles 8 threads: 89541
N° triangles (seq construction) 8 threads: 89541
N° triangles 9 threads: 89541
N° triangles (seq construction) 9 threads: 89541
N° triangles 10 threads: 89541
N° triangles (seq construction) 10 threads: 89541
N° triangles 11 threads: 89541
N° triangles (seq construction) 11 threads: 89541
N° triangles 12 threads: 89541
N° triangles (seq construction) 12 threads: 89541
N° triangles 13 threads: 89541
N° triangles (seq construction) 13 threads: 89541
N° triangles 14 threads: 89541
N° triangles (seq construction) 14 threads: 89541
N° triangles 15 threads: 89541
N° triangles (seq construction) 15 threads: 89541
N° triangles 16 threads: 89541
N° triangles (seq construction) 16 threads: 89541
N° triangles 17 threads: 89541
N° triangles (seq construction) 17 threads: 89541
N° triangles 18 threads: 89541
N° triangles (seq construction) 18 threads: 89541
N° triangles 19 threads: 89541
N° triangles (seq construction) 19 threads: 89541
N° triangles 20 threads: 89541
N° triangles (seq construction) 20 threads: 89541

Iteration 10
N° triangles single core: 89541
N° triangles 2 threads: 89541
N° triangles (seq construction) 2 threads: 89541
N° triangles 3 threads: 89541
N° triangles (seq construction) 3 threads: 89541
N° triangles 4 threads: 89541
N° triangles (seq construction) 4 threads: 89541
N° triangles 5 threads: 89541
N° triangles (seq construction) 5 threads: 89541
N° triangles 6 threads: 89541
N° triangles (seq construction) 6 threads: 89541
N° triangles 7 threads: 89541
N° triangles (seq construction) 7 threads: 89541
N° triangles 8 threads: 89541
N° triangles (seq construction) 8 threads: 89541
N° triangles 9 threads: 89541
N° triangles (seq construction) 9 threads: 89541
N° triangles 10 threads: 89541
N° triangles (seq construction) 10 threads: 89541
N° triangles 11 threads: 89541
N° triangles (seq construction) 11 threads: 89541
N° triangles 12 threads: 89541
N° triangles (seq construction) 12 threads: 89541
N° triangles 13 threads: 89541
N° triangles (seq construction) 13 threads: 89541
N° triangles 14 threads: 89541
N° triangles (seq construction) 14 threads: 89541
N° triangles 15 threads: 89541
N° triangles (seq construction) 15 threads: 89541
N° triangles 16 threads: 89541
N° triangles (seq construction) 16 threads: 89541
N° triangles 17 threads: 89541
N° triangles (seq construction) 17 threads: 89541
N° triangles 18 threads: 89541
N° triangles (seq construction) 18 threads: 89541
N° triangles 19 threads: 89541
N° triangles (seq construction) 19 threads: 89541
N° triangles 20 threads: 89541
N° triangles (seq construction) 20 threads: 89541

Iteration 11
N° triangles single core: 89541
N° triangles 2 threads: 89541
N° triangles (seq construction) 2 threads: 89541
N° triangles 3 threads: 89541
N° triangles (seq construction) 3 threads: 89541
N° triangles 4 threads: 89541
N° triangles (seq construction) 4 threads: 89541
N° triangles 5 threads: 89541
N° triangles (seq construction) 5 threads: 89541
N° triangles 6 threads: 89541
N° triangles (seq construction) 6 threads: 89541
N° triangles 7 threads: 89541
N° triangles (seq construction) 7 threads: 89541
N° triangles 8 threads: 89541
N° triangles (seq construction) 8 threads: 89541
N° triangles 9 threads: 89541
N° triangles (seq construction) 9 threads: 89541
N° triangles 10 threads: 89541
N° triangles (seq construction) 10 threads: 89541
N° triangles 11 threads: 89541
N° triangles (seq construction) 11 threads: 89541
N° triangles 12 threads: 89541
N° triangles (seq construction) 12 threads: 89541
N° triangles 13 threads: 89541
N° triangles (seq construction) 13 threads: 89541
N° triangles 14 threads: 89541
N° triangles (seq construction) 14 threads: 89541
N° triangles 15 threads: 89541
N° triangles (seq construction) 15 threads: 89541
N° triangles 16 threads: 89541
N° triangles (seq construction) 16 threads: 89541
N° triangles 17 threads: 89541
N° triangles (seq construction) 17 threads: 89541
N° triangles 18 threads: 89541
N° triangles (seq construction) 18 threads: 89541
N° triangles 19 threads: 89541
N° triangles (seq construction) 19 threads: 89541
N° triangles 20 threads: 89541
N° triangles (seq construction) 20 threads: 89541

Iteration 12
N° triangles single core: 89541
N° triangles 2 threads: 89541
N° triangles (seq construction) 2 threads: 89541
N° triangles 3 threads: 89541
N° triangles (seq construction) 3 threads: 89541
N° triangles 4 threads: 89541
N° triangles (seq construction) 4 threads: 89541
N° triangles 5 threads: 89541
N° triangles (seq construction) 5 threads: 89541
N° triangles 6 threads: 89541
N° triangles (seq construction) 6 threads: 89541
N° triangles 7 threads: 89541
N° triangles (seq construction) 7 threads: 89541
N° triangles 8 threads: 89541
N° triangles (seq construction) 8 threads: 89541
N° triangles 9 threads: 89541
N° triangles (seq construction) 9 threads: 89541
N° triangles 10 threads: 89541
N° triangles (seq construction) 10 threads: 89541
N° triangles 11 threads: 89541
N° triangles (seq construction) 11 threads: 89541
N° triangles 12 threads: 89541
N° triangles (seq construction) 12 threads: 89541
N° triangles 13 threads: 89541
N° triangles (seq construction) 13 threads: 89541
N° triangles 14 threads: 89541
N° triangles (seq construction) 14 threads: 89541
N° triangles 15 threads: 89541
N° triangles (seq construction) 15 threads: 89541
N° triangles 16 threads: 89541
N° triangles (seq construction) 16 threads: 89541
N° triangles 17 threads: 89541
N° triangles (seq construction) 17 threads: 89541
N° triangles 18 threads: 89541
N° triangles (seq construction) 18 threads: 89541
N° triangles 19 threads: 89541
N° triangles (seq construction) 19 threads: 89541
N° triangles 20 threads: 89541
N° triangles (seq construction) 20 threads: 89541

Iteration 13
N° triangles single core: 89541
N° triangles 2 threads: 89541
N° triangles (seq construction) 2 threads: 89541
N° triangles 3 threads: 89541
N° triangles (seq construction) 3 threads: 89541
N° triangles 4 threads: 89541
N° triangles (seq construction) 4 threads: 89541
N° triangles 5 threads: 89541
N° triangles (seq construction) 5 threads: 89541
N° triangles 6 threads: 89541
N° triangles (seq construction) 6 threads: 89541
N° triangles 7 threads: 89541
N° triangles (seq construction) 7 threads: 89541
N° triangles 8 threads: 89541
N° triangles (seq construction) 8 threads: 89541
N° triangles 9 threads: 89541
N° triangles (seq construction) 9 threads: 89541
N° triangles 10 threads: 89541
N° triangles (seq construction) 10 threads: 89541
N° triangles 11 threads: 89541
N° triangles (seq construction) 11 threads: 89541
N° triangles 12 threads: 89541
N° triangles (seq construction) 12 threads: 89541
N° triangles 13 threads: 89541
N° triangles (seq construction) 13 threads: 89541
N° triangles 14 threads: 89541
N° triangles (seq construction) 14 threads: 89541
N° triangles 15 threads: 89541
N° triangles (seq construction) 15 threads: 89541
N° triangles 16 threads: 89541
N° triangles (seq construction) 16 threads: 89541
N° triangles 17 threads: 89541
N° triangles (seq construction) 17 threads: 89541
N° triangles 18 threads: 89541
N° triangles (seq construction) 18 threads: 89541
N° triangles 19 threads: 89541
N° triangles (seq construction) 19 threads: 89541
N° triangles 20 threads: 89541
N° triangles (seq construction) 20 threads: 89541

Iteration 14
N° triangles single core: 89541
N° triangles 2 threads: 89541
N° triangles (seq construction) 2 threads: 89541
N° triangles 3 threads: 89541
N° triangles (seq construction) 3 threads: 89541
N° triangles 4 threads: 89541
N° triangles (seq construction) 4 threads: 89541
N° triangles 5 threads: 89541
N° triangles (seq construction) 5 threads: 89541
N° triangles 6 threads: 89541
N° triangles (seq construction) 6 threads: 89541
N° triangles 7 threads: 89541
N° triangles (seq construction) 7 threads: 89541
N° triangles 8 threads: 89541
N° triangles (seq construction) 8 threads: 89541
N° triangles 9 threads: 89541
N° triangles (seq construction) 9 threads: 89541
N° triangles 10 threads: 89541
N° triangles (seq construction) 10 threads: 89541
N° triangles 11 threads: 89541
N° triangles (seq construction) 11 threads: 89541
N° triangles 12 threads: 89541
N° triangles (seq construction) 12 threads: 89541
N° triangles 13 threads: 89541
N° triangles (seq construction) 13 threads: 89541
N° triangles 14 threads: 89541
N° triangles (seq construction) 14 threads: 89541
N° triangles 15 threads: 89541
N° triangles (seq construction) 15 threads: 89541
N° triangles 16 threads: 89541
N° triangles (seq construction) 16 threads: 89541
N° triangles 17 threads: 89541
N° triangles (seq construction) 17 threads: 89541
N° triangles 18 threads: 89541
N° triangles (seq construction) 18 threads: 89541
N° triangles 19 threads: 89541
N° triangles (seq construction) 19 threads: 89541
N° triangles 20 threads: 89541
N° triangles (seq construction) 20 threads: 89541

Iteration 15
N° triangles single core: 89541
N° triangles 2 threads: 89541
N° triangles (seq construction) 2 threads: 89541
N° triangles 3 threads: 89541
N° triangles (seq construction) 3 threads: 89541
N° triangles 4 threads: 89541
N° triangles (seq construction) 4 threads: 89541
N° triangles 5 threads: 89541
N° triangles (seq construction) 5 threads: 89541
N° triangles 6 threads: 89541
N° triangles (seq construction) 6 threads: 89541
N° triangles 7 threads: 89541
N° triangles (seq construction) 7 threads: 89541
N° triangles 8 threads: 89541
N° triangles (seq construction) 8 threads: 89541
N° triangles 9 threads: 89541
N° triangles (seq construction) 9 threads: 89541
N° triangles 10 threads: 89541
N° triangles (seq construction) 10 threads: 89541
N° triangles 11 threads: 89541
N° triangles (seq construction) 11 threads: 89541
N° triangles 12 threads: 89541
N° triangles (seq construction) 12 threads: 89541
N° triangles 13 threads: 89541
N° triangles (seq construction) 13 threads: 89541
N° triangles 14 threads: 89541
N° triangles (seq construction) 14 threads: 89541
N° triangles 15 threads: 89541
N° triangles (seq construction) 15 threads: 89541
N° triangles 16 threads: 89541
N° triangles (seq construction) 16 threads: 89541
N° triangles 17 threads: 89541
N° triangles (seq construction) 17 threads: 89541
N° triangles 18 threads: 89541
N° triangles (seq construction) 18 threads: 89541
N° triangles 19 threads: 89541
N° triangles (seq construction) 19 threads: 89541
N° triangles 20 threads: 89541
N° triangles (seq construction) 20 threads: 89541

Iteration 16
N° triangles single core: 89541
N° triangles 2 threads: 89541
N° triangles (seq construction) 2 threads: 89541
N° triangles 3 threads: 89541
N° triangles (seq construction) 3 threads: 89541
N° triangles 4 threads: 89541
N° triangles (seq construction) 4 threads: 89541
N° triangles 5 threads: 89541
N° triangles (seq construction) 5 threads: 89541
N° triangles 6 threads: 89541
N° triangles (seq construction) 6 threads: 89541
N° triangles 7 threads: 89541
N° triangles (seq construction) 7 threads: 89541
N° triangles 8 threads: 89541
N° triangles (seq construction) 8 threads: 89541
N° triangles 9 threads: 89541
N° triangles (seq construction) 9 threads: 89541
N° triangles 10 threads: 89541
N° triangles (seq construction) 10 threads: 89541
N° triangles 11 threads: 89541
N° triangles (seq construction) 11 threads: 89541
N° triangles 12 threads: 89541
N° triangles (seq construction) 12 threads: 89541
N° triangles 13 threads: 89541
N° triangles (seq construction) 13 threads: 89541
N° triangles 14 threads: 89541
N° triangles (seq construction) 14 threads: 89541
N° triangles 15 threads: 89541
N° triangles (seq construction) 15 threads: 89541
N° triangles 16 threads: 89541
N° triangles (seq construction) 16 threads: 89541
N° triangles 17 threads: 89541
N° triangles (seq construction) 17 threads: 89541
N° triangles 18 threads: 89541
N° triangles (seq construction) 18 threads: 89541
N° triangles 19 threads: 89541
N° triangles (seq construction) 19 threads: 89541
N° triangles 20 threads: 89541
N° triangles (seq construction) 20 threads: 89541

Iteration 17
N° triangles single core: 89541
N° triangles 2 threads: 89541
N° triangles (seq construction) 2 threads: 89541
N° triangles 3 threads: 89541
N° triangles (seq construction) 3 threads: 89541
N° triangles 4 threads: 89541
N° triangles (seq construction) 4 threads: 89541
N° triangles 5 threads: 89541
N° triangles (seq construction) 5 threads: 89541
N° triangles 6 threads: 89541
N° triangles (seq construction) 6 threads: 89541
N° triangles 7 threads: 89541
N° triangles (seq construction) 7 threads: 89541
N° triangles 8 threads: 89541
N° triangles (seq construction) 8 threads: 89541
N° triangles 9 threads: 89541
N° triangles (seq construction) 9 threads: 89541
N° triangles 10 threads: 89541
N° triangles (seq construction) 10 threads: 89541
N° triangles 11 threads: 89541
N° triangles (seq construction) 11 threads: 89541
N° triangles 12 threads: 89541
N° triangles (seq construction) 12 threads: 89541
N° triangles 13 threads: 89541
N° triangles (seq construction) 13 threads: 89541
N° triangles 14 threads: 89541
N° triangles (seq construction) 14 threads: 89541
N° triangles 15 threads: 89541
N° triangles (seq construction) 15 threads: 89541
N° triangles 16 threads: 89541
N° triangles (seq construction) 16 threads: 89541
N° triangles 17 threads: 89541
N° triangles (seq construction) 17 threads: 89541
N° triangles 18 threads: 89541
N° triangles (seq construction) 18 threads: 89541
N° triangles 19 threads: 89541
N° triangles (seq construction) 19 threads: 89541
N° triangles 20 threads: 89541
N° triangles (seq construction) 20 threads: 89541

Iteration 18
N° triangles single core: 89541
N° triangles 2 threads: 89541
N° triangles (seq construction) 2 threads: 89541
N° triangles 3 threads: 89541
N° triangles (seq construction) 3 threads: 89541
N° triangles 4 threads: 89541
N° triangles (seq construction) 4 threads: 89541
N° triangles 5 threads: 89541
N° triangles (seq construction) 5 threads: 89541
N° triangles 6 threads: 89541
N° triangles (seq construction) 6 threads: 89541
N° triangles 7 threads: 89541
N° triangles (seq construction) 7 threads: 89541
N° triangles 8 threads: 89541
N° triangles (seq construction) 8 threads: 89541
N° triangles 9 threads: 89541
N° triangles (seq construction) 9 threads: 89541
N° triangles 10 threads: 89541
N° triangles (seq construction) 10 threads: 89541
N° triangles 11 threads: 89541
N° triangles (seq construction) 11 threads: 89541
N° triangles 12 threads: 89541
N° triangles (seq construction) 12 threads: 89541
N° triangles 13 threads: 89541
N° triangles (seq construction) 13 threads: 89541
N° triangles 14 threads: 89541
N° triangles (seq construction) 14 threads: 89541
N° triangles 15 threads: 89541
N° triangles (seq construction) 15 threads: 89541
N° triangles 16 threads: 89541
N° triangles (seq construction) 16 threads: 89541
N° triangles 17 threads: 89541
N° triangles (seq construction) 17 threads: 89541
N° triangles 18 threads: 89541
N° triangles (seq construction) 18 threads: 89541
N° triangles 19 threads: 89541
N° triangles (seq construction) 19 threads: 89541
N° triangles 20 threads: 89541
N° triangles (seq construction) 20 threads: 89541

Iteration 19
N° triangles single core: 89541
N° triangles 2 threads: 89541
N° triangles (seq construction) 2 threads: 89541
N° triangles 3 threads: 89541
N° triangles (seq construction) 3 threads: 89541
N° triangles 4 threads: 89541
N° triangles (seq construction) 4 threads: 89541
N° triangles 5 threads: 89541
N° triangles (seq construction) 5 threads: 89541
N° triangles 6 threads: 89541
N° triangles (seq construction) 6 threads: 89541
N° triangles 7 threads: 89541
N° triangles (seq construction) 7 threads: 89541
N° triangles 8 threads: 89541
N° triangles (seq construction) 8 threads: 89541
N° triangles 9 threads: 89541
N° triangles (seq construction) 9 threads: 89541
N° triangles 10 threads: 89541
N° triangles (seq construction) 10 threads: 89541
N° triangles 11 threads: 89541
N° triangles (seq construction) 11 threads: 89541
N° triangles 12 threads: 89541
N° triangles (seq construction) 12 threads: 89541
N° triangles 13 threads: 89541
N° triangles (seq construction) 13 threads: 89541
N° triangles 14 threads: 89541
N° triangles (seq construction) 14 threads: 89541
N° triangles 15 threads: 89541
N° triangles (seq construction) 15 threads: 89541
N° triangles 16 threads: 89541
N° triangles (seq construction) 16 threads: 89541
N° triangles 17 threads: 89541
N° triangles (seq construction) 17 threads: 89541
N° triangles 18 threads: 89541
N° triangles (seq construction) 18 threads: 89541
N° triangles 19 threads: 89541
N° triangles (seq construction) 19 threads: 89541
N° triangles 20 threads: 89541
N° triangles (seq construction) 20 threads: 89541

Iteration 20
N° triangles single core: 89541
N° triangles 2 threads: 89541
N° triangles (seq construction) 2 threads: 89541
N° triangles 3 threads: 89541
N° triangles (seq construction) 3 threads: 89541
N° triangles 4 threads: 89541
N° triangles (seq construction) 4 threads: 89541
N° triangles 5 threads: 89541
N° triangles (seq construction) 5 threads: 89541
N° triangles 6 threads: 89541
N° triangles (seq construction) 6 threads: 89541
N° triangles 7 threads: 89541
N° triangles (seq construction) 7 threads: 89541
N° triangles 8 threads: 89541
N° triangles (seq construction) 8 threads: 89541
N° triangles 9 threads: 89541
N° triangles (seq construction) 9 threads: 89541
N° triangles 10 threads: 89541
N° triangles (seq construction) 10 threads: 89541
N° triangles 11 threads: 89541
N° triangles (seq construction) 11 threads: 89541
N° triangles 12 threads: 89541
N° triangles (seq construction) 12 threads: 89541
N° triangles 13 threads: 89541
N° triangles (seq construction) 13 threads: 89541
N° triangles 14 threads: 89541
N° triangles (seq construction) 14 threads: 89541
N° triangles 15 threads: 89541
N° triangles (seq construction) 15 threads: 89541
N° triangles 16 threads: 89541
N° triangles (seq construction) 16 threads: 89541
N° triangles 17 threads: 89541
N° triangles (seq construction) 17 threads: 89541
N° triangles 18 threads: 89541
N° triangles (seq construction) 18 threads: 89541
N° triangles 19 threads: 89541
N° triangles (seq construction) 19 threads: 89541
N° triangles 20 threads: 89541
N° triangles (seq construction) 20 threads: 89541

Iteration 21
N° triangles single core: 89541
N° triangles 2 threads: 89541
N° triangles (seq construction) 2 threads: 89541
N° triangles 3 threads: 89541
N° triangles (seq construction) 3 threads: 89541
N° triangles 4 threads: 89541
N° triangles (seq construction) 4 threads: 89541
N° triangles 5 threads: 89541
N° triangles (seq construction) 5 threads: 89541
N° triangles 6 threads: 89541
N° triangles (seq construction) 6 threads: 89541
N° triangles 7 threads: 89541
N° triangles (seq construction) 7 threads: 89541
N° triangles 8 threads: 89541
N° triangles (seq construction) 8 threads: 89541
N° triangles 9 threads: 89541
N° triangles (seq construction) 9 threads: 89541
N° triangles 10 threads: 89541
N° triangles (seq construction) 10 threads: 89541
N° triangles 11 threads: 89541
N° triangles (seq construction) 11 threads: 89541
N° triangles 12 threads: 89541
N° triangles (seq construction) 12 threads: 89541
N° triangles 13 threads: 89541
N° triangles (seq construction) 13 threads: 89541
N° triangles 14 threads: 89541
N° triangles (seq construction) 14 threads: 89541
N° triangles 15 threads: 89541
N° triangles (seq construction) 15 threads: 89541
N° triangles 16 threads: 89541
N° triangles (seq construction) 16 threads: 89541
N° triangles 17 threads: 89541
N° triangles (seq construction) 17 threads: 89541
N° triangles 18 threads: 89541
N° triangles (seq construction) 18 threads: 89541
N° triangles 19 threads: 89541
N° triangles (seq construction) 19 threads: 89541
N° triangles 20 threads: 89541
N° triangles (seq construction) 20 threads: 89541

Iteration 22
N° triangles single core: 89541
N° triangles 2 threads: 89541
N° triangles (seq construction) 2 threads: 89541
N° triangles 3 threads: 89541
N° triangles (seq construction) 3 threads: 89541
N° triangles 4 threads: 89541
N° triangles (seq construction) 4 threads: 89541
N° triangles 5 threads: 89541
N° triangles (seq construction) 5 threads: 89541
N° triangles 6 threads: 89541
N° triangles (seq construction) 6 threads: 89541
N° triangles 7 threads: 89541
N° triangles (seq construction) 7 threads: 89541
N° triangles 8 threads: 89541
N° triangles (seq construction) 8 threads: 89541
N° triangles 9 threads: 89541
N° triangles (seq construction) 9 threads: 89541
N° triangles 10 threads: 89541
N° triangles (seq construction) 10 threads: 89541
N° triangles 11 threads: 89541
N° triangles (seq construction) 11 threads: 89541
N° triangles 12 threads: 89541
N° triangles (seq construction) 12 threads: 89541
N° triangles 13 threads: 89541
N° triangles (seq construction) 13 threads: 89541
N° triangles 14 threads: 89541
N° triangles (seq construction) 14 threads: 89541
N° triangles 15 threads: 89541
N° triangles (seq construction) 15 threads: 89541
N° triangles 16 threads: 89541
N° triangles (seq construction) 16 threads: 89541
N° triangles 17 threads: 89541
N° triangles (seq construction) 17 threads: 89541
N° triangles 18 threads: 89541
N° triangles (seq construction) 18 threads: 89541
N° triangles 19 threads: 89541
N° triangles (seq construction) 19 threads: 89541
N° triangles 20 threads: 89541
N° triangles (seq construction) 20 threads: 89541

Iteration 23
N° triangles single core: 89541
N° triangles 2 threads: 89541
N° triangles (seq construction) 2 threads: 89541
N° triangles 3 threads: 89541
N° triangles (seq construction) 3 threads: 89541
N° triangles 4 threads: 89541
N° triangles (seq construction) 4 threads: 89541
N° triangles 5 threads: 89541
N° triangles (seq construction) 5 threads: 89541
N° triangles 6 threads: 89541
N° triangles (seq construction) 6 threads: 89541
N° triangles 7 threads: 89541
N° triangles (seq construction) 7 threads: 89541
N° triangles 8 threads: 89541
N° triangles (seq construction) 8 threads: 89541
N° triangles 9 threads: 89541
N° triangles (seq construction) 9 threads: 89541
N° triangles 10 threads: 89541
N° triangles (seq construction) 10 threads: 89541
N° triangles 11 threads: 89541
N° triangles (seq construction) 11 threads: 89541
N° triangles 12 threads: 89541
N° triangles (seq construction) 12 threads: 89541
N° triangles 13 threads: 89541
N° triangles (seq construction) 13 threads: 89541
N° triangles 14 threads: 89541
N° triangles (seq construction) 14 threads: 89541
N° triangles 15 threads: 89541
N° triangles (seq construction) 15 threads: 89541
N° triangles 16 threads: 89541
N° triangles (seq construction) 16 threads: 89541
N° triangles 17 threads: 89541
N° triangles (seq construction) 17 threads: 89541
N° triangles 18 threads: 89541
N° triangles (seq construction) 18 threads: 89541
N° triangles 19 threads: 89541
N° triangles (seq construction) 19 threads: 89541
N° triangles 20 threads: 89541
N° triangles (seq construction) 20 threads: 89541

Iteration 24
N° triangles single core: 89541
N° triangles 2 threads: 89541
N° triangles (seq construction) 2 threads: 89541
N° triangles 3 threads: 89541
N° triangles (seq construction) 3 threads: 89541
N° triangles 4 threads: 89541
N° triangles (seq construction) 4 threads: 89541
N° triangles 5 threads: 89541
N° triangles (seq construction) 5 threads: 89541
N° triangles 6 threads: 89541
N° triangles (seq construction) 6 threads: 89541
N° triangles 7 threads: 89541
N° triangles (seq construction) 7 threads: 89541
N° triangles 8 threads: 89541
N° triangles (seq construction) 8 threads: 89541
N° triangles 9 threads: 89541
N° triangles (seq construction) 9 threads: 89541
N° triangles 10 threads: 89541
N° triangles (seq construction) 10 threads: 89541
N° triangles 11 threads: 89541
N° triangles (seq construction) 11 threads: 89541
N° triangles 12 threads: 89541
N° triangles (seq construction) 12 threads: 89541
N° triangles 13 threads: 89541
N° triangles (seq construction) 13 threads: 89541
N° triangles 14 threads: 89541
N° triangles (seq construction) 14 threads: 89541
N° triangles 15 threads: 89541
N° triangles (seq construction) 15 threads: 89541
N° triangles 16 threads: 89541
N° triangles (seq construction) 16 threads: 89541
N° triangles 17 threads: 89541
N° triangles (seq construction) 17 threads: 89541
N° triangles 18 threads: 89541
N° triangles (seq construction) 18 threads: 89541
N° triangles 19 threads: 89541
N° triangles (seq construction) 19 threads: 89541
N° triangles 20 threads: 89541
N° triangles (seq construction) 20 threads: 89541

Iteration 25
N° triangles single core: 89541
N° triangles 2 threads: 89541
N° triangles (seq construction) 2 threads: 89541
N° triangles 3 threads: 89541
N° triangles (seq construction) 3 threads: 89541
N° triangles 4 threads: 89541
N° triangles (seq construction) 4 threads: 89541
N° triangles 5 threads: 89541
N° triangles (seq construction) 5 threads: 89541
N° triangles 6 threads: 89541
N° triangles (seq construction) 6 threads: 89541
N° triangles 7 threads: 89541
N° triangles (seq construction) 7 threads: 89541
N° triangles 8 threads: 89541
N° triangles (seq construction) 8 threads: 89541
N° triangles 9 threads: 89541
N° triangles (seq construction) 9 threads: 89541
N° triangles 10 threads: 89541
N° triangles (seq construction) 10 threads: 89541
N° triangles 11 threads: 89541
N° triangles (seq construction) 11 threads: 89541
N° triangles 12 threads: 89541
N° triangles (seq construction) 12 threads: 89541
N° triangles 13 threads: 89541
N° triangles (seq construction) 13 threads: 89541
N° triangles 14 threads: 89541
N° triangles (seq construction) 14 threads: 89541
N° triangles 15 threads: 89541
N° triangles (seq construction) 15 threads: 89541
N° triangles 16 threads: 89541
N° triangles (seq construction) 16 threads: 89541
N° triangles 17 threads: 89541
N° triangles (seq construction) 17 threads: 89541
N° triangles 18 threads: 89541
N° triangles (seq construction) 18 threads: 89541
N° triangles 19 threads: 89541
N° triangles (seq construction) 19 threads: 89541
N° triangles 20 threads: 89541
N° triangles (seq construction) 20 threads: 89541

Iteration 26
N° triangles single core: 89541
N° triangles 2 threads: 89541
N° triangles (seq construction) 2 threads: 89541
N° triangles 3 threads: 89541
N° triangles (seq construction) 3 threads: 89541
N° triangles 4 threads: 89541
N° triangles (seq construction) 4 threads: 89541
N° triangles 5 threads: 89541
N° triangles (seq construction) 5 threads: 89541
N° triangles 6 threads: 89541
N° triangles (seq construction) 6 threads: 89541
N° triangles 7 threads: 89541
N° triangles (seq construction) 7 threads: 89541
N° triangles 8 threads: 89541
N° triangles (seq construction) 8 threads: 89541
N° triangles 9 threads: 89541
N° triangles (seq construction) 9 threads: 89541
N° triangles 10 threads: 89541
N° triangles (seq construction) 10 threads: 89541
N° triangles 11 threads: 89541
N° triangles (seq construction) 11 threads: 89541
N° triangles 12 threads: 89541
N° triangles (seq construction) 12 threads: 89541
N° triangles 13 threads: 89541
N° triangles (seq construction) 13 threads: 89541
N° triangles 14 threads: 89541
N° triangles (seq construction) 14 threads: 89541
N° triangles 15 threads: 89541
N° triangles (seq construction) 15 threads: 89541
N° triangles 16 threads: 89541
N° triangles (seq construction) 16 threads: 89541
N° triangles 17 threads: 89541
N° triangles (seq construction) 17 threads: 89541
N° triangles 18 threads: 89541
N° triangles (seq construction) 18 threads: 89541
N° triangles 19 threads: 89541
N° triangles (seq construction) 19 threads: 89541
N° triangles 20 threads: 89541
N° triangles (seq construction) 20 threads: 89541

Iteration 27
N° triangles single core: 89541
N° triangles 2 threads: 89541
N° triangles (seq construction) 2 threads: 89541
N° triangles 3 threads: 89541
N° triangles (seq construction) 3 threads: 89541
N° triangles 4 threads: 89541
N° triangles (seq construction) 4 threads: 89541
N° triangles 5 threads: 89541
N° triangles (seq construction) 5 threads: 89541
N° triangles 6 threads: 89541
N° triangles (seq construction) 6 threads: 89541
N° triangles 7 threads: 89541
N° triangles (seq construction) 7 threads: 89541
N° triangles 8 threads: 89541
N° triangles (seq construction) 8 threads: 89541
N° triangles 9 threads: 89541
N° triangles (seq construction) 9 threads: 89541
N° triangles 10 threads: 89541
N° triangles (seq construction) 10 threads: 89541
N° triangles 11 threads: 89541
N° triangles (seq construction) 11 threads: 89541
N° triangles 12 threads: 89541
N° triangles (seq construction) 12 threads: 89541
N° triangles 13 threads: 89541
N° triangles (seq construction) 13 threads: 89541
N° triangles 14 threads: 89541
N° triangles (seq construction) 14 threads: 89541
N° triangles 15 threads: 89541
N° triangles (seq construction) 15 threads: 89541
N° triangles 16 threads: 89541
N° triangles (seq construction) 16 threads: 89541
N° triangles 17 threads: 89541
N° triangles (seq construction) 17 threads: 89541
N° triangles 18 threads: 89541
N° triangles (seq construction) 18 threads: 89541
N° triangles 19 threads: 89541
N° triangles (seq construction) 19 threads: 89541
N° triangles 20 threads: 89541
N° triangles (seq construction) 20 threads: 89541

Iteration 28
N° triangles single core: 89541
N° triangles 2 threads: 89541
N° triangles (seq construction) 2 threads: 89541
N° triangles 3 threads: 89541
N° triangles (seq construction) 3 threads: 89541
N° triangles 4 threads: 89541
N° triangles (seq construction) 4 threads: 89541
N° triangles 5 threads: 89541
N° triangles (seq construction) 5 threads: 89541
N° triangles 6 threads: 89541
N° triangles (seq construction) 6 threads: 89541
N° triangles 7 threads: 89541
N° triangles (seq construction) 7 threads: 89541
N° triangles 8 threads: 89541
N° triangles (seq construction) 8 threads: 89541
N° triangles 9 threads: 89541
N° triangles (seq construction) 9 threads: 89541
N° triangles 10 threads: 89541
N° triangles (seq construction) 10 threads: 89541
N° triangles 11 threads: 89541
N° triangles (seq construction) 11 threads: 89541
N° triangles 12 threads: 89541
N° triangles (seq construction) 12 threads: 89541
N° triangles 13 threads: 89541
N° triangles (seq construction) 13 threads: 89541
N° triangles 14 threads: 89541
N° triangles (seq construction) 14 threads: 89541
N° triangles 15 threads: 89541
N° triangles (seq construction) 15 threads: 89541
N° triangles 16 threads: 89541
N° triangles (seq construction) 16 threads: 89541
N° triangles 17 threads: 89541
N° triangles (seq construction) 17 threads: 89541
N° triangles 18 threads: 89541
N° triangles (seq construction) 18 threads: 89541
N° triangles 19 threads: 89541
N° triangles (seq construction) 19 threads: 89541
N° triangles 20 threads: 89541
N° triangles (seq construction) 20 threads: 89541

Iteration 29
N° triangles single core: 89541
N° triangles 2 threads: 89541
N° triangles (seq construction) 2 threads: 89541
N° triangles 3 threads: 89541
N° triangles (seq construction) 3 threads: 89541
N° triangles 4 threads: 89541
N° triangles (seq construction) 4 threads: 89541
N° triangles 5 threads: 89541
N° triangles (seq construction) 5 threads: 89541
N° triangles 6 threads: 89541
N° triangles (seq construction) 6 threads: 89541
N° triangles 7 threads: 89541
N° triangles (seq construction) 7 threads: 89541
N° triangles 8 threads: 89541
N° triangles (seq construction) 8 threads: 89541
N° triangles 9 threads: 89541
N° triangles (seq construction) 9 threads: 89541
N° triangles 10 threads: 89541
N° triangles (seq construction) 10 threads: 89541
N° triangles 11 threads: 89541
N° triangles (seq construction) 11 threads: 89541
N° triangles 12 threads: 89541
N° triangles (seq construction) 12 threads: 89541
N° triangles 13 threads: 89541
N° triangles (seq construction) 13 threads: 89541
N° triangles 14 threads: 89541
N° triangles (seq construction) 14 threads: 89541
N° triangles 15 threads: 89541
N° triangles (seq construction) 15 threads: 89541
N° triangles 16 threads: 89541
N° triangles (seq construction) 16 threads: 89541
N° triangles 17 threads: 89541
N° triangles (seq construction) 17 threads: 89541
N° triangles 18 threads: 89541
N° triangles (seq construction) 18 threads: 89541
N° triangles 19 threads: 89541
N° triangles (seq construction) 19 threads: 89541
N° triangles 20 threads: 89541
N° triangles (seq construction) 20 threads: 89541

Iteration 30
N° triangles single core: 89541
N° triangles 2 threads: 89541
N° triangles (seq construction) 2 threads: 89541
N° triangles 3 threads: 89541
N° triangles (seq construction) 3 threads: 89541
N° triangles 4 threads: 89541
N° triangles (seq construction) 4 threads: 89541
N° triangles 5 threads: 89541
N° triangles (seq construction) 5 threads: 89541
N° triangles 6 threads: 89541
N° triangles (seq construction) 6 threads: 89541
N° triangles 7 threads: 89541
N° triangles (seq construction) 7 threads: 89541
N° triangles 8 threads: 89541
N° triangles (seq construction) 8 threads: 89541
N° triangles 9 threads: 89541
N° triangles (seq construction) 9 threads: 89541
N° triangles 10 threads: 89541
N° triangles (seq construction) 10 threads: 89541
N° triangles 11 threads: 89541
N° triangles (seq construction) 11 threads: 89541
N° triangles 12 threads: 89541
N° triangles (seq construction) 12 threads: 89541
N° triangles 13 threads: 89541
N° triangles (seq construction) 13 threads: 89541
N° triangles 14 threads: 89541
N° triangles (seq construction) 14 threads: 89541
N° triangles 15 threads: 89541
N° triangles (seq construction) 15 threads: 89541
N° triangles 16 threads: 89541
N° triangles (seq construction) 16 threads: 89541
N° triangles 17 threads: 89541
N° triangles (seq construction) 17 threads: 89541
N° triangles 18 threads: 89541
N° triangles (seq construction) 18 threads: 89541
N° triangles 19 threads: 89541
N° triangles (seq construction) 19 threads: 89541
N° triangles 20 threads: 89541
N° triangles (seq construction) 20 threads: 89541

Iteration 31
N° triangles single core: 89541
N° triangles 2 threads: 89541
N° triangles (seq construction) 2 threads: 89541
N° triangles 3 threads: 89541
N° triangles (seq construction) 3 threads: 89541
N° triangles 4 threads: 89541
N° triangles (seq construction) 4 threads: 89541
N° triangles 5 threads: 89541
N° triangles (seq construction) 5 threads: 89541
N° triangles 6 threads: 89541
N° triangles (seq construction) 6 threads: 89541
N° triangles 7 threads: 89541
N° triangles (seq construction) 7 threads: 89541
N° triangles 8 threads: 89541
N° triangles (seq construction) 8 threads: 89541
N° triangles 9 threads: 89541
N° triangles (seq construction) 9 threads: 89541
N° triangles 10 threads: 89541
N° triangles (seq construction) 10 threads: 89541
N° triangles 11 threads: 89541
N° triangles (seq construction) 11 threads: 89541
N° triangles 12 threads: 89541
N° triangles (seq construction) 12 threads: 89541
N° triangles 13 threads: 89541
N° triangles (seq construction) 13 threads: 89541
N° triangles 14 threads: 89541
N° triangles (seq construction) 14 threads: 89541
N° triangles 15 threads: 89541
N° triangles (seq construction) 15 threads: 89541
N° triangles 16 threads: 89541
N° triangles (seq construction) 16 threads: 89541
N° triangles 17 threads: 89541
N° triangles (seq construction) 17 threads: 89541
N° triangles 18 threads: 89541
N° triangles (seq construction) 18 threads: 89541
N° triangles 19 threads: 89541
N° triangles (seq construction) 19 threads: 89541
N° triangles 20 threads: 89541
N° triangles (seq construction) 20 threads: 89541

Iteration 32
N° triangles single core: 89541
N° triangles 2 threads: 89541
N° triangles (seq construction) 2 threads: 89541
N° triangles 3 threads: 89541
N° triangles (seq construction) 3 threads: 89541
N° triangles 4 threads: 89541
N° triangles (seq construction) 4 threads: 89541
N° triangles 5 threads: 89541
N° triangles (seq construction) 5 threads: 89541
N° triangles 6 threads: 89541
N° triangles (seq construction) 6 threads: 89541
N° triangles 7 threads: 89541
N° triangles (seq construction) 7 threads: 89541
N° triangles 8 threads: 89541
N° triangles (seq construction) 8 threads: 89541
N° triangles 9 threads: 89541
N° triangles (seq construction) 9 threads: 89541
N° triangles 10 threads: 89541
N° triangles (seq construction) 10 threads: 89541
N° triangles 11 threads: 89541
N° triangles (seq construction) 11 threads: 89541
N° triangles 12 threads: 89541
N° triangles (seq construction) 12 threads: 89541
N° triangles 13 threads: 89541
N° triangles (seq construction) 13 threads: 89541
N° triangles 14 threads: 89541
N° triangles (seq construction) 14 threads: 89541
N° triangles 15 threads: 89541
N° triangles (seq construction) 15 threads: 89541
N° triangles 16 threads: 89541
N° triangles (seq construction) 16 threads: 89541
N° triangles 17 threads: 89541
N° triangles (seq construction) 17 threads: 89541
N° triangles 18 threads: 89541
N° triangles (seq construction) 18 threads: 89541
N° triangles 19 threads: 89541
N° triangles (seq construction) 19 threads: 89541
N° triangles 20 threads: 89541
N° triangles (seq construction) 20 threads: 89541

Iteration 33
N° triangles single core: 89541
N° triangles 2 threads: 89541
N° triangles (seq construction) 2 threads: 89541
N° triangles 3 threads: 89541
N° triangles (seq construction) 3 threads: 89541
N° triangles 4 threads: 89541
N° triangles (seq construction) 4 threads: 89541
N° triangles 5 threads: 89541
N° triangles (seq construction) 5 threads: 89541
N° triangles 6 threads: 89541
N° triangles (seq construction) 6 threads: 89541
N° triangles 7 threads: 89541
N° triangles (seq construction) 7 threads: 89541
N° triangles 8 threads: 89541
N° triangles (seq construction) 8 threads: 89541
N° triangles 9 threads: 89541
N° triangles (seq construction) 9 threads: 89541
N° triangles 10 threads: 89541
N° triangles (seq construction) 10 threads: 89541
N° triangles 11 threads: 89541
N° triangles (seq construction) 11 threads: 89541
N° triangles 12 threads: 89541
N° triangles (seq construction) 12 threads: 89541
N° triangles 13 threads: 89541
N° triangles (seq construction) 13 threads: 89541
N° triangles 14 threads: 89541
N° triangles (seq construction) 14 threads: 89541
N° triangles 15 threads: 89541
N° triangles (seq construction) 15 threads: 89541
N° triangles 16 threads: 89541
N° triangles (seq construction) 16 threads: 89541
N° triangles 17 threads: 89541
N° triangles (seq construction) 17 threads: 89541
N° triangles 18 threads: 89541
N° triangles (seq construction) 18 threads: 89541
N° triangles 19 threads: 89541
N° triangles (seq construction) 19 threads: 89541
N° triangles 20 threads: 89541
N° triangles (seq construction) 20 threads: 89541

Iteration 34
N° triangles single core: 89541
N° triangles 2 threads: 89541
N° triangles (seq construction) 2 threads: 89541
N° triangles 3 threads: 89541
N° triangles (seq construction) 3 threads: 89541
N° triangles 4 threads: 89541
N° triangles (seq construction) 4 threads: 89541
N° triangles 5 threads: 89541
N° triangles (seq construction) 5 threads: 89541
N° triangles 6 threads: 89541
N° triangles (seq construction) 6 threads: 89541
N° triangles 7 threads: 89541
N° triangles (seq construction) 7 threads: 89541
N° triangles 8 threads: 89541
N° triangles (seq construction) 8 threads: 89541
N° triangles 9 threads: 89541
N° triangles (seq construction) 9 threads: 89541
N° triangles 10 threads: 89541
N° triangles (seq construction) 10 threads: 89541
N° triangles 11 threads: 89541
N° triangles (seq construction) 11 threads: 89541
N° triangles 12 threads: 89541
N° triangles (seq construction) 12 threads: 89541
N° triangles 13 threads: 89541
N° triangles (seq construction) 13 threads: 89541
N° triangles 14 threads: 89541
N° triangles (seq construction) 14 threads: 89541
N° triangles 15 threads: 89541
N° triangles (seq construction) 15 threads: 89541
N° triangles 16 threads: 89541
N° triangles (seq construction) 16 threads: 89541
N° triangles 17 threads: 89541
N° triangles (seq construction) 17 threads: 89541
N° triangles 18 threads: 89541
N° triangles (seq construction) 18 threads: 89541
N° triangles 19 threads: 89541
N° triangles (seq construction) 19 threads: 89541
N° triangles 20 threads: 89541
N° triangles (seq construction) 20 threads: 89541

Iteration 35
N° triangles single core: 89541
N° triangles 2 threads: 89541
N° triangles (seq construction) 2 threads: 89541
N° triangles 3 threads: 89541
N° triangles (seq construction) 3 threads: 89541
N° triangles 4 threads: 89541
N° triangles (seq construction) 4 threads: 89541
N° triangles 5 threads: 89541
N° triangles (seq construction) 5 threads: 89541
N° triangles 6 threads: 89541
N° triangles (seq construction) 6 threads: 89541
N° triangles 7 threads: 89541
N° triangles (seq construction) 7 threads: 89541
N° triangles 8 threads: 89541
N° triangles (seq construction) 8 threads: 89541
N° triangles 9 threads: 89541
N° triangles (seq construction) 9 threads: 89541
N° triangles 10 threads: 89541
N° triangles (seq construction) 10 threads: 89541
N° triangles 11 threads: 89541
N° triangles (seq construction) 11 threads: 89541
N° triangles 12 threads: 89541
N° triangles (seq construction) 12 threads: 89541
N° triangles 13 threads: 89541
N° triangles (seq construction) 13 threads: 89541
N° triangles 14 threads: 89541
N° triangles (seq construction) 14 threads: 89541
N° triangles 15 threads: 89541
N° triangles (seq construction) 15 threads: 89541
N° triangles 16 threads: 89541
N° triangles (seq construction) 16 threads: 89541
N° triangles 17 threads: 89541
N° triangles (seq construction) 17 threads: 89541
N° triangles 18 threads: 89541
N° triangles (seq construction) 18 threads: 89541
N° triangles 19 threads: 89541
N° triangles (seq construction) 19 threads: 89541
N° triangles 20 threads: 89541
N° triangles (seq construction) 20 threads: 89541

Iteration 36
N° triangles single core: 89541
N° triangles 2 threads: 89541
N° triangles (seq construction) 2 threads: 89541
N° triangles 3 threads: 89541
N° triangles (seq construction) 3 threads: 89541
N° triangles 4 threads: 89541
N° triangles (seq construction) 4 threads: 89541
N° triangles 5 threads: 89541
N° triangles (seq construction) 5 threads: 89541
N° triangles 6 threads: 89541
N° triangles (seq construction) 6 threads: 89541
N° triangles 7 threads: 89541
N° triangles (seq construction) 7 threads: 89541
N° triangles 8 threads: 89541
N° triangles (seq construction) 8 threads: 89541
N° triangles 9 threads: 89541
N° triangles (seq construction) 9 threads: 89541
N° triangles 10 threads: 89541
N° triangles (seq construction) 10 threads: 89541
N° triangles 11 threads: 89541
N° triangles (seq construction) 11 threads: 89541
N° triangles 12 threads: 89541
N° triangles (seq construction) 12 threads: 89541
N° triangles 13 threads: 89541
N° triangles (seq construction) 13 threads: 89541
N° triangles 14 threads: 89541
N° triangles (seq construction) 14 threads: 89541
N° triangles 15 threads: 89541
N° triangles (seq construction) 15 threads: 89541
N° triangles 16 threads: 89541
N° triangles (seq construction) 16 threads: 89541
N° triangles 17 threads: 89541
N° triangles (seq construction) 17 threads: 89541
N° triangles 18 threads: 89541
N° triangles (seq construction) 18 threads: 89541
N° triangles 19 threads: 89541
N° triangles (seq construction) 19 threads: 89541
N° triangles 20 threads: 89541
N° triangles (seq construction) 20 threads: 89541

Iteration 37
N° triangles single core: 89541
N° triangles 2 threads: 89541
N° triangles (seq construction) 2 threads: 89541
N° triangles 3 threads: 89541
N° triangles (seq construction) 3 threads: 89541
N° triangles 4 threads: 89541
N° triangles (seq construction) 4 threads: 89541
N° triangles 5 threads: 89541
N° triangles (seq construction) 5 threads: 89541
N° triangles 6 threads: 89541
N° triangles (seq construction) 6 threads: 89541
N° triangles 7 threads: 89541
N° triangles (seq construction) 7 threads: 89541
N° triangles 8 threads: 89541
N° triangles (seq construction) 8 threads: 89541
N° triangles 9 threads: 89541
N° triangles (seq construction) 9 threads: 89541
N° triangles 10 threads: 89541
N° triangles (seq construction) 10 threads: 89541
N° triangles 11 threads: 89541
N° triangles (seq construction) 11 threads: 89541
N° triangles 12 threads: 89541
N° triangles (seq construction) 12 threads: 89541
N° triangles 13 threads: 89541
N° triangles (seq construction) 13 threads: 89541
N° triangles 14 threads: 89541
N° triangles (seq construction) 14 threads: 89541
N° triangles 15 threads: 89541
N° triangles (seq construction) 15 threads: 89541
N° triangles 16 threads: 89541
N° triangles (seq construction) 16 threads: 89541
N° triangles 17 threads: 89541
N° triangles (seq construction) 17 threads: 89541
N° triangles 18 threads: 89541
N° triangles (seq construction) 18 threads: 89541
N° triangles 19 threads: 89541
N° triangles (seq construction) 19 threads: 89541
N° triangles 20 threads: 89541
N° triangles (seq construction) 20 threads: 89541

Iteration 38
N° triangles single core: 89541
N° triangles 2 threads: 89541
N° triangles (seq construction) 2 threads: 89541
N° triangles 3 threads: 89541
N° triangles (seq construction) 3 threads: 89541
N° triangles 4 threads: 89541
N° triangles (seq construction) 4 threads: 89541
N° triangles 5 threads: 89541
N° triangles (seq construction) 5 threads: 89541
N° triangles 6 threads: 89541
N° triangles (seq construction) 6 threads: 89541
N° triangles 7 threads: 89541
N° triangles (seq construction) 7 threads: 89541
N° triangles 8 threads: 89541
N° triangles (seq construction) 8 threads: 89541
N° triangles 9 threads: 89541
N° triangles (seq construction) 9 threads: 89541
N° triangles 10 threads: 89541
N° triangles (seq construction) 10 threads: 89541
N° triangles 11 threads: 89541
N° triangles (seq construction) 11 threads: 89541
N° triangles 12 threads: 89541
N° triangles (seq construction) 12 threads: 89541
N° triangles 13 threads: 89541
N° triangles (seq construction) 13 threads: 89541
N° triangles 14 threads: 89541
N° triangles (seq construction) 14 threads: 89541
N° triangles 15 threads: 89541
N° triangles (seq construction) 15 threads: 89541
N° triangles 16 threads: 89541
N° triangles (seq construction) 16 threads: 89541
N° triangles 17 threads: 89541
N° triangles (seq construction) 17 threads: 89541
N° triangles 18 threads: 89541
N° triangles (seq construction) 18 threads: 89541
N° triangles 19 threads: 89541
N° triangles (seq construction) 19 threads: 89541
N° triangles 20 threads: 89541
N° triangles (seq construction) 20 threads: 89541

Iteration 39
N° triangles single core: 89541
N° triangles 2 threads: 89541
N° triangles (seq construction) 2 threads: 89541
N° triangles 3 threads: 89541
N° triangles (seq construction) 3 threads: 89541
N° triangles 4 threads: 89541
N° triangles (seq construction) 4 threads: 89541
N° triangles 5 threads: 89541
N° triangles (seq construction) 5 threads: 89541
N° triangles 6 threads: 89541
N° triangles (seq construction) 6 threads: 89541
N° triangles 7 threads: 89541
N° triangles (seq construction) 7 threads: 89541
N° triangles 8 threads: 89541
N° triangles (seq construction) 8 threads: 89541
N° triangles 9 threads: 89541
N° triangles (seq construction) 9 threads: 89541
N° triangles 10 threads: 89541
N° triangles (seq construction) 10 threads: 89541
N° triangles 11 threads: 89541
N° triangles (seq construction) 11 threads: 89541
N° triangles 12 threads: 89541
N° triangles (seq construction) 12 threads: 89541
N° triangles 13 threads: 89541
N° triangles (seq construction) 13 threads: 89541
N° triangles 14 threads: 89541
N° triangles (seq construction) 14 threads: 89541
N° triangles 15 threads: 89541
N° triangles (seq construction) 15 threads: 89541
N° triangles 16 threads: 89541
N° triangles (seq construction) 16 threads: 89541
N° triangles 17 threads: 89541
N° triangles (seq construction) 17 threads: 89541
N° triangles 18 threads: 89541
N° triangles (seq construction) 18 threads: 89541
N° triangles 19 threads: 89541
N° triangles (seq construction) 19 threads: 89541
N° triangles 20 threads: 89541
N° triangles (seq construction) 20 threads: 89541

Iteration 40
N° triangles single core: 89541
N° triangles 2 threads: 89541
N° triangles (seq construction) 2 threads: 89541
N° triangles 3 threads: 89541
N° triangles (seq construction) 3 threads: 89541
N° triangles 4 threads: 89541
N° triangles (seq construction) 4 threads: 89541
N° triangles 5 threads: 89541
N° triangles (seq construction) 5 threads: 89541
N° triangles 6 threads: 89541
N° triangles (seq construction) 6 threads: 89541
N° triangles 7 threads: 89541
N° triangles (seq construction) 7 threads: 89541
N° triangles 8 threads: 89541
N° triangles (seq construction) 8 threads: 89541
N° triangles 9 threads: 89541
N° triangles (seq construction) 9 threads: 89541
N° triangles 10 threads: 89541
N° triangles (seq construction) 10 threads: 89541
N° triangles 11 threads: 89541
N° triangles (seq construction) 11 threads: 89541
N° triangles 12 threads: 89541
N° triangles (seq construction) 12 threads: 89541
N° triangles 13 threads: 89541
N° triangles (seq construction) 13 threads: 89541
N° triangles 14 threads: 89541
N° triangles (seq construction) 14 threads: 89541
N° triangles 15 threads: 89541
N° triangles (seq construction) 15 threads: 89541
N° triangles 16 threads: 89541
N° triangles (seq construction) 16 threads: 89541
N° triangles 17 threads: 89541
N° triangles (seq construction) 17 threads: 89541
N° triangles 18 threads: 89541
N° triangles (seq construction) 18 threads: 89541
N° triangles 19 threads: 89541
N° triangles (seq construction) 19 threads: 89541
N° triangles 20 threads: 89541
N° triangles (seq construction) 20 threads: 89541

Iteration 41
N° triangles single core: 89541
N° triangles 2 threads: 89541
N° triangles (seq construction) 2 threads: 89541
N° triangles 3 threads: 89541
N° triangles (seq construction) 3 threads: 89541
N° triangles 4 threads: 89541
N° triangles (seq construction) 4 threads: 89541
N° triangles 5 threads: 89541
N° triangles (seq construction) 5 threads: 89541
N° triangles 6 threads: 89541
N° triangles (seq construction) 6 threads: 89541
N° triangles 7 threads: 89541
N° triangles (seq construction) 7 threads: 89541
N° triangles 8 threads: 89541
N° triangles (seq construction) 8 threads: 89541
N° triangles 9 threads: 89541
N° triangles (seq construction) 9 threads: 89541
N° triangles 10 threads: 89541
N° triangles (seq construction) 10 threads: 89541
N° triangles 11 threads: 89541
N° triangles (seq construction) 11 threads: 89541
N° triangles 12 threads: 89541
N° triangles (seq construction) 12 threads: 89541
N° triangles 13 threads: 89541
N° triangles (seq construction) 13 threads: 89541
N° triangles 14 threads: 89541
N° triangles (seq construction) 14 threads: 89541
N° triangles 15 threads: 89541
N° triangles (seq construction) 15 threads: 89541
N° triangles 16 threads: 89541
N° triangles (seq construction) 16 threads: 89541
N° triangles 17 threads: 89541
N° triangles (seq construction) 17 threads: 89541
N° triangles 18 threads: 89541
N° triangles (seq construction) 18 threads: 89541
N° triangles 19 threads: 89541
N° triangles (seq construction) 19 threads: 89541
N° triangles 20 threads: 89541
N° triangles (seq construction) 20 threads: 89541

Iteration 42
N° triangles single core: 89541
N° triangles 2 threads: 89541
N° triangles (seq construction) 2 threads: 89541
N° triangles 3 threads: 89541
N° triangles (seq construction) 3 threads: 89541
N° triangles 4 threads: 89541
N° triangles (seq construction) 4 threads: 89541
N° triangles 5 threads: 89541
N° triangles (seq construction) 5 threads: 89541
N° triangles 6 threads: 89541
N° triangles (seq construction) 6 threads: 89541
N° triangles 7 threads: 89541
N° triangles (seq construction) 7 threads: 89541
N° triangles 8 threads: 89541
N° triangles (seq construction) 8 threads: 89541
N° triangles 9 threads: 89541
N° triangles (seq construction) 9 threads: 89541
N° triangles 10 threads: 89541
N° triangles (seq construction) 10 threads: 89541
N° triangles 11 threads: 89541
N° triangles (seq construction) 11 threads: 89541
N° triangles 12 threads: 89541
N° triangles (seq construction) 12 threads: 89541
N° triangles 13 threads: 89541
N° triangles (seq construction) 13 threads: 89541
N° triangles 14 threads: 89541
N° triangles (seq construction) 14 threads: 89541
N° triangles 15 threads: 89541
N° triangles (seq construction) 15 threads: 89541
N° triangles 16 threads: 89541
N° triangles (seq construction) 16 threads: 89541
N° triangles 17 threads: 89541
N° triangles (seq construction) 17 threads: 89541
N° triangles 18 threads: 89541
N° triangles (seq construction) 18 threads: 89541
N° triangles 19 threads: 89541
N° triangles (seq construction) 19 threads: 89541
N° triangles 20 threads: 89541
N° triangles (seq construction) 20 threads: 89541

Iteration 43
N° triangles single core: 89541
N° triangles 2 threads: 89541
N° triangles (seq construction) 2 threads: 89541
N° triangles 3 threads: 89541
N° triangles (seq construction) 3 threads: 89541
N° triangles 4 threads: 89541
N° triangles (seq construction) 4 threads: 89541
N° triangles 5 threads: 89541
N° triangles (seq construction) 5 threads: 89541
N° triangles 6 threads: 89541
N° triangles (seq construction) 6 threads: 89541
N° triangles 7 threads: 89541
N° triangles (seq construction) 7 threads: 89541
N° triangles 8 threads: 89541
N° triangles (seq construction) 8 threads: 89541
N° triangles 9 threads: 89541
N° triangles (seq construction) 9 threads: 89541
N° triangles 10 threads: 89541
N° triangles (seq construction) 10 threads: 89541
N° triangles 11 threads: 89541
N° triangles (seq construction) 11 threads: 89541
N° triangles 12 threads: 89541
N° triangles (seq construction) 12 threads: 89541
N° triangles 13 threads: 89541
N° triangles (seq construction) 13 threads: 89541
N° triangles 14 threads: 89541
N° triangles (seq construction) 14 threads: 89541
N° triangles 15 threads: 89541
N° triangles (seq construction) 15 threads: 89541
N° triangles 16 threads: 89541
N° triangles (seq construction) 16 threads: 89541
N° triangles 17 threads: 89541
N° triangles (seq construction) 17 threads: 89541
N° triangles 18 threads: 89541
N° triangles (seq construction) 18 threads: 89541
N° triangles 19 threads: 89541
N° triangles (seq construction) 19 threads: 89541
N° triangles 20 threads: 89541
N° triangles (seq construction) 20 threads: 89541

Iteration 44
N° triangles single core: 89541
N° triangles 2 threads: 89541
N° triangles (seq construction) 2 threads: 89541
N° triangles 3 threads: 89541
N° triangles (seq construction) 3 threads: 89541
N° triangles 4 threads: 89541
N° triangles (seq construction) 4 threads: 89541
N° triangles 5 threads: 89541
N° triangles (seq construction) 5 threads: 89541
N° triangles 6 threads: 89541
N° triangles (seq construction) 6 threads: 89541
N° triangles 7 threads: 89541
N° triangles (seq construction) 7 threads: 89541
N° triangles 8 threads: 89541
N° triangles (seq construction) 8 threads: 89541
N° triangles 9 threads: 89541
N° triangles (seq construction) 9 threads: 89541
N° triangles 10 threads: 89541
N° triangles (seq construction) 10 threads: 89541
N° triangles 11 threads: 89541
N° triangles (seq construction) 11 threads: 89541
N° triangles 12 threads: 89541
N° triangles (seq construction) 12 threads: 89541
N° triangles 13 threads: 89541
N° triangles (seq construction) 13 threads: 89541
N° triangles 14 threads: 89541
N° triangles (seq construction) 14 threads: 89541
N° triangles 15 threads: 89541
N° triangles (seq construction) 15 threads: 89541
N° triangles 16 threads: 89541
N° triangles (seq construction) 16 threads: 89541
N° triangles 17 threads: 89541
N° triangles (seq construction) 17 threads: 89541
N° triangles 18 threads: 89541
N° triangles (seq construction) 18 threads: 89541
N° triangles 19 threads: 89541
N° triangles (seq construction) 19 threads: 89541
N° triangles 20 threads: 89541
N° triangles (seq construction) 20 threads: 89541

Iteration 45
N° triangles single core: 89541
N° triangles 2 threads: 89541
N° triangles (seq construction) 2 threads: 89541
N° triangles 3 threads: 89541
N° triangles (seq construction) 3 threads: 89541
N° triangles 4 threads: 89541
N° triangles (seq construction) 4 threads: 89541
N° triangles 5 threads: 89541
N° triangles (seq construction) 5 threads: 89541
N° triangles 6 threads: 89541
N° triangles (seq construction) 6 threads: 89541
N° triangles 7 threads: 89541
N° triangles (seq construction) 7 threads: 89541
N° triangles 8 threads: 89541
N° triangles (seq construction) 8 threads: 89541
N° triangles 9 threads: 89541
N° triangles (seq construction) 9 threads: 89541
N° triangles 10 threads: 89541
N° triangles (seq construction) 10 threads: 89541
N° triangles 11 threads: 89541
N° triangles (seq construction) 11 threads: 89541
N° triangles 12 threads: 89541
N° triangles (seq construction) 12 threads: 89541
N° triangles 13 threads: 89541
N° triangles (seq construction) 13 threads: 89541
N° triangles 14 threads: 89541
N° triangles (seq construction) 14 threads: 89541
N° triangles 15 threads: 89541
N° triangles (seq construction) 15 threads: 89541
N° triangles 16 threads: 89541
N° triangles (seq construction) 16 threads: 89541
N° triangles 17 threads: 89541
N° triangles (seq construction) 17 threads: 89541
N° triangles 18 threads: 89541
N° triangles (seq construction) 18 threads: 89541
N° triangles 19 threads: 89541
N° triangles (seq construction) 19 threads: 89541
N° triangles 20 threads: 89541
N° triangles (seq construction) 20 threads: 89541

Iteration 46
N° triangles single core: 89541
N° triangles 2 threads: 89541
N° triangles (seq construction) 2 threads: 89541
N° triangles 3 threads: 89541
N° triangles (seq construction) 3 threads: 89541
N° triangles 4 threads: 89541
N° triangles (seq construction) 4 threads: 89541
N° triangles 5 threads: 89541
N° triangles (seq construction) 5 threads: 89541
N° triangles 6 threads: 89541
N° triangles (seq construction) 6 threads: 89541
N° triangles 7 threads: 89541
N° triangles (seq construction) 7 threads: 89541
N° triangles 8 threads: 89541
N° triangles (seq construction) 8 threads: 89541
N° triangles 9 threads: 89541
N° triangles (seq construction) 9 threads: 89541
N° triangles 10 threads: 89541
N° triangles (seq construction) 10 threads: 89541
N° triangles 11 threads: 89541
N° triangles (seq construction) 11 threads: 89541
N° triangles 12 threads: 89541
N° triangles (seq construction) 12 threads: 89541
N° triangles 13 threads: 89541
N° triangles (seq construction) 13 threads: 89541
N° triangles 14 threads: 89541
N° triangles (seq construction) 14 threads: 89541
N° triangles 15 threads: 89541
N° triangles (seq construction) 15 threads: 89541
N° triangles 16 threads: 89541
N° triangles (seq construction) 16 threads: 89541
N° triangles 17 threads: 89541
N° triangles (seq construction) 17 threads: 89541
N° triangles 18 threads: 89541
N° triangles (seq construction) 18 threads: 89541
N° triangles 19 threads: 89541
N° triangles (seq construction) 19 threads: 89541
N° triangles 20 threads: 89541
N° triangles (seq construction) 20 threads: 89541

Iteration 47
N° triangles single core: 89541
N° triangles 2 threads: 89541
N° triangles (seq construction) 2 threads: 89541
N° triangles 3 threads: 89541
N° triangles (seq construction) 3 threads: 89541
N° triangles 4 threads: 89541
N° triangles (seq construction) 4 threads: 89541
N° triangles 5 threads: 89541
N° triangles (seq construction) 5 threads: 89541
N° triangles 6 threads: 89541
N° triangles (seq construction) 6 threads: 89541
N° triangles 7 threads: 89541
N° triangles (seq construction) 7 threads: 89541
N° triangles 8 threads: 89541
N° triangles (seq construction) 8 threads: 89541
N° triangles 9 threads: 89541
N° triangles (seq construction) 9 threads: 89541
N° triangles 10 threads: 89541
N° triangles (seq construction) 10 threads: 89541
N° triangles 11 threads: 89541
N° triangles (seq construction) 11 threads: 89541
N° triangles 12 threads: 89541
N° triangles (seq construction) 12 threads: 89541
N° triangles 13 threads: 89541
N° triangles (seq construction) 13 threads: 89541
N° triangles 14 threads: 89541
N° triangles (seq construction) 14 threads: 89541
N° triangles 15 threads: 89541
N° triangles (seq construction) 15 threads: 89541
N° triangles 16 threads: 89541
N° triangles (seq construction) 16 threads: 89541
N° triangles 17 threads: 89541
N° triangles (seq construction) 17 threads: 89541
N° triangles 18 threads: 89541
N° triangles (seq construction) 18 threads: 89541
N° triangles 19 threads: 89541
N° triangles (seq construction) 19 threads: 89541
N° triangles 20 threads: 89541
N° triangles (seq construction) 20 threads: 89541

Iteration 48
N° triangles single core: 89541
N° triangles 2 threads: 89541
N° triangles (seq construction) 2 threads: 89541
N° triangles 3 threads: 89541
N° triangles (seq construction) 3 threads: 89541
N° triangles 4 threads: 89541
N° triangles (seq construction) 4 threads: 89541
N° triangles 5 threads: 89541
N° triangles (seq construction) 5 threads: 89541
N° triangles 6 threads: 89541
N° triangles (seq construction) 6 threads: 89541
N° triangles 7 threads: 89541
N° triangles (seq construction) 7 threads: 89541
N° triangles 8 threads: 89541
N° triangles (seq construction) 8 threads: 89541
N° triangles 9 threads: 89541
N° triangles (seq construction) 9 threads: 89541
N° triangles 10 threads: 89541
N° triangles (seq construction) 10 threads: 89541
N° triangles 11 threads: 89541
N° triangles (seq construction) 11 threads: 89541
N° triangles 12 threads: 89541
N° triangles (seq construction) 12 threads: 89541
N° triangles 13 threads: 89541
N° triangles (seq construction) 13 threads: 89541
N° triangles 14 threads: 89541
N° triangles (seq construction) 14 threads: 89541
N° triangles 15 threads: 89541
N° triangles (seq construction) 15 threads: 89541
N° triangles 16 threads: 89541
N° triangles (seq construction) 16 threads: 89541
N° triangles 17 threads: 89541
N° triangles (seq construction) 17 threads: 89541
N° triangles 18 threads: 89541
N° triangles (seq construction) 18 threads: 89541
N° triangles 19 threads: 89541
N° triangles (seq construction) 19 threads: 89541
N° triangles 20 threads: 89541
N° triangles (seq construction) 20 threads: 89541

Iteration 49
N° triangles single core: 89541
N° triangles 2 threads: 89541
N° triangles (seq construction) 2 threads: 89541
N° triangles 3 threads: 89541
N° triangles (seq construction) 3 threads: 89541
N° triangles 4 threads: 89541
N° triangles (seq construction) 4 threads: 89541
N° triangles 5 threads: 89541
N° triangles (seq construction) 5 threads: 89541
N° triangles 6 threads: 89541
N° triangles (seq construction) 6 threads: 89541
N° triangles 7 threads: 89541
N° triangles (seq construction) 7 threads: 89541
N° triangles 8 threads: 89541
N° triangles (seq construction) 8 threads: 89541
N° triangles 9 threads: 89541
N° triangles (seq construction) 9 threads: 89541
N° triangles 10 threads: 89541
N° triangles (seq construction) 10 threads: 89541
N° triangles 11 threads: 89541
N° triangles (seq construction) 11 threads: 89541
N° triangles 12 threads: 89541
N° triangles (seq construction) 12 threads: 89541
N° triangles 13 threads: 89541
N° triangles (seq construction) 13 threads: 89541
N° triangles 14 threads: 89541
N° triangles (seq construction) 14 threads: 89541
N° triangles 15 threads: 89541
N° triangles (seq construction) 15 threads: 89541
N° triangles 16 threads: 89541
N° triangles (seq construction) 16 threads: 89541
N° triangles 17 threads: 89541
N° triangles (seq construction) 17 threads: 89541
N° triangles 18 threads: 89541
N° triangles (seq construction) 18 threads: 89541
N° triangles 19 threads: 89541
N° triangles (seq construction) 19 threads: 89541
N° triangles 20 threads: 89541
N° triangles (seq construction) 20 threads: 89541


*** Single core ***

N° threads: 1
Construction elapsed time: 2ms or 0.002s
Triangle counting elapsed time: 9ms or 0.009s
Total elapsed time: 11ms or 0.011s
Total elapsed time (seq construction): 11ms or 0.011s

*** Multi core ***

N° threads: 2
Construction elapsed time: 3ms or 0.003s
Triangle counting elapsed time: 5ms or 0.005s
Total elapsed time: 8ms or 0.008s
Total elapsed time (seq construction): 7ms or 0.007s

N° threads: 3
Construction elapsed time: 3ms or 0.003s
Triangle counting elapsed time: 3ms or 0.003s
Total elapsed time: 6ms or 0.006s
Total elapsed time (seq construction): 5ms or 0.005s

N° threads: 4
Construction elapsed time: 2ms or 0.002s
Triangle counting elapsed time: 2ms or 0.002s
Total elapsed time: 4ms or 0.004s
Total elapsed time (seq construction): 4ms or 0.004s

N° threads: 5
Construction elapsed time: 2ms or 0.002s
Triangle counting elapsed time: 3ms or 0.003s
Total elapsed time: 5ms or 0.005s
Total elapsed time (seq construction): 5ms or 0.005s

N° threads: 6
Construction elapsed time: 2ms or 0.002s
Triangle counting elapsed time: 2ms or 0.002s
Total elapsed time: 4ms or 0.004s
Total elapsed time (seq construction): 4ms or 0.004s

N° threads: 7
Construction elapsed time: 2ms or 0.002s
Triangle counting elapsed time: 2ms or 0.002s
Total elapsed time: 4ms or 0.004s
Total elapsed time (seq construction): 4ms or 0.004s

N° threads: 8
Construction elapsed time: 2ms or 0.002s
Triangle counting elapsed time: 2ms or 0.002s
Total elapsed time: 4ms or 0.004s
Total elapsed time (seq construction): 4ms or 0.004s

N° threads: 9
Construction elapsed time: 2ms or 0.002s
Triangle counting elapsed time: 3ms or 0.003s
Total elapsed time: 5ms or 0.005s
Total elapsed time (seq construction): 5ms or 0.005s

N° threads: 10
Construction elapsed time: 2ms or 0.002s
Triangle counting elapsed time: 2ms or 0.002s
Total elapsed time: 4ms or 0.004s
Total elapsed time (seq construction): 4ms or 0.004s

N° threads: 11
Construction elapsed time: 2ms or 0.002s
Triangle counting elapsed time: 2ms or 0.002s
Total elapsed time: 4ms or 0.004s
Total elapsed time (seq construction): 4ms or 0.004s

N° threads: 12
Construction elapsed time: 2ms or 0.002s
Triangle counting elapsed time: 2ms or 0.002s
Total elapsed time: 4ms or 0.004s
Total elapsed time (seq construction): 4ms or 0.004s

N° threads: 13
Construction elapsed time: 2ms or 0.002s
Triangle counting elapsed time: 2ms or 0.002s
Total elapsed time: 4ms or 0.004s
Total elapsed time (seq construction): 4ms or 0.004s

N° threads: 14
Construction elapsed time: 2ms or 0.002s
Triangle counting elapsed time: 2ms or 0.002s
Total elapsed time: 4ms or 0.004s
Total elapsed time (seq construction): 4ms or 0.004s

N° threads: 15
Construction elapsed time: 2ms or 0.002s
Triangle counting elapsed time: 2ms or 0.002s
Total elapsed time: 4ms or 0.004s
Total elapsed time (seq construction): 4ms or 0.004s

N° threads: 16
Construction elapsed time: 2ms or 0.002s
Triangle counting elapsed time: 2ms or 0.002s
Total elapsed time: 4ms or 0.004s
Total elapsed time (seq construction): 4ms or 0.004s

N° threads: 17
Construction elapsed time: 2ms or 0.002s
Triangle counting elapsed time: 2ms or 0.002s
Total elapsed time: 4ms or 0.004s
Total elapsed time (seq construction): 4ms or 0.004s

N° threads: 18
Construction elapsed time: 2ms or 0.002s
Triangle counting elapsed time: 2ms or 0.002s
Total elapsed time: 4ms or 0.004s
Total elapsed time (seq construction): 4ms or 0.004s

N° threads: 19
Construction elapsed time: 2ms or 0.002s
Triangle counting elapsed time: 2ms or 0.002s
Total elapsed time: 4ms or 0.004s
Total elapsed time (seq construction): 4ms or 0.004s

N° threads: 20
Construction elapsed time: 2ms or 0.002s
Triangle counting elapsed time: 2ms or 0.002s
Total elapsed time: 4ms or 0.004s
Total elapsed time (seq construction): 4ms or 0.004s



oregon1
N° of edges 23410
N° of nodes 11174
Density: 0.000375019

Iteration 0
N° triangles single core: 19894
N° triangles 2 threads: 19894
N° triangles (seq construction) 2 threads: 19894
N° triangles 3 threads: 19894
N° triangles (seq construction) 3 threads: 19894
N° triangles 4 threads: 19894
N° triangles (seq construction) 4 threads: 19894
N° triangles 5 threads: 19894
N° triangles (seq construction) 5 threads: 19894
N° triangles 6 threads: 19894
N° triangles (seq construction) 6 threads: 19894
N° triangles 7 threads: 19894
N° triangles (seq construction) 7 threads: 19894
N° triangles 8 threads: 19894
N° triangles (seq construction) 8 threads: 19894
N° triangles 9 threads: 19894
N° triangles (seq construction) 9 threads: 19894
N° triangles 10 threads: 19894
N° triangles (seq construction) 10 threads: 19894
N° triangles 11 threads: 19894
N° triangles (seq construction) 11 threads: 19894
N° triangles 12 threads: 19894
N° triangles (seq construction) 12 threads: 19894
N° triangles 13 threads: 19894
N° triangles (seq construction) 13 threads: 19894
N° triangles 14 threads: 19894
N° triangles (seq construction) 14 threads: 19894
N° triangles 15 threads: 19894
N° triangles (seq construction) 15 threads: 19894
N° triangles 16 threads: 19894
N° triangles (seq construction) 16 threads: 19894
N° triangles 17 threads: 19894
N° triangles (seq construction) 17 threads: 19894
N° triangles 18 threads: 19894
N° triangles (seq construction) 18 threads: 19894
N° triangles 19 threads: 19894
N° triangles (seq construction) 19 threads: 19894
N° triangles 20 threads: 19894
N° triangles (seq construction) 20 threads: 19894

Iteration 1
N° triangles single core: 19894
N° triangles 2 threads: 19894
N° triangles (seq construction) 2 threads: 19894
N° triangles 3 threads: 19894
N° triangles (seq construction) 3 threads: 19894
N° triangles 4 threads: 19894
N° triangles (seq construction) 4 threads: 19894
N° triangles 5 threads: 19894
N° triangles (seq construction) 5 threads: 19894
N° triangles 6 threads: 19894
N° triangles (seq construction) 6 threads: 19894
N° triangles 7 threads: 19894
N° triangles (seq construction) 7 threads: 19894
N° triangles 8 threads: 19894
N° triangles (seq construction) 8 threads: 19894
N° triangles 9 threads: 19894
N° triangles (seq construction) 9 threads: 19894
N° triangles 10 threads: 19894
N° triangles (seq construction) 10 threads: 19894
N° triangles 11 threads: 19894
N° triangles (seq construction) 11 threads: 19894
N° triangles 12 threads: 19894
N° triangles (seq construction) 12 threads: 19894
N° triangles 13 threads: 19894
N° triangles (seq construction) 13 threads: 19894
N° triangles 14 threads: 19894
N° triangles (seq construction) 14 threads: 19894
N° triangles 15 threads: 19894
N° triangles (seq construction) 15 threads: 19894
N° triangles 16 threads: 19894
N° triangles (seq construction) 16 threads: 19894
N° triangles 17 threads: 19894
N° triangles (seq construction) 17 threads: 19894
N° triangles 18 threads: 19894
N° triangles (seq construction) 18 threads: 19894
N° triangles 19 threads: 19894
N° triangles (seq construction) 19 threads: 19894
N° triangles 20 threads: 19894
N° triangles (seq construction) 20 threads: 19894

Iteration 2
N° triangles single core: 19894
N° triangles 2 threads: 19894
N° triangles (seq construction) 2 threads: 19894
N° triangles 3 threads: 19894
N° triangles (seq construction) 3 threads: 19894
N° triangles 4 threads: 19894
N° triangles (seq construction) 4 threads: 19894
N° triangles 5 threads: 19894
N° triangles (seq construction) 5 threads: 19894
N° triangles 6 threads: 19894
N° triangles (seq construction) 6 threads: 19894
N° triangles 7 threads: 19894
N° triangles (seq construction) 7 threads: 19894
N° triangles 8 threads: 19894
N° triangles (seq construction) 8 threads: 19894
N° triangles 9 threads: 19894
N° triangles (seq construction) 9 threads: 19894
N° triangles 10 threads: 19894
N° triangles (seq construction) 10 threads: 19894
N° triangles 11 threads: 19894
N° triangles (seq construction) 11 threads: 19894
N° triangles 12 threads: 19894
N° triangles (seq construction) 12 threads: 19894
N° triangles 13 threads: 19894
N° triangles (seq construction) 13 threads: 19894
N° triangles 14 threads: 19894
N° triangles (seq construction) 14 threads: 19894
N° triangles 15 threads: 19894
N° triangles (seq construction) 15 threads: 19894
N° triangles 16 threads: 19894
N° triangles (seq construction) 16 threads: 19894
N° triangles 17 threads: 19894
N° triangles (seq construction) 17 threads: 19894
N° triangles 18 threads: 19894
N° triangles (seq construction) 18 threads: 19894
N° triangles 19 threads: 19894
N° triangles (seq construction) 19 threads: 19894
N° triangles 20 threads: 19894
N° triangles (seq construction) 20 threads: 19894

Iteration 3
N° triangles single core: 19894
N° triangles 2 threads: 19894
N° triangles (seq construction) 2 threads: 19894
N° triangles 3 threads: 19894
N° triangles (seq construction) 3 threads: 19894
N° triangles 4 threads: 19894
N° triangles (seq construction) 4 threads: 19894
N° triangles 5 threads: 19894
N° triangles (seq construction) 5 threads: 19894
N° triangles 6 threads: 19894
N° triangles (seq construction) 6 threads: 19894
N° triangles 7 threads: 19894
N° triangles (seq construction) 7 threads: 19894
N° triangles 8 threads: 19894
N° triangles (seq construction) 8 threads: 19894
N° triangles 9 threads: 19894
N° triangles (seq construction) 9 threads: 19894
N° triangles 10 threads: 19894
N° triangles (seq construction) 10 threads: 19894
N° triangles 11 threads: 19894
N° triangles (seq construction) 11 threads: 19894
N° triangles 12 threads: 19894
N° triangles (seq construction) 12 threads: 19894
N° triangles 13 threads: 19894
N° triangles (seq construction) 13 threads: 19894
N° triangles 14 threads: 19894
N° triangles (seq construction) 14 threads: 19894
N° triangles 15 threads: 19894
N° triangles (seq construction) 15 threads: 19894
N° triangles 16 threads: 19894
N° triangles (seq construction) 16 threads: 19894
N° triangles 17 threads: 19894
N° triangles (seq construction) 17 threads: 19894
N° triangles 18 threads: 19894
N° triangles (seq construction) 18 threads: 19894
N° triangles 19 threads: 19894
N° triangles (seq construction) 19 threads: 19894
N° triangles 20 threads: 19894
N° triangles (seq construction) 20 threads: 19894

Iteration 4
N° triangles single core: 19894
N° triangles 2 threads: 19894
N° triangles (seq construction) 2 threads: 19894
N° triangles 3 threads: 19894
N° triangles (seq construction) 3 threads: 19894
N° triangles 4 threads: 19894
N° triangles (seq construction) 4 threads: 19894
N° triangles 5 threads: 19894
N° triangles (seq construction) 5 threads: 19894
N° triangles 6 threads: 19894
N° triangles (seq construction) 6 threads: 19894
N° triangles 7 threads: 19894
N° triangles (seq construction) 7 threads: 19894
N° triangles 8 threads: 19894
N° triangles (seq construction) 8 threads: 19894
N° triangles 9 threads: 19894
N° triangles (seq construction) 9 threads: 19894
N° triangles 10 threads: 19894
N° triangles (seq construction) 10 threads: 19894
N° triangles 11 threads: 19894
N° triangles (seq construction) 11 threads: 19894
N° triangles 12 threads: 19894
N° triangles (seq construction) 12 threads: 19894
N° triangles 13 threads: 19894
N° triangles (seq construction) 13 threads: 19894
N° triangles 14 threads: 19894
N° triangles (seq construction) 14 threads: 19894
N° triangles 15 threads: 19894
N° triangles (seq construction) 15 threads: 19894
N° triangles 16 threads: 19894
N° triangles (seq construction) 16 threads: 19894
N° triangles 17 threads: 19894
N° triangles (seq construction) 17 threads: 19894
N° triangles 18 threads: 19894
N° triangles (seq construction) 18 threads: 19894
N° triangles 19 threads: 19894
N° triangles (seq construction) 19 threads: 19894
N° triangles 20 threads: 19894
N° triangles (seq construction) 20 threads: 19894

Iteration 5
N° triangles single core: 19894
N° triangles 2 threads: 19894
N° triangles (seq construction) 2 threads: 19894
N° triangles 3 threads: 19894
N° triangles (seq construction) 3 threads: 19894
N° triangles 4 threads: 19894
N° triangles (seq construction) 4 threads: 19894
N° triangles 5 threads: 19894
N° triangles (seq construction) 5 threads: 19894
N° triangles 6 threads: 19894
N° triangles (seq construction) 6 threads: 19894
N° triangles 7 threads: 19894
N° triangles (seq construction) 7 threads: 19894
N° triangles 8 threads: 19894
N° triangles (seq construction) 8 threads: 19894
N° triangles 9 threads: 19894
N° triangles (seq construction) 9 threads: 19894
N° triangles 10 threads: 19894
N° triangles (seq construction) 10 threads: 19894
N° triangles 11 threads: 19894
N° triangles (seq construction) 11 threads: 19894
N° triangles 12 threads: 19894
N° triangles (seq construction) 12 threads: 19894
N° triangles 13 threads: 19894
N° triangles (seq construction) 13 threads: 19894
N° triangles 14 threads: 19894
N° triangles (seq construction) 14 threads: 19894
N° triangles 15 threads: 19894
N° triangles (seq construction) 15 threads: 19894
N° triangles 16 threads: 19894
N° triangles (seq construction) 16 threads: 19894
N° triangles 17 threads: 19894
N° triangles (seq construction) 17 threads: 19894
N° triangles 18 threads: 19894
N° triangles (seq construction) 18 threads: 19894
N° triangles 19 threads: 19894
N° triangles (seq construction) 19 threads: 19894
N° triangles 20 threads: 19894
N° triangles (seq construction) 20 threads: 19894

Iteration 6
N° triangles single core: 19894
N° triangles 2 threads: 19894
N° triangles (seq construction) 2 threads: 19894
N° triangles 3 threads: 19894
N° triangles (seq construction) 3 threads: 19894
N° triangles 4 threads: 19894
N° triangles (seq construction) 4 threads: 19894
N° triangles 5 threads: 19894
N° triangles (seq construction) 5 threads: 19894
N° triangles 6 threads: 19894
N° triangles (seq construction) 6 threads: 19894
N° triangles 7 threads: 19894
N° triangles (seq construction) 7 threads: 19894
N° triangles 8 threads: 19894
N° triangles (seq construction) 8 threads: 19894
N° triangles 9 threads: 19894
N° triangles (seq construction) 9 threads: 19894
N° triangles 10 threads: 19894
N° triangles (seq construction) 10 threads: 19894
N° triangles 11 threads: 19894
N° triangles (seq construction) 11 threads: 19894
N° triangles 12 threads: 19894
N° triangles (seq construction) 12 threads: 19894
N° triangles 13 threads: 19894
N° triangles (seq construction) 13 threads: 19894
N° triangles 14 threads: 19894
N° triangles (seq construction) 14 threads: 19894
N° triangles 15 threads: 19894
N° triangles (seq construction) 15 threads: 19894
N° triangles 16 threads: 19894
N° triangles (seq construction) 16 threads: 19894
N° triangles 17 threads: 19894
N° triangles (seq construction) 17 threads: 19894
N° triangles 18 threads: 19894
N° triangles (seq construction) 18 threads: 19894
N° triangles 19 threads: 19894
N° triangles (seq construction) 19 threads: 19894
N° triangles 20 threads: 19894
N° triangles (seq construction) 20 threads: 19894

Iteration 7
N° triangles single core: 19894
N° triangles 2 threads: 19894
N° triangles (seq construction) 2 threads: 19894
N° triangles 3 threads: 19894
N° triangles (seq construction) 3 threads: 19894
N° triangles 4 threads: 19894
N° triangles (seq construction) 4 threads: 19894
N° triangles 5 threads: 19894
N° triangles (seq construction) 5 threads: 19894
N° triangles 6 threads: 19894
N° triangles (seq construction) 6 threads: 19894
N° triangles 7 threads: 19894
N° triangles (seq construction) 7 threads: 19894
N° triangles 8 threads: 19894
N° triangles (seq construction) 8 threads: 19894
N° triangles 9 threads: 19894
N° triangles (seq construction) 9 threads: 19894
N° triangles 10 threads: 19894
N° triangles (seq construction) 10 threads: 19894
N° triangles 11 threads: 19894
N° triangles (seq construction) 11 threads: 19894
N° triangles 12 threads: 19894
N° triangles (seq construction) 12 threads: 19894
N° triangles 13 threads: 19894
N° triangles (seq construction) 13 threads: 19894
N° triangles 14 threads: 19894
N° triangles (seq construction) 14 threads: 19894
N° triangles 15 threads: 19894
N° triangles (seq construction) 15 threads: 19894
N° triangles 16 threads: 19894
N° triangles (seq construction) 16 threads: 19894
N° triangles 17 threads: 19894
N° triangles (seq construction) 17 threads: 19894
N° triangles 18 threads: 19894
N° triangles (seq construction) 18 threads: 19894
N° triangles 19 threads: 19894
N° triangles (seq construction) 19 threads: 19894
N° triangles 20 threads: 19894
N° triangles (seq construction) 20 threads: 19894

Iteration 8
N° triangles single core: 19894
N° triangles 2 threads: 19894
N° triangles (seq construction) 2 threads: 19894
N° triangles 3 threads: 19894
N° triangles (seq construction) 3 threads: 19894
N° triangles 4 threads: 19894
N° triangles (seq construction) 4 threads: 19894
N° triangles 5 threads: 19894
N° triangles (seq construction) 5 threads: 19894
N° triangles 6 threads: 19894
N° triangles (seq construction) 6 threads: 19894
N° triangles 7 threads: 19894
N° triangles (seq construction) 7 threads: 19894
N° triangles 8 threads: 19894
N° triangles (seq construction) 8 threads: 19894
N° triangles 9 threads: 19894
N° triangles (seq construction) 9 threads: 19894
N° triangles 10 threads: 19894
N° triangles (seq construction) 10 threads: 19894
N° triangles 11 threads: 19894
N° triangles (seq construction) 11 threads: 19894
N° triangles 12 threads: 19894
N° triangles (seq construction) 12 threads: 19894
N° triangles 13 threads: 19894
N° triangles (seq construction) 13 threads: 19894
N° triangles 14 threads: 19894
N° triangles (seq construction) 14 threads: 19894
N° triangles 15 threads: 19894
N° triangles (seq construction) 15 threads: 19894
N° triangles 16 threads: 19894
N° triangles (seq construction) 16 threads: 19894
N° triangles 17 threads: 19894
N° triangles (seq construction) 17 threads: 19894
N° triangles 18 threads: 19894
N° triangles (seq construction) 18 threads: 19894
N° triangles 19 threads: 19894
N° triangles (seq construction) 19 threads: 19894
N° triangles 20 threads: 19894
N° triangles (seq construction) 20 threads: 19894

Iteration 9
N° triangles single core: 19894
N° triangles 2 threads: 19894
N° triangles (seq construction) 2 threads: 19894
N° triangles 3 threads: 19894
N° triangles (seq construction) 3 threads: 19894
N° triangles 4 threads: 19894
N° triangles (seq construction) 4 threads: 19894
N° triangles 5 threads: 19894
N° triangles (seq construction) 5 threads: 19894
N° triangles 6 threads: 19894
N° triangles (seq construction) 6 threads: 19894
N° triangles 7 threads: 19894
N° triangles (seq construction) 7 threads: 19894
N° triangles 8 threads: 19894
N° triangles (seq construction) 8 threads: 19894
N° triangles 9 threads: 19894
N° triangles (seq construction) 9 threads: 19894
N° triangles 10 threads: 19894
N° triangles (seq construction) 10 threads: 19894
N° triangles 11 threads: 19894
N° triangles (seq construction) 11 threads: 19894
N° triangles 12 threads: 19894
N° triangles (seq construction) 12 threads: 19894
N° triangles 13 threads: 19894
N° triangles (seq construction) 13 threads: 19894
N° triangles 14 threads: 19894
N° triangles (seq construction) 14 threads: 19894
N° triangles 15 threads: 19894
N° triangles (seq construction) 15 threads: 19894
N° triangles 16 threads: 19894
N° triangles (seq construction) 16 threads: 19894
N° triangles 17 threads: 19894
N° triangles (seq construction) 17 threads: 19894
N° triangles 18 threads: 19894
N° triangles (seq construction) 18 threads: 19894
N° triangles 19 threads: 19894
N° triangles (seq construction) 19 threads: 19894
N° triangles 20 threads: 19894
N° triangles (seq construction) 20 threads: 19894

Iteration 10
N° triangles single core: 19894
N° triangles 2 threads: 19894
N° triangles (seq construction) 2 threads: 19894
N° triangles 3 threads: 19894
N° triangles (seq construction) 3 threads: 19894
N° triangles 4 threads: 19894
N° triangles (seq construction) 4 threads: 19894
N° triangles 5 threads: 19894
N° triangles (seq construction) 5 threads: 19894
N° triangles 6 threads: 19894
N° triangles (seq construction) 6 threads: 19894
N° triangles 7 threads: 19894
N° triangles (seq construction) 7 threads: 19894
N° triangles 8 threads: 19894
N° triangles (seq construction) 8 threads: 19894
N° triangles 9 threads: 19894
N° triangles (seq construction) 9 threads: 19894
N° triangles 10 threads: 19894
N° triangles (seq construction) 10 threads: 19894
N° triangles 11 threads: 19894
N° triangles (seq construction) 11 threads: 19894
N° triangles 12 threads: 19894
N° triangles (seq construction) 12 threads: 19894
N° triangles 13 threads: 19894
N° triangles (seq construction) 13 threads: 19894
N° triangles 14 threads: 19894
N° triangles (seq construction) 14 threads: 19894
N° triangles 15 threads: 19894
N° triangles (seq construction) 15 threads: 19894
N° triangles 16 threads: 19894
N° triangles (seq construction) 16 threads: 19894
N° triangles 17 threads: 19894
N° triangles (seq construction) 17 threads: 19894
N° triangles 18 threads: 19894
N° triangles (seq construction) 18 threads: 19894
N° triangles 19 threads: 19894
N° triangles (seq construction) 19 threads: 19894
N° triangles 20 threads: 19894
N° triangles (seq construction) 20 threads: 19894

Iteration 11
N° triangles single core: 19894
N° triangles 2 threads: 19894
N° triangles (seq construction) 2 threads: 19894
N° triangles 3 threads: 19894
N° triangles (seq construction) 3 threads: 19894
N° triangles 4 threads: 19894
N° triangles (seq construction) 4 threads: 19894
N° triangles 5 threads: 19894
N° triangles (seq construction) 5 threads: 19894
N° triangles 6 threads: 19894
N° triangles (seq construction) 6 threads: 19894
N° triangles 7 threads: 19894
N° triangles (seq construction) 7 threads: 19894
N° triangles 8 threads: 19894
N° triangles (seq construction) 8 threads: 19894
N° triangles 9 threads: 19894
N° triangles (seq construction) 9 threads: 19894
N° triangles 10 threads: 19894
N° triangles (seq construction) 10 threads: 19894
N° triangles 11 threads: 19894
N° triangles (seq construction) 11 threads: 19894
N° triangles 12 threads: 19894
N° triangles (seq construction) 12 threads: 19894
N° triangles 13 threads: 19894
N° triangles (seq construction) 13 threads: 19894
N° triangles 14 threads: 19894
N° triangles (seq construction) 14 threads: 19894
N° triangles 15 threads: 19894
N° triangles (seq construction) 15 threads: 19894
N° triangles 16 threads: 19894
N° triangles (seq construction) 16 threads: 19894
N° triangles 17 threads: 19894
N° triangles (seq construction) 17 threads: 19894
N° triangles 18 threads: 19894
N° triangles (seq construction) 18 threads: 19894
N° triangles 19 threads: 19894
N° triangles (seq construction) 19 threads: 19894
N° triangles 20 threads: 19894
N° triangles (seq construction) 20 threads: 19894

Iteration 12
N° triangles single core: 19894
N° triangles 2 threads: 19894
N° triangles (seq construction) 2 threads: 19894
N° triangles 3 threads: 19894
N° triangles (seq construction) 3 threads: 19894
N° triangles 4 threads: 19894
N° triangles (seq construction) 4 threads: 19894
N° triangles 5 threads: 19894
N° triangles (seq construction) 5 threads: 19894
N° triangles 6 threads: 19894
N° triangles (seq construction) 6 threads: 19894
N° triangles 7 threads: 19894
N° triangles (seq construction) 7 threads: 19894
N° triangles 8 threads: 19894
N° triangles (seq construction) 8 threads: 19894
N° triangles 9 threads: 19894
N° triangles (seq construction) 9 threads: 19894
N° triangles 10 threads: 19894
N° triangles (seq construction) 10 threads: 19894
N° triangles 11 threads: 19894
N° triangles (seq construction) 11 threads: 19894
N° triangles 12 threads: 19894
N° triangles (seq construction) 12 threads: 19894
N° triangles 13 threads: 19894
N° triangles (seq construction) 13 threads: 19894
N° triangles 14 threads: 19894
N° triangles (seq construction) 14 threads: 19894
N° triangles 15 threads: 19894
N° triangles (seq construction) 15 threads: 19894
N° triangles 16 threads: 19894
N° triangles (seq construction) 16 threads: 19894
N° triangles 17 threads: 19894
N° triangles (seq construction) 17 threads: 19894
N° triangles 18 threads: 19894
N° triangles (seq construction) 18 threads: 19894
N° triangles 19 threads: 19894
N° triangles (seq construction) 19 threads: 19894
N° triangles 20 threads: 19894
N° triangles (seq construction) 20 threads: 19894

Iteration 13
N° triangles single core: 19894
N° triangles 2 threads: 19894
N° triangles (seq construction) 2 threads: 19894
N° triangles 3 threads: 19894
N° triangles (seq construction) 3 threads: 19894
N° triangles 4 threads: 19894
N° triangles (seq construction) 4 threads: 19894
N° triangles 5 threads: 19894
N° triangles (seq construction) 5 threads: 19894
N° triangles 6 threads: 19894
N° triangles (seq construction) 6 threads: 19894
N° triangles 7 threads: 19894
N° triangles (seq construction) 7 threads: 19894
N° triangles 8 threads: 19894
N° triangles (seq construction) 8 threads: 19894
N° triangles 9 threads: 19894
N° triangles (seq construction) 9 threads: 19894
N° triangles 10 threads: 19894
N° triangles (seq construction) 10 threads: 19894
N° triangles 11 threads: 19894
N° triangles (seq construction) 11 threads: 19894
N° triangles 12 threads: 19894
N° triangles (seq construction) 12 threads: 19894
N° triangles 13 threads: 19894
N° triangles (seq construction) 13 threads: 19894
N° triangles 14 threads: 19894
N° triangles (seq construction) 14 threads: 19894
N° triangles 15 threads: 19894
N° triangles (seq construction) 15 threads: 19894
N° triangles 16 threads: 19894
N° triangles (seq construction) 16 threads: 19894
N° triangles 17 threads: 19894
N° triangles (seq construction) 17 threads: 19894
N° triangles 18 threads: 19894
N° triangles (seq construction) 18 threads: 19894
N° triangles 19 threads: 19894
N° triangles (seq construction) 19 threads: 19894
N° triangles 20 threads: 19894
N° triangles (seq construction) 20 threads: 19894

Iteration 14
N° triangles single core: 19894
N° triangles 2 threads: 19894
N° triangles (seq construction) 2 threads: 19894
N° triangles 3 threads: 19894
N° triangles (seq construction) 3 threads: 19894
N° triangles 4 threads: 19894
N° triangles (seq construction) 4 threads: 19894
N° triangles 5 threads: 19894
N° triangles (seq construction) 5 threads: 19894
N° triangles 6 threads: 19894
N° triangles (seq construction) 6 threads: 19894
N° triangles 7 threads: 19894
N° triangles (seq construction) 7 threads: 19894
N° triangles 8 threads: 19894
N° triangles (seq construction) 8 threads: 19894
N° triangles 9 threads: 19894
N° triangles (seq construction) 9 threads: 19894
N° triangles 10 threads: 19894
N° triangles (seq construction) 10 threads: 19894
N° triangles 11 threads: 19894
N° triangles (seq construction) 11 threads: 19894
N° triangles 12 threads: 19894
N° triangles (seq construction) 12 threads: 19894
N° triangles 13 threads: 19894
N° triangles (seq construction) 13 threads: 19894
N° triangles 14 threads: 19894
N° triangles (seq construction) 14 threads: 19894
N° triangles 15 threads: 19894
N° triangles (seq construction) 15 threads: 19894
N° triangles 16 threads: 19894
N° triangles (seq construction) 16 threads: 19894
N° triangles 17 threads: 19894
N° triangles (seq construction) 17 threads: 19894
N° triangles 18 threads: 19894
N° triangles (seq construction) 18 threads: 19894
N° triangles 19 threads: 19894
N° triangles (seq construction) 19 threads: 19894
N° triangles 20 threads: 19894
N° triangles (seq construction) 20 threads: 19894

Iteration 15
N° triangles single core: 19894
N° triangles 2 threads: 19894
N° triangles (seq construction) 2 threads: 19894
N° triangles 3 threads: 19894
N° triangles (seq construction) 3 threads: 19894
N° triangles 4 threads: 19894
N° triangles (seq construction) 4 threads: 19894
N° triangles 5 threads: 19894
N° triangles (seq construction) 5 threads: 19894
N° triangles 6 threads: 19894
N° triangles (seq construction) 6 threads: 19894
N° triangles 7 threads: 19894
N° triangles (seq construction) 7 threads: 19894
N° triangles 8 threads: 19894
N° triangles (seq construction) 8 threads: 19894
N° triangles 9 threads: 19894
N° triangles (seq construction) 9 threads: 19894
N° triangles 10 threads: 19894
N° triangles (seq construction) 10 threads: 19894
N° triangles 11 threads: 19894
N° triangles (seq construction) 11 threads: 19894
N° triangles 12 threads: 19894
N° triangles (seq construction) 12 threads: 19894
N° triangles 13 threads: 19894
N° triangles (seq construction) 13 threads: 19894
N° triangles 14 threads: 19894
N° triangles (seq construction) 14 threads: 19894
N° triangles 15 threads: 19894
N° triangles (seq construction) 15 threads: 19894
N° triangles 16 threads: 19894
N° triangles (seq construction) 16 threads: 19894
N° triangles 17 threads: 19894
N° triangles (seq construction) 17 threads: 19894
N° triangles 18 threads: 19894
N° triangles (seq construction) 18 threads: 19894
N° triangles 19 threads: 19894
N° triangles (seq construction) 19 threads: 19894
N° triangles 20 threads: 19894
N° triangles (seq construction) 20 threads: 19894

Iteration 16
N° triangles single core: 19894
N° triangles 2 threads: 19894
N° triangles (seq construction) 2 threads: 19894
N° triangles 3 threads: 19894
N° triangles (seq construction) 3 threads: 19894
N° triangles 4 threads: 19894
N° triangles (seq construction) 4 threads: 19894
N° triangles 5 threads: 19894
N° triangles (seq construction) 5 threads: 19894
N° triangles 6 threads: 19894
N° triangles (seq construction) 6 threads: 19894
N° triangles 7 threads: 19894
N° triangles (seq construction) 7 threads: 19894
N° triangles 8 threads: 19894
N° triangles (seq construction) 8 threads: 19894
N° triangles 9 threads: 19894
N° triangles (seq construction) 9 threads: 19894
N° triangles 10 threads: 19894
N° triangles (seq construction) 10 threads: 19894
N° triangles 11 threads: 19894
N° triangles (seq construction) 11 threads: 19894
N° triangles 12 threads: 19894
N° triangles (seq construction) 12 threads: 19894
N° triangles 13 threads: 19894
N° triangles (seq construction) 13 threads: 19894
N° triangles 14 threads: 19894
N° triangles (seq construction) 14 threads: 19894
N° triangles 15 threads: 19894
N° triangles (seq construction) 15 threads: 19894
N° triangles 16 threads: 19894
N° triangles (seq construction) 16 threads: 19894
N° triangles 17 threads: 19894
N° triangles (seq construction) 17 threads: 19894
N° triangles 18 threads: 19894
N° triangles (seq construction) 18 threads: 19894
N° triangles 19 threads: 19894
N° triangles (seq construction) 19 threads: 19894
N° triangles 20 threads: 19894
N° triangles (seq construction) 20 threads: 19894

Iteration 17
N° triangles single core: 19894
N° triangles 2 threads: 19894
N° triangles (seq construction) 2 threads: 19894
N° triangles 3 threads: 19894
N° triangles (seq construction) 3 threads: 19894
N° triangles 4 threads: 19894
N° triangles (seq construction) 4 threads: 19894
N° triangles 5 threads: 19894
N° triangles (seq construction) 5 threads: 19894
N° triangles 6 threads: 19894
N° triangles (seq construction) 6 threads: 19894
N° triangles 7 threads: 19894
N° triangles (seq construction) 7 threads: 19894
N° triangles 8 threads: 19894
N° triangles (seq construction) 8 threads: 19894
N° triangles 9 threads: 19894
N° triangles (seq construction) 9 threads: 19894
N° triangles 10 threads: 19894
N° triangles (seq construction) 10 threads: 19894
N° triangles 11 threads: 19894
N° triangles (seq construction) 11 threads: 19894
N° triangles 12 threads: 19894
N° triangles (seq construction) 12 threads: 19894
N° triangles 13 threads: 19894
N° triangles (seq construction) 13 threads: 19894
N° triangles 14 threads: 19894
N° triangles (seq construction) 14 threads: 19894
N° triangles 15 threads: 19894
N° triangles (seq construction) 15 threads: 19894
N° triangles 16 threads: 19894
N° triangles (seq construction) 16 threads: 19894
N° triangles 17 threads: 19894
N° triangles (seq construction) 17 threads: 19894
N° triangles 18 threads: 19894
N° triangles (seq construction) 18 threads: 19894
N° triangles 19 threads: 19894
N° triangles (seq construction) 19 threads: 19894
N° triangles 20 threads: 19894
N° triangles (seq construction) 20 threads: 19894

Iteration 18
N° triangles single core: 19894
N° triangles 2 threads: 19894
N° triangles (seq construction) 2 threads: 19894
N° triangles 3 threads: 19894
N° triangles (seq construction) 3 threads: 19894
N° triangles 4 threads: 19894
N° triangles (seq construction) 4 threads: 19894
N° triangles 5 threads: 19894
N° triangles (seq construction) 5 threads: 19894
N° triangles 6 threads: 19894
N° triangles (seq construction) 6 threads: 19894
N° triangles 7 threads: 19894
N° triangles (seq construction) 7 threads: 19894
N° triangles 8 threads: 19894
N° triangles (seq construction) 8 threads: 19894
N° triangles 9 threads: 19894
N° triangles (seq construction) 9 threads: 19894
N° triangles 10 threads: 19894
N° triangles (seq construction) 10 threads: 19894
N° triangles 11 threads: 19894
N° triangles (seq construction) 11 threads: 19894
N° triangles 12 threads: 19894
N° triangles (seq construction) 12 threads: 19894
N° triangles 13 threads: 19894
N° triangles (seq construction) 13 threads: 19894
N° triangles 14 threads: 19894
N° triangles (seq construction) 14 threads: 19894
N° triangles 15 threads: 19894
N° triangles (seq construction) 15 threads: 19894
N° triangles 16 threads: 19894
N° triangles (seq construction) 16 threads: 19894
N° triangles 17 threads: 19894
N° triangles (seq construction) 17 threads: 19894
N° triangles 18 threads: 19894
N° triangles (seq construction) 18 threads: 19894
N° triangles 19 threads: 19894
N° triangles (seq construction) 19 threads: 19894
N° triangles 20 threads: 19894
N° triangles (seq construction) 20 threads: 19894

Iteration 19
N° triangles single core: 19894
N° triangles 2 threads: 19894
N° triangles (seq construction) 2 threads: 19894
N° triangles 3 threads: 19894
N° triangles (seq construction) 3 threads: 19894
N° triangles 4 threads: 19894
N° triangles (seq construction) 4 threads: 19894
N° triangles 5 threads: 19894
N° triangles (seq construction) 5 threads: 19894
N° triangles 6 threads: 19894
N° triangles (seq construction) 6 threads: 19894
N° triangles 7 threads: 19894
N° triangles (seq construction) 7 threads: 19894
N° triangles 8 threads: 19894
N° triangles (seq construction) 8 threads: 19894
N° triangles 9 threads: 19894
N° triangles (seq construction) 9 threads: 19894
N° triangles 10 threads: 19894
N° triangles (seq construction) 10 threads: 19894
N° triangles 11 threads: 19894
N° triangles (seq construction) 11 threads: 19894
N° triangles 12 threads: 19894
N° triangles (seq construction) 12 threads: 19894
N° triangles 13 threads: 19894
N° triangles (seq construction) 13 threads: 19894
N° triangles 14 threads: 19894
N° triangles (seq construction) 14 threads: 19894
N° triangles 15 threads: 19894
N° triangles (seq construction) 15 threads: 19894
N° triangles 16 threads: 19894
N° triangles (seq construction) 16 threads: 19894
N° triangles 17 threads: 19894
N° triangles (seq construction) 17 threads: 19894
N° triangles 18 threads: 19894
N° triangles (seq construction) 18 threads: 19894
N° triangles 19 threads: 19894
N° triangles (seq construction) 19 threads: 19894
N° triangles 20 threads: 19894
N° triangles (seq construction) 20 threads: 19894

Iteration 20
N° triangles single core: 19894
N° triangles 2 threads: 19894
N° triangles (seq construction) 2 threads: 19894
N° triangles 3 threads: 19894
N° triangles (seq construction) 3 threads: 19894
N° triangles 4 threads: 19894
N° triangles (seq construction) 4 threads: 19894
N° triangles 5 threads: 19894
N° triangles (seq construction) 5 threads: 19894
N° triangles 6 threads: 19894
N° triangles (seq construction) 6 threads: 19894
N° triangles 7 threads: 19894
N° triangles (seq construction) 7 threads: 19894
N° triangles 8 threads: 19894
N° triangles (seq construction) 8 threads: 19894
N° triangles 9 threads: 19894
N° triangles (seq construction) 9 threads: 19894
N° triangles 10 threads: 19894
N° triangles (seq construction) 10 threads: 19894
N° triangles 11 threads: 19894
N° triangles (seq construction) 11 threads: 19894
N° triangles 12 threads: 19894
N° triangles (seq construction) 12 threads: 19894
N° triangles 13 threads: 19894
N° triangles (seq construction) 13 threads: 19894
N° triangles 14 threads: 19894
N° triangles (seq construction) 14 threads: 19894
N° triangles 15 threads: 19894
N° triangles (seq construction) 15 threads: 19894
N° triangles 16 threads: 19894
N° triangles (seq construction) 16 threads: 19894
N° triangles 17 threads: 19894
N° triangles (seq construction) 17 threads: 19894
N° triangles 18 threads: 19894
N° triangles (seq construction) 18 threads: 19894
N° triangles 19 threads: 19894
N° triangles (seq construction) 19 threads: 19894
N° triangles 20 threads: 19894
N° triangles (seq construction) 20 threads: 19894

Iteration 21
N° triangles single core: 19894
N° triangles 2 threads: 19894
N° triangles (seq construction) 2 threads: 19894
N° triangles 3 threads: 19894
N° triangles (seq construction) 3 threads: 19894
N° triangles 4 threads: 19894
N° triangles (seq construction) 4 threads: 19894
N° triangles 5 threads: 19894
N° triangles (seq construction) 5 threads: 19894
N° triangles 6 threads: 19894
N° triangles (seq construction) 6 threads: 19894
N° triangles 7 threads: 19894
N° triangles (seq construction) 7 threads: 19894
N° triangles 8 threads: 19894
N° triangles (seq construction) 8 threads: 19894
N° triangles 9 threads: 19894
N° triangles (seq construction) 9 threads: 19894
N° triangles 10 threads: 19894
N° triangles (seq construction) 10 threads: 19894
N° triangles 11 threads: 19894
N° triangles (seq construction) 11 threads: 19894
N° triangles 12 threads: 19894
N° triangles (seq construction) 12 threads: 19894
N° triangles 13 threads: 19894
N° triangles (seq construction) 13 threads: 19894
N° triangles 14 threads: 19894
N° triangles (seq construction) 14 threads: 19894
N° triangles 15 threads: 19894
N° triangles (seq construction) 15 threads: 19894
N° triangles 16 threads: 19894
N° triangles (seq construction) 16 threads: 19894
N° triangles 17 threads: 19894
N° triangles (seq construction) 17 threads: 19894
N° triangles 18 threads: 19894
N° triangles (seq construction) 18 threads: 19894
N° triangles 19 threads: 19894
N° triangles (seq construction) 19 threads: 19894
N° triangles 20 threads: 19894
N° triangles (seq construction) 20 threads: 19894

Iteration 22
N° triangles single core: 19894
N° triangles 2 threads: 19894
N° triangles (seq construction) 2 threads: 19894
N° triangles 3 threads: 19894
N° triangles (seq construction) 3 threads: 19894
N° triangles 4 threads: 19894
N° triangles (seq construction) 4 threads: 19894
N° triangles 5 threads: 19894
N° triangles (seq construction) 5 threads: 19894
N° triangles 6 threads: 19894
N° triangles (seq construction) 6 threads: 19894
N° triangles 7 threads: 19894
N° triangles (seq construction) 7 threads: 19894
N° triangles 8 threads: 19894
N° triangles (seq construction) 8 threads: 19894
N° triangles 9 threads: 19894
N° triangles (seq construction) 9 threads: 19894
N° triangles 10 threads: 19894
N° triangles (seq construction) 10 threads: 19894
N° triangles 11 threads: 19894
N° triangles (seq construction) 11 threads: 19894
N° triangles 12 threads: 19894
N° triangles (seq construction) 12 threads: 19894
N° triangles 13 threads: 19894
N° triangles (seq construction) 13 threads: 19894
N° triangles 14 threads: 19894
N° triangles (seq construction) 14 threads: 19894
N° triangles 15 threads: 19894
N° triangles (seq construction) 15 threads: 19894
N° triangles 16 threads: 19894
N° triangles (seq construction) 16 threads: 19894
N° triangles 17 threads: 19894
N° triangles (seq construction) 17 threads: 19894
N° triangles 18 threads: 19894
N° triangles (seq construction) 18 threads: 19894
N° triangles 19 threads: 19894
N° triangles (seq construction) 19 threads: 19894
N° triangles 20 threads: 19894
N° triangles (seq construction) 20 threads: 19894

Iteration 23
N° triangles single core: 19894
N° triangles 2 threads: 19894
N° triangles (seq construction) 2 threads: 19894
N° triangles 3 threads: 19894
N° triangles (seq construction) 3 threads: 19894
N° triangles 4 threads: 19894
N° triangles (seq construction) 4 threads: 19894
N° triangles 5 threads: 19894
N° triangles (seq construction) 5 threads: 19894
N° triangles 6 threads: 19894
N° triangles (seq construction) 6 threads: 19894
N° triangles 7 threads: 19894
N° triangles (seq construction) 7 threads: 19894
N° triangles 8 threads: 19894
N° triangles (seq construction) 8 threads: 19894
N° triangles 9 threads: 19894
N° triangles (seq construction) 9 threads: 19894
N° triangles 10 threads: 19894
N° triangles (seq construction) 10 threads: 19894
N° triangles 11 threads: 19894
N° triangles (seq construction) 11 threads: 19894
N° triangles 12 threads: 19894
N° triangles (seq construction) 12 threads: 19894
N° triangles 13 threads: 19894
N° triangles (seq construction) 13 threads: 19894
N° triangles 14 threads: 19894
N° triangles (seq construction) 14 threads: 19894
N° triangles 15 threads: 19894
N° triangles (seq construction) 15 threads: 19894
N° triangles 16 threads: 19894
N° triangles (seq construction) 16 threads: 19894
N° triangles 17 threads: 19894
N° triangles (seq construction) 17 threads: 19894
N° triangles 18 threads: 19894
N° triangles (seq construction) 18 threads: 19894
N° triangles 19 threads: 19894
N° triangles (seq construction) 19 threads: 19894
N° triangles 20 threads: 19894
N° triangles (seq construction) 20 threads: 19894

Iteration 24
N° triangles single core: 19894
N° triangles 2 threads: 19894
N° triangles (seq construction) 2 threads: 19894
N° triangles 3 threads: 19894
N° triangles (seq construction) 3 threads: 19894
N° triangles 4 threads: 19894
N° triangles (seq construction) 4 threads: 19894
N° triangles 5 threads: 19894
N° triangles (seq construction) 5 threads: 19894
N° triangles 6 threads: 19894
N° triangles (seq construction) 6 threads: 19894
N° triangles 7 threads: 19894
N° triangles (seq construction) 7 threads: 19894
N° triangles 8 threads: 19894
N° triangles (seq construction) 8 threads: 19894
N° triangles 9 threads: 19894
N° triangles (seq construction) 9 threads: 19894
N° triangles 10 threads: 19894
N° triangles (seq construction) 10 threads: 19894
N° triangles 11 threads: 19894
N° triangles (seq construction) 11 threads: 19894
N° triangles 12 threads: 19894
N° triangles (seq construction) 12 threads: 19894
N° triangles 13 threads: 19894
N° triangles (seq construction) 13 threads: 19894
N° triangles 14 threads: 19894
N° triangles (seq construction) 14 threads: 19894
N° triangles 15 threads: 19894
N° triangles (seq construction) 15 threads: 19894
N° triangles 16 threads: 19894
N° triangles (seq construction) 16 threads: 19894
N° triangles 17 threads: 19894
N° triangles (seq construction) 17 threads: 19894
N° triangles 18 threads: 19894
N° triangles (seq construction) 18 threads: 19894
N° triangles 19 threads: 19894
N° triangles (seq construction) 19 threads: 19894
N° triangles 20 threads: 19894
N° triangles (seq construction) 20 threads: 19894

Iteration 25
N° triangles single core: 19894
N° triangles 2 threads: 19894
N° triangles (seq construction) 2 threads: 19894
N° triangles 3 threads: 19894
N° triangles (seq construction) 3 threads: 19894
N° triangles 4 threads: 19894
N° triangles (seq construction) 4 threads: 19894
N° triangles 5 threads: 19894
N° triangles (seq construction) 5 threads: 19894
N° triangles 6 threads: 19894
N° triangles (seq construction) 6 threads: 19894
N° triangles 7 threads: 19894
N° triangles (seq construction) 7 threads: 19894
N° triangles 8 threads: 19894
N° triangles (seq construction) 8 threads: 19894
N° triangles 9 threads: 19894
N° triangles (seq construction) 9 threads: 19894
N° triangles 10 threads: 19894
N° triangles (seq construction) 10 threads: 19894
N° triangles 11 threads: 19894
N° triangles (seq construction) 11 threads: 19894
N° triangles 12 threads: 19894
N° triangles (seq construction) 12 threads: 19894
N° triangles 13 threads: 19894
N° triangles (seq construction) 13 threads: 19894
N° triangles 14 threads: 19894
N° triangles (seq construction) 14 threads: 19894
N° triangles 15 threads: 19894
N° triangles (seq construction) 15 threads: 19894
N° triangles 16 threads: 19894
N° triangles (seq construction) 16 threads: 19894
N° triangles 17 threads: 19894
N° triangles (seq construction) 17 threads: 19894
N° triangles 18 threads: 19894
N° triangles (seq construction) 18 threads: 19894
N° triangles 19 threads: 19894
N° triangles (seq construction) 19 threads: 19894
N° triangles 20 threads: 19894
N° triangles (seq construction) 20 threads: 19894

Iteration 26
N° triangles single core: 19894
N° triangles 2 threads: 19894
N° triangles (seq construction) 2 threads: 19894
N° triangles 3 threads: 19894
N° triangles (seq construction) 3 threads: 19894
N° triangles 4 threads: 19894
N° triangles (seq construction) 4 threads: 19894
N° triangles 5 threads: 19894
N° triangles (seq construction) 5 threads: 19894
N° triangles 6 threads: 19894
N° triangles (seq construction) 6 threads: 19894
N° triangles 7 threads: 19894
N° triangles (seq construction) 7 threads: 19894
N° triangles 8 threads: 19894
N° triangles (seq construction) 8 threads: 19894
N° triangles 9 threads: 19894
N° triangles (seq construction) 9 threads: 19894
N° triangles 10 threads: 19894
N° triangles (seq construction) 10 threads: 19894
N° triangles 11 threads: 19894
N° triangles (seq construction) 11 threads: 19894
N° triangles 12 threads: 19894
N° triangles (seq construction) 12 threads: 19894
N° triangles 13 threads: 19894
N° triangles (seq construction) 13 threads: 19894
N° triangles 14 threads: 19894
N° triangles (seq construction) 14 threads: 19894
N° triangles 15 threads: 19894
N° triangles (seq construction) 15 threads: 19894
N° triangles 16 threads: 19894
N° triangles (seq construction) 16 threads: 19894
N° triangles 17 threads: 19894
N° triangles (seq construction) 17 threads: 19894
N° triangles 18 threads: 19894
N° triangles (seq construction) 18 threads: 19894
N° triangles 19 threads: 19894
N° triangles (seq construction) 19 threads: 19894
N° triangles 20 threads: 19894
N° triangles (seq construction) 20 threads: 19894

Iteration 27
N° triangles single core: 19894
N° triangles 2 threads: 19894
N° triangles (seq construction) 2 threads: 19894
N° triangles 3 threads: 19894
N° triangles (seq construction) 3 threads: 19894
N° triangles 4 threads: 19894
N° triangles (seq construction) 4 threads: 19894
N° triangles 5 threads: 19894
N° triangles (seq construction) 5 threads: 19894
N° triangles 6 threads: 19894
N° triangles (seq construction) 6 threads: 19894
N° triangles 7 threads: 19894
N° triangles (seq construction) 7 threads: 19894
N° triangles 8 threads: 19894
N° triangles (seq construction) 8 threads: 19894
N° triangles 9 threads: 19894
N° triangles (seq construction) 9 threads: 19894
N° triangles 10 threads: 19894
N° triangles (seq construction) 10 threads: 19894
N° triangles 11 threads: 19894
N° triangles (seq construction) 11 threads: 19894
N° triangles 12 threads: 19894
N° triangles (seq construction) 12 threads: 19894
N° triangles 13 threads: 19894
N° triangles (seq construction) 13 threads: 19894
N° triangles 14 threads: 19894
N° triangles (seq construction) 14 threads: 19894
N° triangles 15 threads: 19894
N° triangles (seq construction) 15 threads: 19894
N° triangles 16 threads: 19894
N° triangles (seq construction) 16 threads: 19894
N° triangles 17 threads: 19894
N° triangles (seq construction) 17 threads: 19894
N° triangles 18 threads: 19894
N° triangles (seq construction) 18 threads: 19894
N° triangles 19 threads: 19894
N° triangles (seq construction) 19 threads: 19894
N° triangles 20 threads: 19894
N° triangles (seq construction) 20 threads: 19894

Iteration 28
N° triangles single core: 19894
N° triangles 2 threads: 19894
N° triangles (seq construction) 2 threads: 19894
N° triangles 3 threads: 19894
N° triangles (seq construction) 3 threads: 19894
N° triangles 4 threads: 19894
N° triangles (seq construction) 4 threads: 19894
N° triangles 5 threads: 19894
N° triangles (seq construction) 5 threads: 19894
N° triangles 6 threads: 19894
N° triangles (seq construction) 6 threads: 19894
N° triangles 7 threads: 19894
N° triangles (seq construction) 7 threads: 19894
N° triangles 8 threads: 19894
N° triangles (seq construction) 8 threads: 19894
N° triangles 9 threads: 19894
N° triangles (seq construction) 9 threads: 19894
N° triangles 10 threads: 19894
N° triangles (seq construction) 10 threads: 19894
N° triangles 11 threads: 19894
N° triangles (seq construction) 11 threads: 19894
N° triangles 12 threads: 19894
N° triangles (seq construction) 12 threads: 19894
N° triangles 13 threads: 19894
N° triangles (seq construction) 13 threads: 19894
N° triangles 14 threads: 19894
N° triangles (seq construction) 14 threads: 19894
N° triangles 15 threads: 19894
N° triangles (seq construction) 15 threads: 19894
N° triangles 16 threads: 19894
N° triangles (seq construction) 16 threads: 19894
N° triangles 17 threads: 19894
N° triangles (seq construction) 17 threads: 19894
N° triangles 18 threads: 19894
N° triangles (seq construction) 18 threads: 19894
N° triangles 19 threads: 19894
N° triangles (seq construction) 19 threads: 19894
N° triangles 20 threads: 19894
N° triangles (seq construction) 20 threads: 19894

Iteration 29
N° triangles single core: 19894
N° triangles 2 threads: 19894
N° triangles (seq construction) 2 threads: 19894
N° triangles 3 threads: 19894
N° triangles (seq construction) 3 threads: 19894
N° triangles 4 threads: 19894
N° triangles (seq construction) 4 threads: 19894
N° triangles 5 threads: 19894
N° triangles (seq construction) 5 threads: 19894
N° triangles 6 threads: 19894
N° triangles (seq construction) 6 threads: 19894
N° triangles 7 threads: 19894
N° triangles (seq construction) 7 threads: 19894
N° triangles 8 threads: 19894
N° triangles (seq construction) 8 threads: 19894
N° triangles 9 threads: 19894
N° triangles (seq construction) 9 threads: 19894
N° triangles 10 threads: 19894
N° triangles (seq construction) 10 threads: 19894
N° triangles 11 threads: 19894
N° triangles (seq construction) 11 threads: 19894
N° triangles 12 threads: 19894
N° triangles (seq construction) 12 threads: 19894
N° triangles 13 threads: 19894
N° triangles (seq construction) 13 threads: 19894
N° triangles 14 threads: 19894
N° triangles (seq construction) 14 threads: 19894
N° triangles 15 threads: 19894
N° triangles (seq construction) 15 threads: 19894
N° triangles 16 threads: 19894
N° triangles (seq construction) 16 threads: 19894
N° triangles 17 threads: 19894
N° triangles (seq construction) 17 threads: 19894
N° triangles 18 threads: 19894
N° triangles (seq construction) 18 threads: 19894
N° triangles 19 threads: 19894
N° triangles (seq construction) 19 threads: 19894
N° triangles 20 threads: 19894
N° triangles (seq construction) 20 threads: 19894

Iteration 30
N° triangles single core: 19894
N° triangles 2 threads: 19894
N° triangles (seq construction) 2 threads: 19894
N° triangles 3 threads: 19894
N° triangles (seq construction) 3 threads: 19894
N° triangles 4 threads: 19894
N° triangles (seq construction) 4 threads: 19894
N° triangles 5 threads: 19894
N° triangles (seq construction) 5 threads: 19894
N° triangles 6 threads: 19894
N° triangles (seq construction) 6 threads: 19894
N° triangles 7 threads: 19894
N° triangles (seq construction) 7 threads: 19894
N° triangles 8 threads: 19894
N° triangles (seq construction) 8 threads: 19894
N° triangles 9 threads: 19894
N° triangles (seq construction) 9 threads: 19894
N° triangles 10 threads: 19894
N° triangles (seq construction) 10 threads: 19894
N° triangles 11 threads: 19894
N° triangles (seq construction) 11 threads: 19894
N° triangles 12 threads: 19894
N° triangles (seq construction) 12 threads: 19894
N° triangles 13 threads: 19894
N° triangles (seq construction) 13 threads: 19894
N° triangles 14 threads: 19894
N° triangles (seq construction) 14 threads: 19894
N° triangles 15 threads: 19894
N° triangles (seq construction) 15 threads: 19894
N° triangles 16 threads: 19894
N° triangles (seq construction) 16 threads: 19894
N° triangles 17 threads: 19894
N° triangles (seq construction) 17 threads: 19894
N° triangles 18 threads: 19894
N° triangles (seq construction) 18 threads: 19894
N° triangles 19 threads: 19894
N° triangles (seq construction) 19 threads: 19894
N° triangles 20 threads: 19894
N° triangles (seq construction) 20 threads: 19894

Iteration 31
N° triangles single core: 19894
N° triangles 2 threads: 19894
N° triangles (seq construction) 2 threads: 19894
N° triangles 3 threads: 19894
N° triangles (seq construction) 3 threads: 19894
N° triangles 4 threads: 19894
N° triangles (seq construction) 4 threads: 19894
N° triangles 5 threads: 19894
N° triangles (seq construction) 5 threads: 19894
N° triangles 6 threads: 19894
N° triangles (seq construction) 6 threads: 19894
N° triangles 7 threads: 19894
N° triangles (seq construction) 7 threads: 19894
N° triangles 8 threads: 19894
N° triangles (seq construction) 8 threads: 19894
N° triangles 9 threads: 19894
N° triangles (seq construction) 9 threads: 19894
N° triangles 10 threads: 19894
N° triangles (seq construction) 10 threads: 19894
N° triangles 11 threads: 19894
N° triangles (seq construction) 11 threads: 19894
N° triangles 12 threads: 19894
N° triangles (seq construction) 12 threads: 19894
N° triangles 13 threads: 19894
N° triangles (seq construction) 13 threads: 19894
N° triangles 14 threads: 19894
N° triangles (seq construction) 14 threads: 19894
N° triangles 15 threads: 19894
N° triangles (seq construction) 15 threads: 19894
N° triangles 16 threads: 19894
N° triangles (seq construction) 16 threads: 19894
N° triangles 17 threads: 19894
N° triangles (seq construction) 17 threads: 19894
N° triangles 18 threads: 19894
N° triangles (seq construction) 18 threads: 19894
N° triangles 19 threads: 19894
N° triangles (seq construction) 19 threads: 19894
N° triangles 20 threads: 19894
N° triangles (seq construction) 20 threads: 19894

Iteration 32
N° triangles single core: 19894
N° triangles 2 threads: 19894
N° triangles (seq construction) 2 threads: 19894
N° triangles 3 threads: 19894
N° triangles (seq construction) 3 threads: 19894
N° triangles 4 threads: 19894
N° triangles (seq construction) 4 threads: 19894
N° triangles 5 threads: 19894
N° triangles (seq construction) 5 threads: 19894
N° triangles 6 threads: 19894
N° triangles (seq construction) 6 threads: 19894
N° triangles 7 threads: 19894
N° triangles (seq construction) 7 threads: 19894
N° triangles 8 threads: 19894
N° triangles (seq construction) 8 threads: 19894
N° triangles 9 threads: 19894
N° triangles (seq construction) 9 threads: 19894
N° triangles 10 threads: 19894
N° triangles (seq construction) 10 threads: 19894
N° triangles 11 threads: 19894
N° triangles (seq construction) 11 threads: 19894
N° triangles 12 threads: 19894
N° triangles (seq construction) 12 threads: 19894
N° triangles 13 threads: 19894
N° triangles (seq construction) 13 threads: 19894
N° triangles 14 threads: 19894
N° triangles (seq construction) 14 threads: 19894
N° triangles 15 threads: 19894
N° triangles (seq construction) 15 threads: 19894
N° triangles 16 threads: 19894
N° triangles (seq construction) 16 threads: 19894
N° triangles 17 threads: 19894
N° triangles (seq construction) 17 threads: 19894
N° triangles 18 threads: 19894
N° triangles (seq construction) 18 threads: 19894
N° triangles 19 threads: 19894
N° triangles (seq construction) 19 threads: 19894
N° triangles 20 threads: 19894
N° triangles (seq construction) 20 threads: 19894

Iteration 33
N° triangles single core: 19894
N° triangles 2 threads: 19894
N° triangles (seq construction) 2 threads: 19894
N° triangles 3 threads: 19894
N° triangles (seq construction) 3 threads: 19894
N° triangles 4 threads: 19894
N° triangles (seq construction) 4 threads: 19894
N° triangles 5 threads: 19894
N° triangles (seq construction) 5 threads: 19894
N° triangles 6 threads: 19894
N° triangles (seq construction) 6 threads: 19894
N° triangles 7 threads: 19894
N° triangles (seq construction) 7 threads: 19894
N° triangles 8 threads: 19894
N° triangles (seq construction) 8 threads: 19894
N° triangles 9 threads: 19894
N° triangles (seq construction) 9 threads: 19894
N° triangles 10 threads: 19894
N° triangles (seq construction) 10 threads: 19894
N° triangles 11 threads: 19894
N° triangles (seq construction) 11 threads: 19894
N° triangles 12 threads: 19894
N° triangles (seq construction) 12 threads: 19894
N° triangles 13 threads: 19894
N° triangles (seq construction) 13 threads: 19894
N° triangles 14 threads: 19894
N° triangles (seq construction) 14 threads: 19894
N° triangles 15 threads: 19894
N° triangles (seq construction) 15 threads: 19894
N° triangles 16 threads: 19894
N° triangles (seq construction) 16 threads: 19894
N° triangles 17 threads: 19894
N° triangles (seq construction) 17 threads: 19894
N° triangles 18 threads: 19894
N° triangles (seq construction) 18 threads: 19894
N° triangles 19 threads: 19894
N° triangles (seq construction) 19 threads: 19894
N° triangles 20 threads: 19894
N° triangles (seq construction) 20 threads: 19894

Iteration 34
N° triangles single core: 19894
N° triangles 2 threads: 19894
N° triangles (seq construction) 2 threads: 19894
N° triangles 3 threads: 19894
N° triangles (seq construction) 3 threads: 19894
N° triangles 4 threads: 19894
N° triangles (seq construction) 4 threads: 19894
N° triangles 5 threads: 19894
N° triangles (seq construction) 5 threads: 19894
N° triangles 6 threads: 19894
N° triangles (seq construction) 6 threads: 19894
N° triangles 7 threads: 19894
N° triangles (seq construction) 7 threads: 19894
N° triangles 8 threads: 19894
N° triangles (seq construction) 8 threads: 19894
N° triangles 9 threads: 19894
N° triangles (seq construction) 9 threads: 19894
N° triangles 10 threads: 19894
N° triangles (seq construction) 10 threads: 19894
N° triangles 11 threads: 19894
N° triangles (seq construction) 11 threads: 19894
N° triangles 12 threads: 19894
N° triangles (seq construction) 12 threads: 19894
N° triangles 13 threads: 19894
N° triangles (seq construction) 13 threads: 19894
N° triangles 14 threads: 19894
N° triangles (seq construction) 14 threads: 19894
N° triangles 15 threads: 19894
N° triangles (seq construction) 15 threads: 19894
N° triangles 16 threads: 19894
N° triangles (seq construction) 16 threads: 19894
N° triangles 17 threads: 19894
N° triangles (seq construction) 17 threads: 19894
N° triangles 18 threads: 19894
N° triangles (seq construction) 18 threads: 19894
N° triangles 19 threads: 19894
N° triangles (seq construction) 19 threads: 19894
N° triangles 20 threads: 19894
N° triangles (seq construction) 20 threads: 19894

Iteration 35
N° triangles single core: 19894
N° triangles 2 threads: 19894
N° triangles (seq construction) 2 threads: 19894
N° triangles 3 threads: 19894
N° triangles (seq construction) 3 threads: 19894
N° triangles 4 threads: 19894
N° triangles (seq construction) 4 threads: 19894
N° triangles 5 threads: 19894
N° triangles (seq construction) 5 threads: 19894
N° triangles 6 threads: 19894
N° triangles (seq construction) 6 threads: 19894
N° triangles 7 threads: 19894
N° triangles (seq construction) 7 threads: 19894
N° triangles 8 threads: 19894
N° triangles (seq construction) 8 threads: 19894
N° triangles 9 threads: 19894
N° triangles (seq construction) 9 threads: 19894
N° triangles 10 threads: 19894
N° triangles (seq construction) 10 threads: 19894
N° triangles 11 threads: 19894
N° triangles (seq construction) 11 threads: 19894
N° triangles 12 threads: 19894
N° triangles (seq construction) 12 threads: 19894
N° triangles 13 threads: 19894
N° triangles (seq construction) 13 threads: 19894
N° triangles 14 threads: 19894
N° triangles (seq construction) 14 threads: 19894
N° triangles 15 threads: 19894
N° triangles (seq construction) 15 threads: 19894
N° triangles 16 threads: 19894
N° triangles (seq construction) 16 threads: 19894
N° triangles 17 threads: 19894
N° triangles (seq construction) 17 threads: 19894
N° triangles 18 threads: 19894
N° triangles (seq construction) 18 threads: 19894
N° triangles 19 threads: 19894
N° triangles (seq construction) 19 threads: 19894
N° triangles 20 threads: 19894
N° triangles (seq construction) 20 threads: 19894

Iteration 36
N° triangles single core: 19894
N° triangles 2 threads: 19894
N° triangles (seq construction) 2 threads: 19894
N° triangles 3 threads: 19894
N° triangles (seq construction) 3 threads: 19894
N° triangles 4 threads: 19894
N° triangles (seq construction) 4 threads: 19894
N° triangles 5 threads: 19894
N° triangles (seq construction) 5 threads: 19894
N° triangles 6 threads: 19894
N° triangles (seq construction) 6 threads: 19894
N° triangles 7 threads: 19894
N° triangles (seq construction) 7 threads: 19894
N° triangles 8 threads: 19894
N° triangles (seq construction) 8 threads: 19894
N° triangles 9 threads: 19894
N° triangles (seq construction) 9 threads: 19894
N° triangles 10 threads: 19894
N° triangles (seq construction) 10 threads: 19894
N° triangles 11 threads: 19894
N° triangles (seq construction) 11 threads: 19894
N° triangles 12 threads: 19894
N° triangles (seq construction) 12 threads: 19894
N° triangles 13 threads: 19894
N° triangles (seq construction) 13 threads: 19894
N° triangles 14 threads: 19894
N° triangles (seq construction) 14 threads: 19894
N° triangles 15 threads: 19894
N° triangles (seq construction) 15 threads: 19894
N° triangles 16 threads: 19894
N° triangles (seq construction) 16 threads: 19894
N° triangles 17 threads: 19894
N° triangles (seq construction) 17 threads: 19894
N° triangles 18 threads: 19894
N° triangles (seq construction) 18 threads: 19894
N° triangles 19 threads: 19894
N° triangles (seq construction) 19 threads: 19894
N° triangles 20 threads: 19894
N° triangles (seq construction) 20 threads: 19894

Iteration 37
N° triangles single core: 19894
N° triangles 2 threads: 19894
N° triangles (seq construction) 2 threads: 19894
N° triangles 3 threads: 19894
N° triangles (seq construction) 3 threads: 19894
N° triangles 4 threads: 19894
N° triangles (seq construction) 4 threads: 19894
N° triangles 5 threads: 19894
N° triangles (seq construction) 5 threads: 19894
N° triangles 6 threads: 19894
N° triangles (seq construction) 6 threads: 19894
N° triangles 7 threads: 19894
N° triangles (seq construction) 7 threads: 19894
N° triangles 8 threads: 19894
N° triangles (seq construction) 8 threads: 19894
N° triangles 9 threads: 19894
N° triangles (seq construction) 9 threads: 19894
N° triangles 10 threads: 19894
N° triangles (seq construction) 10 threads: 19894
N° triangles 11 threads: 19894
N° triangles (seq construction) 11 threads: 19894
N° triangles 12 threads: 19894
N° triangles (seq construction) 12 threads: 19894
N° triangles 13 threads: 19894
N° triangles (seq construction) 13 threads: 19894
N° triangles 14 threads: 19894
N° triangles (seq construction) 14 threads: 19894
N° triangles 15 threads: 19894
N° triangles (seq construction) 15 threads: 19894
N° triangles 16 threads: 19894
N° triangles (seq construction) 16 threads: 19894
N° triangles 17 threads: 19894
N° triangles (seq construction) 17 threads: 19894
N° triangles 18 threads: 19894
N° triangles (seq construction) 18 threads: 19894
N° triangles 19 threads: 19894
N° triangles (seq construction) 19 threads: 19894
N° triangles 20 threads: 19894
N° triangles (seq construction) 20 threads: 19894

Iteration 38
N° triangles single core: 19894
N° triangles 2 threads: 19894
N° triangles (seq construction) 2 threads: 19894
N° triangles 3 threads: 19894
N° triangles (seq construction) 3 threads: 19894
N° triangles 4 threads: 19894
N° triangles (seq construction) 4 threads: 19894
N° triangles 5 threads: 19894
N° triangles (seq construction) 5 threads: 19894
N° triangles 6 threads: 19894
N° triangles (seq construction) 6 threads: 19894
N° triangles 7 threads: 19894
N° triangles (seq construction) 7 threads: 19894
N° triangles 8 threads: 19894
N° triangles (seq construction) 8 threads: 19894
N° triangles 9 threads: 19894
N° triangles (seq construction) 9 threads: 19894
N° triangles 10 threads: 19894
N° triangles (seq construction) 10 threads: 19894
N° triangles 11 threads: 19894
N° triangles (seq construction) 11 threads: 19894
N° triangles 12 threads: 19894
N° triangles (seq construction) 12 threads: 19894
N° triangles 13 threads: 19894
N° triangles (seq construction) 13 threads: 19894
N° triangles 14 threads: 19894
N° triangles (seq construction) 14 threads: 19894
N° triangles 15 threads: 19894
N° triangles (seq construction) 15 threads: 19894
N° triangles 16 threads: 19894
N° triangles (seq construction) 16 threads: 19894
N° triangles 17 threads: 19894
N° triangles (seq construction) 17 threads: 19894
N° triangles 18 threads: 19894
N° triangles (seq construction) 18 threads: 19894
N° triangles 19 threads: 19894
N° triangles (seq construction) 19 threads: 19894
N° triangles 20 threads: 19894
N° triangles (seq construction) 20 threads: 19894

Iteration 39
N° triangles single core: 19894
N° triangles 2 threads: 19894
N° triangles (seq construction) 2 threads: 19894
N° triangles 3 threads: 19894
N° triangles (seq construction) 3 threads: 19894
N° triangles 4 threads: 19894
N° triangles (seq construction) 4 threads: 19894
N° triangles 5 threads: 19894
N° triangles (seq construction) 5 threads: 19894
N° triangles 6 threads: 19894
N° triangles (seq construction) 6 threads: 19894
N° triangles 7 threads: 19894
N° triangles (seq construction) 7 threads: 19894
N° triangles 8 threads: 19894
N° triangles (seq construction) 8 threads: 19894
N° triangles 9 threads: 19894
N° triangles (seq construction) 9 threads: 19894
N° triangles 10 threads: 19894
N° triangles (seq construction) 10 threads: 19894
N° triangles 11 threads: 19894
N° triangles (seq construction) 11 threads: 19894
N° triangles 12 threads: 19894
N° triangles (seq construction) 12 threads: 19894
N° triangles 13 threads: 19894
N° triangles (seq construction) 13 threads: 19894
N° triangles 14 threads: 19894
N° triangles (seq construction) 14 threads: 19894
N° triangles 15 threads: 19894
N° triangles (seq construction) 15 threads: 19894
N° triangles 16 threads: 19894
N° triangles (seq construction) 16 threads: 19894
N° triangles 17 threads: 19894
N° triangles (seq construction) 17 threads: 19894
N° triangles 18 threads: 19894
N° triangles (seq construction) 18 threads: 19894
N° triangles 19 threads: 19894
N° triangles (seq construction) 19 threads: 19894
N° triangles 20 threads: 19894
N° triangles (seq construction) 20 threads: 19894

Iteration 40
N° triangles single core: 19894
N° triangles 2 threads: 19894
N° triangles (seq construction) 2 threads: 19894
N° triangles 3 threads: 19894
N° triangles (seq construction) 3 threads: 19894
N° triangles 4 threads: 19894
N° triangles (seq construction) 4 threads: 19894
N° triangles 5 threads: 19894
N° triangles (seq construction) 5 threads: 19894
N° triangles 6 threads: 19894
N° triangles (seq construction) 6 threads: 19894
N° triangles 7 threads: 19894
N° triangles (seq construction) 7 threads: 19894
N° triangles 8 threads: 19894
N° triangles (seq construction) 8 threads: 19894
N° triangles 9 threads: 19894
N° triangles (seq construction) 9 threads: 19894
N° triangles 10 threads: 19894
N° triangles (seq construction) 10 threads: 19894
N° triangles 11 threads: 19894
N° triangles (seq construction) 11 threads: 19894
N° triangles 12 threads: 19894
N° triangles (seq construction) 12 threads: 19894
N° triangles 13 threads: 19894
N° triangles (seq construction) 13 threads: 19894
N° triangles 14 threads: 19894
N° triangles (seq construction) 14 threads: 19894
N° triangles 15 threads: 19894
N° triangles (seq construction) 15 threads: 19894
N° triangles 16 threads: 19894
N° triangles (seq construction) 16 threads: 19894
N° triangles 17 threads: 19894
N° triangles (seq construction) 17 threads: 19894
N° triangles 18 threads: 19894
N° triangles (seq construction) 18 threads: 19894
N° triangles 19 threads: 19894
N° triangles (seq construction) 19 threads: 19894
N° triangles 20 threads: 19894
N° triangles (seq construction) 20 threads: 19894

Iteration 41
N° triangles single core: 19894
N° triangles 2 threads: 19894
N° triangles (seq construction) 2 threads: 19894
N° triangles 3 threads: 19894
N° triangles (seq construction) 3 threads: 19894
N° triangles 4 threads: 19894
N° triangles (seq construction) 4 threads: 19894
N° triangles 5 threads: 19894
N° triangles (seq construction) 5 threads: 19894
N° triangles 6 threads: 19894
N° triangles (seq construction) 6 threads: 19894
N° triangles 7 threads: 19894
N° triangles (seq construction) 7 threads: 19894
N° triangles 8 threads: 19894
N° triangles (seq construction) 8 threads: 19894
N° triangles 9 threads: 19894
N° triangles (seq construction) 9 threads: 19894
N° triangles 10 threads: 19894
N° triangles (seq construction) 10 threads: 19894
N° triangles 11 threads: 19894
N° triangles (seq construction) 11 threads: 19894
N° triangles 12 threads: 19894
N° triangles (seq construction) 12 threads: 19894
N° triangles 13 threads: 19894
N° triangles (seq construction) 13 threads: 19894
N° triangles 14 threads: 19894
N° triangles (seq construction) 14 threads: 19894
N° triangles 15 threads: 19894
N° triangles (seq construction) 15 threads: 19894
N° triangles 16 threads: 19894
N° triangles (seq construction) 16 threads: 19894
N° triangles 17 threads: 19894
N° triangles (seq construction) 17 threads: 19894
N° triangles 18 threads: 19894
N° triangles (seq construction) 18 threads: 19894
N° triangles 19 threads: 19894
N° triangles (seq construction) 19 threads: 19894
N° triangles 20 threads: 19894
N° triangles (seq construction) 20 threads: 19894

Iteration 42
N° triangles single core: 19894
N° triangles 2 threads: 19894
N° triangles (seq construction) 2 threads: 19894
N° triangles 3 threads: 19894
N° triangles (seq construction) 3 threads: 19894
N° triangles 4 threads: 19894
N° triangles (seq construction) 4 threads: 19894
N° triangles 5 threads: 19894
N° triangles (seq construction) 5 threads: 19894
N° triangles 6 threads: 19894
N° triangles (seq construction) 6 threads: 19894
N° triangles 7 threads: 19894
N° triangles (seq construction) 7 threads: 19894
N° triangles 8 threads: 19894
N° triangles (seq construction) 8 threads: 19894
N° triangles 9 threads: 19894
N° triangles (seq construction) 9 threads: 19894
N° triangles 10 threads: 19894
N° triangles (seq construction) 10 threads: 19894
N° triangles 11 threads: 19894
N° triangles (seq construction) 11 threads: 19894
N° triangles 12 threads: 19894
N° triangles (seq construction) 12 threads: 19894
N° triangles 13 threads: 19894
N° triangles (seq construction) 13 threads: 19894
N° triangles 14 threads: 19894
N° triangles (seq construction) 14 threads: 19894
N° triangles 15 threads: 19894
N° triangles (seq construction) 15 threads: 19894
N° triangles 16 threads: 19894
N° triangles (seq construction) 16 threads: 19894
N° triangles 17 threads: 19894
N° triangles (seq construction) 17 threads: 19894
N° triangles 18 threads: 19894
N° triangles (seq construction) 18 threads: 19894
N° triangles 19 threads: 19894
N° triangles (seq construction) 19 threads: 19894
N° triangles 20 threads: 19894
N° triangles (seq construction) 20 threads: 19894

Iteration 43
N° triangles single core: 19894
N° triangles 2 threads: 19894
N° triangles (seq construction) 2 threads: 19894
N° triangles 3 threads: 19894
N° triangles (seq construction) 3 threads: 19894
N° triangles 4 threads: 19894
N° triangles (seq construction) 4 threads: 19894
N° triangles 5 threads: 19894
N° triangles (seq construction) 5 threads: 19894
N° triangles 6 threads: 19894
N° triangles (seq construction) 6 threads: 19894
N° triangles 7 threads: 19894
N° triangles (seq construction) 7 threads: 19894
N° triangles 8 threads: 19894
N° triangles (seq construction) 8 threads: 19894
N° triangles 9 threads: 19894
N° triangles (seq construction) 9 threads: 19894
N° triangles 10 threads: 19894
N° triangles (seq construction) 10 threads: 19894
N° triangles 11 threads: 19894
N° triangles (seq construction) 11 threads: 19894
N° triangles 12 threads: 19894
N° triangles (seq construction) 12 threads: 19894
N° triangles 13 threads: 19894
N° triangles (seq construction) 13 threads: 19894
N° triangles 14 threads: 19894
N° triangles (seq construction) 14 threads: 19894
N° triangles 15 threads: 19894
N° triangles (seq construction) 15 threads: 19894
N° triangles 16 threads: 19894
N° triangles (seq construction) 16 threads: 19894
N° triangles 17 threads: 19894
N° triangles (seq construction) 17 threads: 19894
N° triangles 18 threads: 19894
N° triangles (seq construction) 18 threads: 19894
N° triangles 19 threads: 19894
N° triangles (seq construction) 19 threads: 19894
N° triangles 20 threads: 19894
N° triangles (seq construction) 20 threads: 19894

Iteration 44
N° triangles single core: 19894
N° triangles 2 threads: 19894
N° triangles (seq construction) 2 threads: 19894
N° triangles 3 threads: 19894
N° triangles (seq construction) 3 threads: 19894
N° triangles 4 threads: 19894
N° triangles (seq construction) 4 threads: 19894
N° triangles 5 threads: 19894
N° triangles (seq construction) 5 threads: 19894
N° triangles 6 threads: 19894
N° triangles (seq construction) 6 threads: 19894
N° triangles 7 threads: 19894
N° triangles (seq construction) 7 threads: 19894
N° triangles 8 threads: 19894
N° triangles (seq construction) 8 threads: 19894
N° triangles 9 threads: 19894
N° triangles (seq construction) 9 threads: 19894
N° triangles 10 threads: 19894
N° triangles (seq construction) 10 threads: 19894
N° triangles 11 threads: 19894
N° triangles (seq construction) 11 threads: 19894
N° triangles 12 threads: 19894
N° triangles (seq construction) 12 threads: 19894
N° triangles 13 threads: 19894
N° triangles (seq construction) 13 threads: 19894
N° triangles 14 threads: 19894
N° triangles (seq construction) 14 threads: 19894
N° triangles 15 threads: 19894
N° triangles (seq construction) 15 threads: 19894
N° triangles 16 threads: 19894
N° triangles (seq construction) 16 threads: 19894
N° triangles 17 threads: 19894
N° triangles (seq construction) 17 threads: 19894
N° triangles 18 threads: 19894
N° triangles (seq construction) 18 threads: 19894
N° triangles 19 threads: 19894
N° triangles (seq construction) 19 threads: 19894
N° triangles 20 threads: 19894
N° triangles (seq construction) 20 threads: 19894

Iteration 45
N° triangles single core: 19894
N° triangles 2 threads: 19894
N° triangles (seq construction) 2 threads: 19894
N° triangles 3 threads: 19894
N° triangles (seq construction) 3 threads: 19894
N° triangles 4 threads: 19894
N° triangles (seq construction) 4 threads: 19894
N° triangles 5 threads: 19894
N° triangles (seq construction) 5 threads: 19894
N° triangles 6 threads: 19894
N° triangles (seq construction) 6 threads: 19894
N° triangles 7 threads: 19894
N° triangles (seq construction) 7 threads: 19894
N° triangles 8 threads: 19894
N° triangles (seq construction) 8 threads: 19894
N° triangles 9 threads: 19894
N° triangles (seq construction) 9 threads: 19894
N° triangles 10 threads: 19894
N° triangles (seq construction) 10 threads: 19894
N° triangles 11 threads: 19894
N° triangles (seq construction) 11 threads: 19894
N° triangles 12 threads: 19894
N° triangles (seq construction) 12 threads: 19894
N° triangles 13 threads: 19894
N° triangles (seq construction) 13 threads: 19894
N° triangles 14 threads: 19894
N° triangles (seq construction) 14 threads: 19894
N° triangles 15 threads: 19894
N° triangles (seq construction) 15 threads: 19894
N° triangles 16 threads: 19894
N° triangles (seq construction) 16 threads: 19894
N° triangles 17 threads: 19894
N° triangles (seq construction) 17 threads: 19894
N° triangles 18 threads: 19894
N° triangles (seq construction) 18 threads: 19894
N° triangles 19 threads: 19894
N° triangles (seq construction) 19 threads: 19894
N° triangles 20 threads: 19894
N° triangles (seq construction) 20 threads: 19894

Iteration 46
N° triangles single core: 19894
N° triangles 2 threads: 19894
N° triangles (seq construction) 2 threads: 19894
N° triangles 3 threads: 19894
N° triangles (seq construction) 3 threads: 19894
N° triangles 4 threads: 19894
N° triangles (seq construction) 4 threads: 19894
N° triangles 5 threads: 19894
N° triangles (seq construction) 5 threads: 19894
N° triangles 6 threads: 19894
N° triangles (seq construction) 6 threads: 19894
N° triangles 7 threads: 19894
N° triangles (seq construction) 7 threads: 19894
N° triangles 8 threads: 19894
N° triangles (seq construction) 8 threads: 19894
N° triangles 9 threads: 19894
N° triangles (seq construction) 9 threads: 19894
N° triangles 10 threads: 19894
N° triangles (seq construction) 10 threads: 19894
N° triangles 11 threads: 19894
N° triangles (seq construction) 11 threads: 19894
N° triangles 12 threads: 19894
N° triangles (seq construction) 12 threads: 19894
N° triangles 13 threads: 19894
N° triangles (seq construction) 13 threads: 19894
N° triangles 14 threads: 19894
N° triangles (seq construction) 14 threads: 19894
N° triangles 15 threads: 19894
N° triangles (seq construction) 15 threads: 19894
N° triangles 16 threads: 19894
N° triangles (seq construction) 16 threads: 19894
N° triangles 17 threads: 19894
N° triangles (seq construction) 17 threads: 19894
N° triangles 18 threads: 19894
N° triangles (seq construction) 18 threads: 19894
N° triangles 19 threads: 19894
N° triangles (seq construction) 19 threads: 19894
N° triangles 20 threads: 19894
N° triangles (seq construction) 20 threads: 19894

Iteration 47
N° triangles single core: 19894
N° triangles 2 threads: 19894
N° triangles (seq construction) 2 threads: 19894
N° triangles 3 threads: 19894
N° triangles (seq construction) 3 threads: 19894
N° triangles 4 threads: 19894
N° triangles (seq construction) 4 threads: 19894
N° triangles 5 threads: 19894
N° triangles (seq construction) 5 threads: 19894
N° triangles 6 threads: 19894
N° triangles (seq construction) 6 threads: 19894
N° triangles 7 threads: 19894
N° triangles (seq construction) 7 threads: 19894
N° triangles 8 threads: 19894
N° triangles (seq construction) 8 threads: 19894
N° triangles 9 threads: 19894
N° triangles (seq construction) 9 threads: 19894
N° triangles 10 threads: 19894
N° triangles (seq construction) 10 threads: 19894
N° triangles 11 threads: 19894
N° triangles (seq construction) 11 threads: 19894
N° triangles 12 threads: 19894
N° triangles (seq construction) 12 threads: 19894
N° triangles 13 threads: 19894
N° triangles (seq construction) 13 threads: 19894
N° triangles 14 threads: 19894
N° triangles (seq construction) 14 threads: 19894
N° triangles 15 threads: 19894
N° triangles (seq construction) 15 threads: 19894
N° triangles 16 threads: 19894
N° triangles (seq construction) 16 threads: 19894
N° triangles 17 threads: 19894
N° triangles (seq construction) 17 threads: 19894
N° triangles 18 threads: 19894
N° triangles (seq construction) 18 threads: 19894
N° triangles 19 threads: 19894
N° triangles (seq construction) 19 threads: 19894
N° triangles 20 threads: 19894
N° triangles (seq construction) 20 threads: 19894

Iteration 48
N° triangles single core: 19894
N° triangles 2 threads: 19894
N° triangles (seq construction) 2 threads: 19894
N° triangles 3 threads: 19894
N° triangles (seq construction) 3 threads: 19894
N° triangles 4 threads: 19894
N° triangles (seq construction) 4 threads: 19894
N° triangles 5 threads: 19894
N° triangles (seq construction) 5 threads: 19894
N° triangles 6 threads: 19894
N° triangles (seq construction) 6 threads: 19894
N° triangles 7 threads: 19894
N° triangles (seq construction) 7 threads: 19894
N° triangles 8 threads: 19894
N° triangles (seq construction) 8 threads: 19894
N° triangles 9 threads: 19894
N° triangles (seq construction) 9 threads: 19894
N° triangles 10 threads: 19894
N° triangles (seq construction) 10 threads: 19894
N° triangles 11 threads: 19894
N° triangles (seq construction) 11 threads: 19894
N° triangles 12 threads: 19894
N° triangles (seq construction) 12 threads: 19894
N° triangles 13 threads: 19894
N° triangles (seq construction) 13 threads: 19894
N° triangles 14 threads: 19894
N° triangles (seq construction) 14 threads: 19894
N° triangles 15 threads: 19894
N° triangles (seq construction) 15 threads: 19894
N° triangles 16 threads: 19894
N° triangles (seq construction) 16 threads: 19894
N° triangles 17 threads: 19894
N° triangles (seq construction) 17 threads: 19894
N° triangles 18 threads: 19894
N° triangles (seq construction) 18 threads: 19894
N° triangles 19 threads: 19894
N° triangles (seq construction) 19 threads: 19894
N° triangles 20 threads: 19894
N° triangles (seq construction) 20 threads: 19894

Iteration 49
N° triangles single core: 19894
N° triangles 2 threads: 19894
N° triangles (seq construction) 2 threads: 19894
N° triangles 3 threads: 19894
N° triangles (seq construction) 3 threads: 19894
N° triangles 4 threads: 19894
N° triangles (seq construction) 4 threads: 19894
N° triangles 5 threads: 19894
N° triangles (seq construction) 5 threads: 19894
N° triangles 6 threads: 19894
N° triangles (seq construction) 6 threads: 19894
N° triangles 7 threads: 19894
N° triangles (seq construction) 7 threads: 19894
N° triangles 8 threads: 19894
N° triangles (seq construction) 8 threads: 19894
N° triangles 9 threads: 19894
N° triangles (seq construction) 9 threads: 19894
N° triangles 10 threads: 19894
N° triangles (seq construction) 10 threads: 19894
N° triangles 11 threads: 19894
N° triangles (seq construction) 11 threads: 19894
N° triangles 12 threads: 19894
N° triangles (seq construction) 12 threads: 19894
N° triangles 13 threads: 19894
N° triangles (seq construction) 13 threads: 19894
N° triangles 14 threads: 19894
N° triangles (seq construction) 14 threads: 19894
N° triangles 15 threads: 19894
N° triangles (seq construction) 15 threads: 19894
N° triangles 16 threads: 19894
N° triangles (seq construction) 16 threads: 19894
N° triangles 17 threads: 19894
N° triangles (seq construction) 17 threads: 19894
N° triangles 18 threads: 19894
N° triangles (seq construction) 18 threads: 19894
N° triangles 19 threads: 19894
N° triangles (seq construction) 19 threads: 19894
N° triangles 20 threads: 19894
N° triangles (seq construction) 20 threads: 19894


*** Single core ***

N° threads: 1
Construction elapsed time: 1ms or 0.001s
Triangle counting elapsed time: 4ms or 0.004s
Total elapsed time: 5ms or 0.005s
Total elapsed time (seq construction): 5ms or 0.005s

*** Multi core ***

N° threads: 2
Construction elapsed time: 2ms or 0.002s
Triangle counting elapsed time: 2ms or 0.002s
Total elapsed time: 4ms or 0.004s
Total elapsed time (seq construction): 3ms or 0.003s

N° threads: 3
Construction elapsed time: 2ms or 0.002s
Triangle counting elapsed time: 1ms or 0.001s
Total elapsed time: 3ms or 0.003s
Total elapsed time (seq construction): 2ms or 0.002s

N° threads: 4
Construction elapsed time: 1ms or 0.001s
Triangle counting elapsed time: 1ms or 0.001s
Total elapsed time: 2ms or 0.002s
Total elapsed time (seq construction): 2ms or 0.002s

N° threads: 5
Construction elapsed time: 1ms or 0.001s
Triangle counting elapsed time: 1ms or 0.001s
Total elapsed time: 2ms or 0.002s
Total elapsed time (seq construction): 2ms or 0.002s

N° threads: 6
Construction elapsed time: 2ms or 0.002s
Triangle counting elapsed time: 1ms or 0.001s
Total elapsed time: 3ms or 0.003s
Total elapsed time (seq construction): 2ms or 0.002s

N° threads: 7
Construction elapsed time: 2ms or 0.002s
Triangle counting elapsed time: 1ms or 0.001s
Total elapsed time: 3ms or 0.003s
Total elapsed time (seq construction): 2ms or 0.002s

N° threads: 8
Construction elapsed time: 2ms or 0.002s
Triangle counting elapsed time: 1ms or 0.001s
Total elapsed time: 3ms or 0.003s
Total elapsed time (seq construction): 2ms or 0.002s

N° threads: 9
Construction elapsed time: 2ms or 0.002s
Triangle counting elapsed time: 1ms or 0.001s
Total elapsed time: 3ms or 0.003s
Total elapsed time (seq construction): 2ms or 0.002s

N° threads: 10
Construction elapsed time: 2ms or 0.002s
Triangle counting elapsed time: 1ms or 0.001s
Total elapsed time: 3ms or 0.003s
Total elapsed time (seq construction): 2ms or 0.002s

N° threads: 11
Construction elapsed time: 2ms or 0.002s
Triangle counting elapsed time: 1ms or 0.001s
Total elapsed time: 3ms or 0.003s
Total elapsed time (seq construction): 2ms or 0.002s

N° threads: 12
Construction elapsed time: 2ms or 0.002s
Triangle counting elapsed time: 1ms or 0.001s
Total elapsed time: 3ms or 0.003s
Total elapsed time (seq construction): 2ms or 0.002s

N° threads: 13
Construction elapsed time: 2ms or 0.002s
Triangle counting elapsed time: 1ms or 0.001s
Total elapsed time: 3ms or 0.003s
Total elapsed time (seq construction): 2ms or 0.002s

N° threads: 14
Construction elapsed time: 2ms or 0.002s
Triangle counting elapsed time: 1ms or 0.001s
Total elapsed time: 3ms or 0.003s
Total elapsed time (seq construction): 2ms or 0.002s

N° threads: 15
Construction elapsed time: 2ms or 0.002s
Triangle counting elapsed time: 1ms or 0.001s
Total elapsed time: 3ms or 0.003s
Total elapsed time (seq construction): 2ms or 0.002s

N° threads: 16
Construction elapsed time: 2ms or 0.002s
Triangle counting elapsed time: 1ms or 0.001s
Total elapsed time: 3ms or 0.003s
Total elapsed time (seq construction): 2ms or 0.002s

N° threads: 17
Construction elapsed time: 2ms or 0.002s
Triangle counting elapsed time: 1ms or 0.001s
Total elapsed time: 3ms or 0.003s
Total elapsed time (seq construction): 2ms or 0.002s

N° threads: 18
Construction elapsed time: 2ms or 0.002s
Triangle counting elapsed time: 1ms or 0.001s
Total elapsed time: 3ms or 0.003s
Total elapsed time (seq construction): 2ms or 0.002s

N° threads: 19
Construction elapsed time: 2ms or 0.002s
Triangle counting elapsed time: 1ms or 0.001s
Total elapsed time: 3ms or 0.003s
Total elapsed time (seq construction): 2ms or 0.002s

N° threads: 20
Construction elapsed time: 2ms or 0.002s
Triangle counting elapsed time: 1ms or 0.001s
Total elapsed time: 3ms or 0.003s
Total elapsed time (seq construction): 2ms or 0.002s



facebook
N° of edges 88234
N° of nodes 4039
Density: 0.01082

Iteration 0
N° triangles single core: 1612010
N° triangles 2 threads: 1612010
N° triangles (seq construction) 2 threads: 1612010
N° triangles 3 threads: 1612010
N° triangles (seq construction) 3 threads: 1612010
N° triangles 4 threads: 1612010
N° triangles (seq construction) 4 threads: 1612010
N° triangles 5 threads: 1612010
N° triangles (seq construction) 5 threads: 1612010
N° triangles 6 threads: 1612010
N° triangles (seq construction) 6 threads: 1612010
N° triangles 7 threads: 1612010
N° triangles (seq construction) 7 threads: 1612010
N° triangles 8 threads: 1612010
N° triangles (seq construction) 8 threads: 1612010
N° triangles 9 threads: 1612010
N° triangles (seq construction) 9 threads: 1612010
N° triangles 10 threads: 1612010
N° triangles (seq construction) 10 threads: 1612010
N° triangles 11 threads: 1612010
N° triangles (seq construction) 11 threads: 1612010
N° triangles 12 threads: 1612010
N° triangles (seq construction) 12 threads: 1612010
N° triangles 13 threads: 1612010
N° triangles (seq construction) 13 threads: 1612010
N° triangles 14 threads: 1612010
N° triangles (seq construction) 14 threads: 1612010
N° triangles 15 threads: 1612010
N° triangles (seq construction) 15 threads: 1612010
N° triangles 16 threads: 1612010
N° triangles (seq construction) 16 threads: 1612010
N° triangles 17 threads: 1612010
N° triangles (seq construction) 17 threads: 1612010
N° triangles 18 threads: 1612010
N° triangles (seq construction) 18 threads: 1612010
N° triangles 19 threads: 1612010
N° triangles (seq construction) 19 threads: 1612010
N° triangles 20 threads: 1612010
N° triangles (seq construction) 20 threads: 1612010

Iteration 1
N° triangles single core: 1612010
N° triangles 2 threads: 1612010
N° triangles (seq construction) 2 threads: 1612010
N° triangles 3 threads: 1612010
N° triangles (seq construction) 3 threads: 1612010
N° triangles 4 threads: 1612010
N° triangles (seq construction) 4 threads: 1612010
N° triangles 5 threads: 1612010
N° triangles (seq construction) 5 threads: 1612010
N° triangles 6 threads: 1612010
N° triangles (seq construction) 6 threads: 1612010
N° triangles 7 threads: 1612010
N° triangles (seq construction) 7 threads: 1612010
N° triangles 8 threads: 1612010
N° triangles (seq construction) 8 threads: 1612010
N° triangles 9 threads: 1612010
N° triangles (seq construction) 9 threads: 1612010
N° triangles 10 threads: 1612010
N° triangles (seq construction) 10 threads: 1612010
N° triangles 11 threads: 1612010
N° triangles (seq construction) 11 threads: 1612010
N° triangles 12 threads: 1612010
N° triangles (seq construction) 12 threads: 1612010
N° triangles 13 threads: 1612010
N° triangles (seq construction) 13 threads: 1612010
N° triangles 14 threads: 1612010
N° triangles (seq construction) 14 threads: 1612010
N° triangles 15 threads: 1612010
N° triangles (seq construction) 15 threads: 1612010
N° triangles 16 threads: 1612010
N° triangles (seq construction) 16 threads: 1612010
N° triangles 17 threads: 1612010
N° triangles (seq construction) 17 threads: 1612010
N° triangles 18 threads: 1612010
N° triangles (seq construction) 18 threads: 1612010
N° triangles 19 threads: 1612010
N° triangles (seq construction) 19 threads: 1612010
N° triangles 20 threads: 1612010
N° triangles (seq construction) 20 threads: 1612010

Iteration 2
N° triangles single core: 1612010
N° triangles 2 threads: 1612010
N° triangles (seq construction) 2 threads: 1612010
N° triangles 3 threads: 1612010
N° triangles (seq construction) 3 threads: 1612010
N° triangles 4 threads: 1612010
N° triangles (seq construction) 4 threads: 1612010
N° triangles 5 threads: 1612010
N° triangles (seq construction) 5 threads: 1612010
N° triangles 6 threads: 1612010
N° triangles (seq construction) 6 threads: 1612010
N° triangles 7 threads: 1612010
N° triangles (seq construction) 7 threads: 1612010
N° triangles 8 threads: 1612010
N° triangles (seq construction) 8 threads: 1612010
N° triangles 9 threads: 1612010
N° triangles (seq construction) 9 threads: 1612010
N° triangles 10 threads: 1612010
N° triangles (seq construction) 10 threads: 1612010
N° triangles 11 threads: 1612010
N° triangles (seq construction) 11 threads: 1612010
N° triangles 12 threads: 1612010
N° triangles (seq construction) 12 threads: 1612010
N° triangles 13 threads: 1612010
N° triangles (seq construction) 13 threads: 1612010
N° triangles 14 threads: 1612010
N° triangles (seq construction) 14 threads: 1612010
N° triangles 15 threads: 1612010
N° triangles (seq construction) 15 threads: 1612010
N° triangles 16 threads: 1612010
N° triangles (seq construction) 16 threads: 1612010
N° triangles 17 threads: 1612010
N° triangles (seq construction) 17 threads: 1612010
N° triangles 18 threads: 1612010
N° triangles (seq construction) 18 threads: 1612010
N° triangles 19 threads: 1612010
N° triangles (seq construction) 19 threads: 1612010
N° triangles 20 threads: 1612010
N° triangles (seq construction) 20 threads: 1612010

Iteration 3
N° triangles single core: 1612010
N° triangles 2 threads: 1612010
N° triangles (seq construction) 2 threads: 1612010
N° triangles 3 threads: 1612010
N° triangles (seq construction) 3 threads: 1612010
N° triangles 4 threads: 1612010
N° triangles (seq construction) 4 threads: 1612010
N° triangles 5 threads: 1612010
N° triangles (seq construction) 5 threads: 1612010
N° triangles 6 threads: 1612010
N° triangles (seq construction) 6 threads: 1612010
N° triangles 7 threads: 1612010
N° triangles (seq construction) 7 threads: 1612010
N° triangles 8 threads: 1612010
N° triangles (seq construction) 8 threads: 1612010
N° triangles 9 threads: 1612010
N° triangles (seq construction) 9 threads: 1612010
N° triangles 10 threads: 1612010
N° triangles (seq construction) 10 threads: 1612010
N° triangles 11 threads: 1612010
N° triangles (seq construction) 11 threads: 1612010
N° triangles 12 threads: 1612010
N° triangles (seq construction) 12 threads: 1612010
N° triangles 13 threads: 1612010
N° triangles (seq construction) 13 threads: 1612010
N° triangles 14 threads: 1612010
N° triangles (seq construction) 14 threads: 1612010
N° triangles 15 threads: 1612010
N° triangles (seq construction) 15 threads: 1612010
N° triangles 16 threads: 1612010
N° triangles (seq construction) 16 threads: 1612010
N° triangles 17 threads: 1612010
N° triangles (seq construction) 17 threads: 1612010
N° triangles 18 threads: 1612010
N° triangles (seq construction) 18 threads: 1612010
N° triangles 19 threads: 1612010
N° triangles (seq construction) 19 threads: 1612010
N° triangles 20 threads: 1612010
N° triangles (seq construction) 20 threads: 1612010

Iteration 4
N° triangles single core: 1612010
N° triangles 2 threads: 1612010
N° triangles (seq construction) 2 threads: 1612010
N° triangles 3 threads: 1612010
N° triangles (seq construction) 3 threads: 1612010
N° triangles 4 threads: 1612010
N° triangles (seq construction) 4 threads: 1612010
N° triangles 5 threads: 1612010
N° triangles (seq construction) 5 threads: 1612010
N° triangles 6 threads: 1612010
N° triangles (seq construction) 6 threads: 1612010
N° triangles 7 threads: 1612010
N° triangles (seq construction) 7 threads: 1612010
N° triangles 8 threads: 1612010
N° triangles (seq construction) 8 threads: 1612010
N° triangles 9 threads: 1612010
N° triangles (seq construction) 9 threads: 1612010
N° triangles 10 threads: 1612010
N° triangles (seq construction) 10 threads: 1612010
N° triangles 11 threads: 1612010
N° triangles (seq construction) 11 threads: 1612010
N° triangles 12 threads: 1612010
N° triangles (seq construction) 12 threads: 1612010
N° triangles 13 threads: 1612010
N° triangles (seq construction) 13 threads: 1612010
N° triangles 14 threads: 1612010
N° triangles (seq construction) 14 threads: 1612010
N° triangles 15 threads: 1612010
N° triangles (seq construction) 15 threads: 1612010
N° triangles 16 threads: 1612010
N° triangles (seq construction) 16 threads: 1612010
N° triangles 17 threads: 1612010
N° triangles (seq construction) 17 threads: 1612010
N° triangles 18 threads: 1612010
N° triangles (seq construction) 18 threads: 1612010
N° triangles 19 threads: 1612010
N° triangles (seq construction) 19 threads: 1612010
N° triangles 20 threads: 1612010
N° triangles (seq construction) 20 threads: 1612010

Iteration 5
N° triangles single core: 1612010
N° triangles 2 threads: 1612010
N° triangles (seq construction) 2 threads: 1612010
N° triangles 3 threads: 1612010
N° triangles (seq construction) 3 threads: 1612010
N° triangles 4 threads: 1612010
N° triangles (seq construction) 4 threads: 1612010
N° triangles 5 threads: 1612010
N° triangles (seq construction) 5 threads: 1612010
N° triangles 6 threads: 1612010
N° triangles (seq construction) 6 threads: 1612010
N° triangles 7 threads: 1612010
N° triangles (seq construction) 7 threads: 1612010
N° triangles 8 threads: 1612010
N° triangles (seq construction) 8 threads: 1612010
N° triangles 9 threads: 1612010
N° triangles (seq construction) 9 threads: 1612010
N° triangles 10 threads: 1612010
N° triangles (seq construction) 10 threads: 1612010
N° triangles 11 threads: 1612010
N° triangles (seq construction) 11 threads: 1612010
N° triangles 12 threads: 1612010
N° triangles (seq construction) 12 threads: 1612010
N° triangles 13 threads: 1612010
N° triangles (seq construction) 13 threads: 1612010
N° triangles 14 threads: 1612010
N° triangles (seq construction) 14 threads: 1612010
N° triangles 15 threads: 1612010
N° triangles (seq construction) 15 threads: 1612010
N° triangles 16 threads: 1612010
N° triangles (seq construction) 16 threads: 1612010
N° triangles 17 threads: 1612010
N° triangles (seq construction) 17 threads: 1612010
N° triangles 18 threads: 1612010
N° triangles (seq construction) 18 threads: 1612010
N° triangles 19 threads: 1612010
N° triangles (seq construction) 19 threads: 1612010
N° triangles 20 threads: 1612010
N° triangles (seq construction) 20 threads: 1612010

Iteration 6
N° triangles single core: 1612010
N° triangles 2 threads: 1612010
N° triangles (seq construction) 2 threads: 1612010
N° triangles 3 threads: 1612010
N° triangles (seq construction) 3 threads: 1612010
N° triangles 4 threads: 1612010
N° triangles (seq construction) 4 threads: 1612010
N° triangles 5 threads: 1612010
N° triangles (seq construction) 5 threads: 1612010
N° triangles 6 threads: 1612010
N° triangles (seq construction) 6 threads: 1612010
N° triangles 7 threads: 1612010
N° triangles (seq construction) 7 threads: 1612010
N° triangles 8 threads: 1612010
N° triangles (seq construction) 8 threads: 1612010
N° triangles 9 threads: 1612010
N° triangles (seq construction) 9 threads: 1612010
N° triangles 10 threads: 1612010
N° triangles (seq construction) 10 threads: 1612010
N° triangles 11 threads: 1612010
N° triangles (seq construction) 11 threads: 1612010
N° triangles 12 threads: 1612010
N° triangles (seq construction) 12 threads: 1612010
N° triangles 13 threads: 1612010
N° triangles (seq construction) 13 threads: 1612010
N° triangles 14 threads: 1612010
N° triangles (seq construction) 14 threads: 1612010
N° triangles 15 threads: 1612010
N° triangles (seq construction) 15 threads: 1612010
N° triangles 16 threads: 1612010
N° triangles (seq construction) 16 threads: 1612010
N° triangles 17 threads: 1612010
N° triangles (seq construction) 17 threads: 1612010
N° triangles 18 threads: 1612010
N° triangles (seq construction) 18 threads: 1612010
N° triangles 19 threads: 1612010
N° triangles (seq construction) 19 threads: 1612010
N° triangles 20 threads: 1612010
N° triangles (seq construction) 20 threads: 1612010

Iteration 7
N° triangles single core: 1612010
N° triangles 2 threads: 1612010
N° triangles (seq construction) 2 threads: 1612010
N° triangles 3 threads: 1612010
N° triangles (seq construction) 3 threads: 1612010
N° triangles 4 threads: 1612010
N° triangles (seq construction) 4 threads: 1612010
N° triangles 5 threads: 1612010
N° triangles (seq construction) 5 threads: 1612010
N° triangles 6 threads: 1612010
N° triangles (seq construction) 6 threads: 1612010
N° triangles 7 threads: 1612010
N° triangles (seq construction) 7 threads: 1612010
N° triangles 8 threads: 1612010
N° triangles (seq construction) 8 threads: 1612010
N° triangles 9 threads: 1612010
N° triangles (seq construction) 9 threads: 1612010
N° triangles 10 threads: 1612010
N° triangles (seq construction) 10 threads: 1612010
N° triangles 11 threads: 1612010
N° triangles (seq construction) 11 threads: 1612010
N° triangles 12 threads: 1612010
N° triangles (seq construction) 12 threads: 1612010
N° triangles 13 threads: 1612010
N° triangles (seq construction) 13 threads: 1612010
N° triangles 14 threads: 1612010
N° triangles (seq construction) 14 threads: 1612010
N° triangles 15 threads: 1612010
N° triangles (seq construction) 15 threads: 1612010
N° triangles 16 threads: 1612010
N° triangles (seq construction) 16 threads: 1612010
N° triangles 17 threads: 1612010
N° triangles (seq construction) 17 threads: 1612010
N° triangles 18 threads: 1612010
N° triangles (seq construction) 18 threads: 1612010
N° triangles 19 threads: 1612010
N° triangles (seq construction) 19 threads: 1612010
N° triangles 20 threads: 1612010
N° triangles (seq construction) 20 threads: 1612010

Iteration 8
N° triangles single core: 1612010
N° triangles 2 threads: 1612010
N° triangles (seq construction) 2 threads: 1612010
N° triangles 3 threads: 1612010
N° triangles (seq construction) 3 threads: 1612010
N° triangles 4 threads: 1612010
N° triangles (seq construction) 4 threads: 1612010
N° triangles 5 threads: 1612010
N° triangles (seq construction) 5 threads: 1612010
N° triangles 6 threads: 1612010
N° triangles (seq construction) 6 threads: 1612010
N° triangles 7 threads: 1612010
N° triangles (seq construction) 7 threads: 1612010
N° triangles 8 threads: 1612010
N° triangles (seq construction) 8 threads: 1612010
N° triangles 9 threads: 1612010
N° triangles (seq construction) 9 threads: 1612010
N° triangles 10 threads: 1612010
N° triangles (seq construction) 10 threads: 1612010
N° triangles 11 threads: 1612010
N° triangles (seq construction) 11 threads: 1612010
N° triangles 12 threads: 1612010
N° triangles (seq construction) 12 threads: 1612010
N° triangles 13 threads: 1612010
N° triangles (seq construction) 13 threads: 1612010
N° triangles 14 threads: 1612010
N° triangles (seq construction) 14 threads: 1612010
N° triangles 15 threads: 1612010
N° triangles (seq construction) 15 threads: 1612010
N° triangles 16 threads: 1612010
N° triangles (seq construction) 16 threads: 1612010
N° triangles 17 threads: 1612010
N° triangles (seq construction) 17 threads: 1612010
N° triangles 18 threads: 1612010
N° triangles (seq construction) 18 threads: 1612010
N° triangles 19 threads: 1612010
N° triangles (seq construction) 19 threads: 1612010
N° triangles 20 threads: 1612010
N° triangles (seq construction) 20 threads: 1612010

Iteration 9
N° triangles single core: 1612010
N° triangles 2 threads: 1612010
N° triangles (seq construction) 2 threads: 1612010
N° triangles 3 threads: 1612010
N° triangles (seq construction) 3 threads: 1612010
N° triangles 4 threads: 1612010
N° triangles (seq construction) 4 threads: 1612010
N° triangles 5 threads: 1612010
N° triangles (seq construction) 5 threads: 1612010
N° triangles 6 threads: 1612010
N° triangles (seq construction) 6 threads: 1612010
N° triangles 7 threads: 1612010
N° triangles (seq construction) 7 threads: 1612010
N° triangles 8 threads: 1612010
N° triangles (seq construction) 8 threads: 1612010
N° triangles 9 threads: 1612010
N° triangles (seq construction) 9 threads: 1612010
N° triangles 10 threads: 1612010
N° triangles (seq construction) 10 threads: 1612010
N° triangles 11 threads: 1612010
N° triangles (seq construction) 11 threads: 1612010
N° triangles 12 threads: 1612010
N° triangles (seq construction) 12 threads: 1612010
N° triangles 13 threads: 1612010
N° triangles (seq construction) 13 threads: 1612010
N° triangles 14 threads: 1612010
N° triangles (seq construction) 14 threads: 1612010
N° triangles 15 threads: 1612010
N° triangles (seq construction) 15 threads: 1612010
N° triangles 16 threads: 1612010
N° triangles (seq construction) 16 threads: 1612010
N° triangles 17 threads: 1612010
N° triangles (seq construction) 17 threads: 1612010
N° triangles 18 threads: 1612010
N° triangles (seq construction) 18 threads: 1612010
N° triangles 19 threads: 1612010
N° triangles (seq construction) 19 threads: 1612010
N° triangles 20 threads: 1612010
N° triangles (seq construction) 20 threads: 1612010

Iteration 10
N° triangles single core: 1612010
N° triangles 2 threads: 1612010
N° triangles (seq construction) 2 threads: 1612010
N° triangles 3 threads: 1612010
N° triangles (seq construction) 3 threads: 1612010
N° triangles 4 threads: 1612010
N° triangles (seq construction) 4 threads: 1612010
N° triangles 5 threads: 1612010
N° triangles (seq construction) 5 threads: 1612010
N° triangles 6 threads: 1612010
N° triangles (seq construction) 6 threads: 1612010
N° triangles 7 threads: 1612010
N° triangles (seq construction) 7 threads: 1612010
N° triangles 8 threads: 1612010
N° triangles (seq construction) 8 threads: 1612010
N° triangles 9 threads: 1612010
N° triangles (seq construction) 9 threads: 1612010
N° triangles 10 threads: 1612010
N° triangles (seq construction) 10 threads: 1612010
N° triangles 11 threads: 1612010
N° triangles (seq construction) 11 threads: 1612010
N° triangles 12 threads: 1612010
N° triangles (seq construction) 12 threads: 1612010
N° triangles 13 threads: 1612010
N° triangles (seq construction) 13 threads: 1612010
N° triangles 14 threads: 1612010
N° triangles (seq construction) 14 threads: 1612010
N° triangles 15 threads: 1612010
N° triangles (seq construction) 15 threads: 1612010
N° triangles 16 threads: 1612010
N° triangles (seq construction) 16 threads: 1612010
N° triangles 17 threads: 1612010
N° triangles (seq construction) 17 threads: 1612010
N° triangles 18 threads: 1612010
N° triangles (seq construction) 18 threads: 1612010
N° triangles 19 threads: 1612010
N° triangles (seq construction) 19 threads: 1612010
N° triangles 20 threads: 1612010
N° triangles (seq construction) 20 threads: 1612010

Iteration 11
N° triangles single core: 1612010
N° triangles 2 threads: 1612010
N° triangles (seq construction) 2 threads: 1612010
N° triangles 3 threads: 1612010
N° triangles (seq construction) 3 threads: 1612010
N° triangles 4 threads: 1612010
N° triangles (seq construction) 4 threads: 1612010
N° triangles 5 threads: 1612010
N° triangles (seq construction) 5 threads: 1612010
N° triangles 6 threads: 1612010
N° triangles (seq construction) 6 threads: 1612010
N° triangles 7 threads: 1612010
N° triangles (seq construction) 7 threads: 1612010
N° triangles 8 threads: 1612010
N° triangles (seq construction) 8 threads: 1612010
N° triangles 9 threads: 1612010
N° triangles (seq construction) 9 threads: 1612010
N° triangles 10 threads: 1612010
N° triangles (seq construction) 10 threads: 1612010
N° triangles 11 threads: 1612010
N° triangles (seq construction) 11 threads: 1612010
N° triangles 12 threads: 1612010
N° triangles (seq construction) 12 threads: 1612010
N° triangles 13 threads: 1612010
N° triangles (seq construction) 13 threads: 1612010
N° triangles 14 threads: 1612010
N° triangles (seq construction) 14 threads: 1612010
N° triangles 15 threads: 1612010
N° triangles (seq construction) 15 threads: 1612010
N° triangles 16 threads: 1612010
N° triangles (seq construction) 16 threads: 1612010
N° triangles 17 threads: 1612010
N° triangles (seq construction) 17 threads: 1612010
N° triangles 18 threads: 1612010
N° triangles (seq construction) 18 threads: 1612010
N° triangles 19 threads: 1612010
N° triangles (seq construction) 19 threads: 1612010
N° triangles 20 threads: 1612010
N° triangles (seq construction) 20 threads: 1612010

Iteration 12
N° triangles single core: 1612010
N° triangles 2 threads: 1612010
N° triangles (seq construction) 2 threads: 1612010
N° triangles 3 threads: 1612010
N° triangles (seq construction) 3 threads: 1612010
N° triangles 4 threads: 1612010
N° triangles (seq construction) 4 threads: 1612010
N° triangles 5 threads: 1612010
N° triangles (seq construction) 5 threads: 1612010
N° triangles 6 threads: 1612010
N° triangles (seq construction) 6 threads: 1612010
N° triangles 7 threads: 1612010
N° triangles (seq construction) 7 threads: 1612010
N° triangles 8 threads: 1612010
N° triangles (seq construction) 8 threads: 1612010
N° triangles 9 threads: 1612010
N° triangles (seq construction) 9 threads: 1612010
N° triangles 10 threads: 1612010
N° triangles (seq construction) 10 threads: 1612010
N° triangles 11 threads: 1612010
N° triangles (seq construction) 11 threads: 1612010
N° triangles 12 threads: 1612010
N° triangles (seq construction) 12 threads: 1612010
N° triangles 13 threads: 1612010
N° triangles (seq construction) 13 threads: 1612010
N° triangles 14 threads: 1612010
N° triangles (seq construction) 14 threads: 1612010
N° triangles 15 threads: 1612010
N° triangles (seq construction) 15 threads: 1612010
N° triangles 16 threads: 1612010
N° triangles (seq construction) 16 threads: 1612010
N° triangles 17 threads: 1612010
N° triangles (seq construction) 17 threads: 1612010
N° triangles 18 threads: 1612010
N° triangles (seq construction) 18 threads: 1612010
N° triangles 19 threads: 1612010
N° triangles (seq construction) 19 threads: 1612010
N° triangles 20 threads: 1612010
N° triangles (seq construction) 20 threads: 1612010

Iteration 13
N° triangles single core: 1612010
N° triangles 2 threads: 1612010
N° triangles (seq construction) 2 threads: 1612010
N° triangles 3 threads: 1612010
N° triangles (seq construction) 3 threads: 1612010
N° triangles 4 threads: 1612010
N° triangles (seq construction) 4 threads: 1612010
N° triangles 5 threads: 1612010
N° triangles (seq construction) 5 threads: 1612010
N° triangles 6 threads: 1612010
N° triangles (seq construction) 6 threads: 1612010
N° triangles 7 threads: 1612010
N° triangles (seq construction) 7 threads: 1612010
N° triangles 8 threads: 1612010
N° triangles (seq construction) 8 threads: 1612010
N° triangles 9 threads: 1612010
N° triangles (seq construction) 9 threads: 1612010
N° triangles 10 threads: 1612010
N° triangles (seq construction) 10 threads: 1612010
N° triangles 11 threads: 1612010
N° triangles (seq construction) 11 threads: 1612010
N° triangles 12 threads: 1612010
N° triangles (seq construction) 12 threads: 1612010
N° triangles 13 threads: 1612010
N° triangles (seq construction) 13 threads: 1612010
N° triangles 14 threads: 1612010
N° triangles (seq construction) 14 threads: 1612010
N° triangles 15 threads: 1612010
N° triangles (seq construction) 15 threads: 1612010
N° triangles 16 threads: 1612010
N° triangles (seq construction) 16 threads: 1612010
N° triangles 17 threads: 1612010
N° triangles (seq construction) 17 threads: 1612010
N° triangles 18 threads: 1612010
N° triangles (seq construction) 18 threads: 1612010
N° triangles 19 threads: 1612010
N° triangles (seq construction) 19 threads: 1612010
N° triangles 20 threads: 1612010
N° triangles (seq construction) 20 threads: 1612010

Iteration 14
N° triangles single core: 1612010
N° triangles 2 threads: 1612010
N° triangles (seq construction) 2 threads: 1612010
N° triangles 3 threads: 1612010
N° triangles (seq construction) 3 threads: 1612010
N° triangles 4 threads: 1612010
N° triangles (seq construction) 4 threads: 1612010
N° triangles 5 threads: 1612010
N° triangles (seq construction) 5 threads: 1612010
N° triangles 6 threads: 1612010
N° triangles (seq construction) 6 threads: 1612010
N° triangles 7 threads: 1612010
N° triangles (seq construction) 7 threads: 1612010
N° triangles 8 threads: 1612010
N° triangles (seq construction) 8 threads: 1612010
N° triangles 9 threads: 1612010
N° triangles (seq construction) 9 threads: 1612010
N° triangles 10 threads: 1612010
N° triangles (seq construction) 10 threads: 1612010
N° triangles 11 threads: 1612010
N° triangles (seq construction) 11 threads: 1612010
N° triangles 12 threads: 1612010
N° triangles (seq construction) 12 threads: 1612010
N° triangles 13 threads: 1612010
N° triangles (seq construction) 13 threads: 1612010
N° triangles 14 threads: 1612010
N° triangles (seq construction) 14 threads: 1612010
N° triangles 15 threads: 1612010
N° triangles (seq construction) 15 threads: 1612010
N° triangles 16 threads: 1612010
N° triangles (seq construction) 16 threads: 1612010
N° triangles 17 threads: 1612010
N° triangles (seq construction) 17 threads: 1612010
N° triangles 18 threads: 1612010
N° triangles (seq construction) 18 threads: 1612010
N° triangles 19 threads: 1612010
N° triangles (seq construction) 19 threads: 1612010
N° triangles 20 threads: 1612010
N° triangles (seq construction) 20 threads: 1612010

Iteration 15
N° triangles single core: 1612010
N° triangles 2 threads: 1612010
N° triangles (seq construction) 2 threads: 1612010
N° triangles 3 threads: 1612010
N° triangles (seq construction) 3 threads: 1612010
N° triangles 4 threads: 1612010
N° triangles (seq construction) 4 threads: 1612010
N° triangles 5 threads: 1612010
N° triangles (seq construction) 5 threads: 1612010
N° triangles 6 threads: 1612010
N° triangles (seq construction) 6 threads: 1612010
N° triangles 7 threads: 1612010
N° triangles (seq construction) 7 threads: 1612010
N° triangles 8 threads: 1612010
N° triangles (seq construction) 8 threads: 1612010
N° triangles 9 threads: 1612010
N° triangles (seq construction) 9 threads: 1612010
N° triangles 10 threads: 1612010
N° triangles (seq construction) 10 threads: 1612010
N° triangles 11 threads: 1612010
N° triangles (seq construction) 11 threads: 1612010
N° triangles 12 threads: 1612010
N° triangles (seq construction) 12 threads: 1612010
N° triangles 13 threads: 1612010
N° triangles (seq construction) 13 threads: 1612010
N° triangles 14 threads: 1612010
N° triangles (seq construction) 14 threads: 1612010
N° triangles 15 threads: 1612010
N° triangles (seq construction) 15 threads: 1612010
N° triangles 16 threads: 1612010
N° triangles (seq construction) 16 threads: 1612010
N° triangles 17 threads: 1612010
N° triangles (seq construction) 17 threads: 1612010
N° triangles 18 threads: 1612010
N° triangles (seq construction) 18 threads: 1612010
N° triangles 19 threads: 1612010
N° triangles (seq construction) 19 threads: 1612010
N° triangles 20 threads: 1612010
N° triangles (seq construction) 20 threads: 1612010

Iteration 16
N° triangles single core: 1612010
N° triangles 2 threads: 1612010
N° triangles (seq construction) 2 threads: 1612010
N° triangles 3 threads: 1612010
N° triangles (seq construction) 3 threads: 1612010
N° triangles 4 threads: 1612010
N° triangles (seq construction) 4 threads: 1612010
N° triangles 5 threads: 1612010
N° triangles (seq construction) 5 threads: 1612010
N° triangles 6 threads: 1612010
N° triangles (seq construction) 6 threads: 1612010
N° triangles 7 threads: 1612010
N° triangles (seq construction) 7 threads: 1612010
N° triangles 8 threads: 1612010
N° triangles (seq construction) 8 threads: 1612010
N° triangles 9 threads: 1612010
N° triangles (seq construction) 9 threads: 1612010
N° triangles 10 threads: 1612010
N° triangles (seq construction) 10 threads: 1612010
N° triangles 11 threads: 1612010
N° triangles (seq construction) 11 threads: 1612010
N° triangles 12 threads: 1612010
N° triangles (seq construction) 12 threads: 1612010
N° triangles 13 threads: 1612010
N° triangles (seq construction) 13 threads: 1612010
N° triangles 14 threads: 1612010
N° triangles (seq construction) 14 threads: 1612010
N° triangles 15 threads: 1612010
N° triangles (seq construction) 15 threads: 1612010
N° triangles 16 threads: 1612010
N° triangles (seq construction) 16 threads: 1612010
N° triangles 17 threads: 1612010
N° triangles (seq construction) 17 threads: 1612010
N° triangles 18 threads: 1612010
N° triangles (seq construction) 18 threads: 1612010
N° triangles 19 threads: 1612010
N° triangles (seq construction) 19 threads: 1612010
N° triangles 20 threads: 1612010
N° triangles (seq construction) 20 threads: 1612010

Iteration 17
N° triangles single core: 1612010
N° triangles 2 threads: 1612010
N° triangles (seq construction) 2 threads: 1612010
N° triangles 3 threads: 1612010
N° triangles (seq construction) 3 threads: 1612010
N° triangles 4 threads: 1612010
N° triangles (seq construction) 4 threads: 1612010
N° triangles 5 threads: 1612010
N° triangles (seq construction) 5 threads: 1612010
N° triangles 6 threads: 1612010
N° triangles (seq construction) 6 threads: 1612010
N° triangles 7 threads: 1612010
N° triangles (seq construction) 7 threads: 1612010
N° triangles 8 threads: 1612010
N° triangles (seq construction) 8 threads: 1612010
N° triangles 9 threads: 1612010
N° triangles (seq construction) 9 threads: 1612010
N° triangles 10 threads: 1612010
N° triangles (seq construction) 10 threads: 1612010
N° triangles 11 threads: 1612010
N° triangles (seq construction) 11 threads: 1612010
N° triangles 12 threads: 1612010
N° triangles (seq construction) 12 threads: 1612010
N° triangles 13 threads: 1612010
N° triangles (seq construction) 13 threads: 1612010
N° triangles 14 threads: 1612010
N° triangles (seq construction) 14 threads: 1612010
N° triangles 15 threads: 1612010
N° triangles (seq construction) 15 threads: 1612010
N° triangles 16 threads: 1612010
N° triangles (seq construction) 16 threads: 1612010
N° triangles 17 threads: 1612010
N° triangles (seq construction) 17 threads: 1612010
N° triangles 18 threads: 1612010
N° triangles (seq construction) 18 threads: 1612010
N° triangles 19 threads: 1612010
N° triangles (seq construction) 19 threads: 1612010
N° triangles 20 threads: 1612010
N° triangles (seq construction) 20 threads: 1612010

Iteration 18
N° triangles single core: 1612010
N° triangles 2 threads: 1612010
N° triangles (seq construction) 2 threads: 1612010
N° triangles 3 threads: 1612010
N° triangles (seq construction) 3 threads: 1612010
N° triangles 4 threads: 1612010
N° triangles (seq construction) 4 threads: 1612010
N° triangles 5 threads: 1612010
N° triangles (seq construction) 5 threads: 1612010
N° triangles 6 threads: 1612010
N° triangles (seq construction) 6 threads: 1612010
N° triangles 7 threads: 1612010
N° triangles (seq construction) 7 threads: 1612010
N° triangles 8 threads: 1612010
N° triangles (seq construction) 8 threads: 1612010
N° triangles 9 threads: 1612010
N° triangles (seq construction) 9 threads: 1612010
N° triangles 10 threads: 1612010
N° triangles (seq construction) 10 threads: 1612010
N° triangles 11 threads: 1612010
N° triangles (seq construction) 11 threads: 1612010
N° triangles 12 threads: 1612010
N° triangles (seq construction) 12 threads: 1612010
N° triangles 13 threads: 1612010
N° triangles (seq construction) 13 threads: 1612010
N° triangles 14 threads: 1612010
N° triangles (seq construction) 14 threads: 1612010
N° triangles 15 threads: 1612010
N° triangles (seq construction) 15 threads: 1612010
N° triangles 16 threads: 1612010
N° triangles (seq construction) 16 threads: 1612010
N° triangles 17 threads: 1612010
N° triangles (seq construction) 17 threads: 1612010
N° triangles 18 threads: 1612010
N° triangles (seq construction) 18 threads: 1612010
N° triangles 19 threads: 1612010
N° triangles (seq construction) 19 threads: 1612010
N° triangles 20 threads: 1612010
N° triangles (seq construction) 20 threads: 1612010

Iteration 19
N° triangles single core: 1612010
N° triangles 2 threads: 1612010
N° triangles (seq construction) 2 threads: 1612010
N° triangles 3 threads: 1612010
N° triangles (seq construction) 3 threads: 1612010
N° triangles 4 threads: 1612010
N° triangles (seq construction) 4 threads: 1612010
N° triangles 5 threads: 1612010
N° triangles (seq construction) 5 threads: 1612010
N° triangles 6 threads: 1612010
N° triangles (seq construction) 6 threads: 1612010
N° triangles 7 threads: 1612010
N° triangles (seq construction) 7 threads: 1612010
N° triangles 8 threads: 1612010
N° triangles (seq construction) 8 threads: 1612010
N° triangles 9 threads: 1612010
N° triangles (seq construction) 9 threads: 1612010
N° triangles 10 threads: 1612010
N° triangles (seq construction) 10 threads: 1612010
N° triangles 11 threads: 1612010
N° triangles (seq construction) 11 threads: 1612010
N° triangles 12 threads: 1612010
N° triangles (seq construction) 12 threads: 1612010
N° triangles 13 threads: 1612010
N° triangles (seq construction) 13 threads: 1612010
N° triangles 14 threads: 1612010
N° triangles (seq construction) 14 threads: 1612010
N° triangles 15 threads: 1612010
N° triangles (seq construction) 15 threads: 1612010
N° triangles 16 threads: 1612010
N° triangles (seq construction) 16 threads: 1612010
N° triangles 17 threads: 1612010
N° triangles (seq construction) 17 threads: 1612010
N° triangles 18 threads: 1612010
N° triangles (seq construction) 18 threads: 1612010
N° triangles 19 threads: 1612010
N° triangles (seq construction) 19 threads: 1612010
N° triangles 20 threads: 1612010
N° triangles (seq construction) 20 threads: 1612010

Iteration 20
N° triangles single core: 1612010
N° triangles 2 threads: 1612010
N° triangles (seq construction) 2 threads: 1612010
N° triangles 3 threads: 1612010
N° triangles (seq construction) 3 threads: 1612010
N° triangles 4 threads: 1612010
N° triangles (seq construction) 4 threads: 1612010
N° triangles 5 threads: 1612010
N° triangles (seq construction) 5 threads: 1612010
N° triangles 6 threads: 1612010
N° triangles (seq construction) 6 threads: 1612010
N° triangles 7 threads: 1612010
N° triangles (seq construction) 7 threads: 1612010
N° triangles 8 threads: 1612010
N° triangles (seq construction) 8 threads: 1612010
N° triangles 9 threads: 1612010
N° triangles (seq construction) 9 threads: 1612010
N° triangles 10 threads: 1612010
N° triangles (seq construction) 10 threads: 1612010
N° triangles 11 threads: 1612010
N° triangles (seq construction) 11 threads: 1612010
N° triangles 12 threads: 1612010
N° triangles (seq construction) 12 threads: 1612010
N° triangles 13 threads: 1612010
N° triangles (seq construction) 13 threads: 1612010
N° triangles 14 threads: 1612010
N° triangles (seq construction) 14 threads: 1612010
N° triangles 15 threads: 1612010
N° triangles (seq construction) 15 threads: 1612010
N° triangles 16 threads: 1612010
N° triangles (seq construction) 16 threads: 1612010
N° triangles 17 threads: 1612010
N° triangles (seq construction) 17 threads: 1612010
N° triangles 18 threads: 1612010
N° triangles (seq construction) 18 threads: 1612010
N° triangles 19 threads: 1612010
N° triangles (seq construction) 19 threads: 1612010
N° triangles 20 threads: 1612010
N° triangles (seq construction) 20 threads: 1612010

Iteration 21
N° triangles single core: 1612010
N° triangles 2 threads: 1612010
N° triangles (seq construction) 2 threads: 1612010
N° triangles 3 threads: 1612010
N° triangles (seq construction) 3 threads: 1612010
N° triangles 4 threads: 1612010
N° triangles (seq construction) 4 threads: 1612010
N° triangles 5 threads: 1612010
N° triangles (seq construction) 5 threads: 1612010
N° triangles 6 threads: 1612010
N° triangles (seq construction) 6 threads: 1612010
N° triangles 7 threads: 1612010
N° triangles (seq construction) 7 threads: 1612010
N° triangles 8 threads: 1612010
N° triangles (seq construction) 8 threads: 1612010
N° triangles 9 threads: 1612010
N° triangles (seq construction) 9 threads: 1612010
N° triangles 10 threads: 1612010
N° triangles (seq construction) 10 threads: 1612010
N° triangles 11 threads: 1612010
N° triangles (seq construction) 11 threads: 1612010
N° triangles 12 threads: 1612010
N° triangles (seq construction) 12 threads: 1612010
N° triangles 13 threads: 1612010
N° triangles (seq construction) 13 threads: 1612010
N° triangles 14 threads: 1612010
N° triangles (seq construction) 14 threads: 1612010
N° triangles 15 threads: 1612010
N° triangles (seq construction) 15 threads: 1612010
N° triangles 16 threads: 1612010
N° triangles (seq construction) 16 threads: 1612010
N° triangles 17 threads: 1612010
N° triangles (seq construction) 17 threads: 1612010
N° triangles 18 threads: 1612010
N° triangles (seq construction) 18 threads: 1612010
N° triangles 19 threads: 1612010
N° triangles (seq construction) 19 threads: 1612010
N° triangles 20 threads: 1612010
N° triangles (seq construction) 20 threads: 1612010

Iteration 22
N° triangles single core: 1612010
N° triangles 2 threads: 1612010
N° triangles (seq construction) 2 threads: 1612010
N° triangles 3 threads: 1612010
N° triangles (seq construction) 3 threads: 1612010
N° triangles 4 threads: 1612010
N° triangles (seq construction) 4 threads: 1612010
N° triangles 5 threads: 1612010
N° triangles (seq construction) 5 threads: 1612010
N° triangles 6 threads: 1612010
N° triangles (seq construction) 6 threads: 1612010
N° triangles 7 threads: 1612010
N° triangles (seq construction) 7 threads: 1612010
N° triangles 8 threads: 1612010
N° triangles (seq construction) 8 threads: 1612010
N° triangles 9 threads: 1612010
N° triangles (seq construction) 9 threads: 1612010
N° triangles 10 threads: 1612010
N° triangles (seq construction) 10 threads: 1612010
N° triangles 11 threads: 1612010
N° triangles (seq construction) 11 threads: 1612010
N° triangles 12 threads: 1612010
N° triangles (seq construction) 12 threads: 1612010
N° triangles 13 threads: 1612010
N° triangles (seq construction) 13 threads: 1612010
N° triangles 14 threads: 1612010
N° triangles (seq construction) 14 threads: 1612010
N° triangles 15 threads: 1612010
N° triangles (seq construction) 15 threads: 1612010
N° triangles 16 threads: 1612010
N° triangles (seq construction) 16 threads: 1612010
N° triangles 17 threads: 1612010
N° triangles (seq construction) 17 threads: 1612010
N° triangles 18 threads: 1612010
N° triangles (seq construction) 18 threads: 1612010
N° triangles 19 threads: 1612010
N° triangles (seq construction) 19 threads: 1612010
N° triangles 20 threads: 1612010
N° triangles (seq construction) 20 threads: 1612010

Iteration 23
N° triangles single core: 1612010
N° triangles 2 threads: 1612010
N° triangles (seq construction) 2 threads: 1612010
N° triangles 3 threads: 1612010
N° triangles (seq construction) 3 threads: 1612010
N° triangles 4 threads: 1612010
N° triangles (seq construction) 4 threads: 1612010
N° triangles 5 threads: 1612010
N° triangles (seq construction) 5 threads: 1612010
N° triangles 6 threads: 1612010
N° triangles (seq construction) 6 threads: 1612010
N° triangles 7 threads: 1612010
N° triangles (seq construction) 7 threads: 1612010
N° triangles 8 threads: 1612010
N° triangles (seq construction) 8 threads: 1612010
N° triangles 9 threads: 1612010
N° triangles (seq construction) 9 threads: 1612010
N° triangles 10 threads: 1612010
N° triangles (seq construction) 10 threads: 1612010
N° triangles 11 threads: 1612010
N° triangles (seq construction) 11 threads: 1612010
N° triangles 12 threads: 1612010
N° triangles (seq construction) 12 threads: 1612010
N° triangles 13 threads: 1612010
N° triangles (seq construction) 13 threads: 1612010
N° triangles 14 threads: 1612010
N° triangles (seq construction) 14 threads: 1612010
N° triangles 15 threads: 1612010
N° triangles (seq construction) 15 threads: 1612010
N° triangles 16 threads: 1612010
N° triangles (seq construction) 16 threads: 1612010
N° triangles 17 threads: 1612010
N° triangles (seq construction) 17 threads: 1612010
N° triangles 18 threads: 1612010
N° triangles (seq construction) 18 threads: 1612010
N° triangles 19 threads: 1612010
N° triangles (seq construction) 19 threads: 1612010
N° triangles 20 threads: 1612010
N° triangles (seq construction) 20 threads: 1612010

Iteration 24
N° triangles single core: 1612010
N° triangles 2 threads: 1612010
N° triangles (seq construction) 2 threads: 1612010
N° triangles 3 threads: 1612010
N° triangles (seq construction) 3 threads: 1612010
N° triangles 4 threads: 1612010
N° triangles (seq construction) 4 threads: 1612010
N° triangles 5 threads: 1612010
N° triangles (seq construction) 5 threads: 1612010
N° triangles 6 threads: 1612010
N° triangles (seq construction) 6 threads: 1612010
N° triangles 7 threads: 1612010
N° triangles (seq construction) 7 threads: 1612010
N° triangles 8 threads: 1612010
N° triangles (seq construction) 8 threads: 1612010
N° triangles 9 threads: 1612010
N° triangles (seq construction) 9 threads: 1612010
N° triangles 10 threads: 1612010
N° triangles (seq construction) 10 threads: 1612010
N° triangles 11 threads: 1612010
N° triangles (seq construction) 11 threads: 1612010
N° triangles 12 threads: 1612010
N° triangles (seq construction) 12 threads: 1612010
N° triangles 13 threads: 1612010
N° triangles (seq construction) 13 threads: 1612010
N° triangles 14 threads: 1612010
N° triangles (seq construction) 14 threads: 1612010
N° triangles 15 threads: 1612010
N° triangles (seq construction) 15 threads: 1612010
N° triangles 16 threads: 1612010
N° triangles (seq construction) 16 threads: 1612010
N° triangles 17 threads: 1612010
N° triangles (seq construction) 17 threads: 1612010
N° triangles 18 threads: 1612010
N° triangles (seq construction) 18 threads: 1612010
N° triangles 19 threads: 1612010
N° triangles (seq construction) 19 threads: 1612010
N° triangles 20 threads: 1612010
N° triangles (seq construction) 20 threads: 1612010

Iteration 25
N° triangles single core: 1612010
N° triangles 2 threads: 1612010
N° triangles (seq construction) 2 threads: 1612010
N° triangles 3 threads: 1612010
N° triangles (seq construction) 3 threads: 1612010
N° triangles 4 threads: 1612010
N° triangles (seq construction) 4 threads: 1612010
N° triangles 5 threads: 1612010
N° triangles (seq construction) 5 threads: 1612010
N° triangles 6 threads: 1612010
N° triangles (seq construction) 6 threads: 1612010
N° triangles 7 threads: 1612010
N° triangles (seq construction) 7 threads: 1612010
N° triangles 8 threads: 1612010
N° triangles (seq construction) 8 threads: 1612010
N° triangles 9 threads: 1612010
N° triangles (seq construction) 9 threads: 1612010
N° triangles 10 threads: 1612010
N° triangles (seq construction) 10 threads: 1612010
N° triangles 11 threads: 1612010
N° triangles (seq construction) 11 threads: 1612010
N° triangles 12 threads: 1612010
N° triangles (seq construction) 12 threads: 1612010
N° triangles 13 threads: 1612010
N° triangles (seq construction) 13 threads: 1612010
N° triangles 14 threads: 1612010
N° triangles (seq construction) 14 threads: 1612010
N° triangles 15 threads: 1612010
N° triangles (seq construction) 15 threads: 1612010
N° triangles 16 threads: 1612010
N° triangles (seq construction) 16 threads: 1612010
N° triangles 17 threads: 1612010
N° triangles (seq construction) 17 threads: 1612010
N° triangles 18 threads: 1612010
N° triangles (seq construction) 18 threads: 1612010
N° triangles 19 threads: 1612010
N° triangles (seq construction) 19 threads: 1612010
N° triangles 20 threads: 1612010
N° triangles (seq construction) 20 threads: 1612010

Iteration 26
N° triangles single core: 1612010
N° triangles 2 threads: 1612010
N° triangles (seq construction) 2 threads: 1612010
N° triangles 3 threads: 1612010
N° triangles (seq construction) 3 threads: 1612010
N° triangles 4 threads: 1612010
N° triangles (seq construction) 4 threads: 1612010
N° triangles 5 threads: 1612010
N° triangles (seq construction) 5 threads: 1612010
N° triangles 6 threads: 1612010
N° triangles (seq construction) 6 threads: 1612010
N° triangles 7 threads: 1612010
N° triangles (seq construction) 7 threads: 1612010
N° triangles 8 threads: 1612010
N° triangles (seq construction) 8 threads: 1612010
N° triangles 9 threads: 1612010
N° triangles (seq construction) 9 threads: 1612010
N° triangles 10 threads: 1612010
N° triangles (seq construction) 10 threads: 1612010
N° triangles 11 threads: 1612010
N° triangles (seq construction) 11 threads: 1612010
N° triangles 12 threads: 1612010
N° triangles (seq construction) 12 threads: 1612010
N° triangles 13 threads: 1612010
N° triangles (seq construction) 13 threads: 1612010
N° triangles 14 threads: 1612010
N° triangles (seq construction) 14 threads: 1612010
N° triangles 15 threads: 1612010
N° triangles (seq construction) 15 threads: 1612010
N° triangles 16 threads: 1612010
N° triangles (seq construction) 16 threads: 1612010
N° triangles 17 threads: 1612010
N° triangles (seq construction) 17 threads: 1612010
N° triangles 18 threads: 1612010
N° triangles (seq construction) 18 threads: 1612010
N° triangles 19 threads: 1612010
N° triangles (seq construction) 19 threads: 1612010
N° triangles 20 threads: 1612010
N° triangles (seq construction) 20 threads: 1612010

Iteration 27
N° triangles single core: 1612010
N° triangles 2 threads: 1612010
N° triangles (seq construction) 2 threads: 1612010
N° triangles 3 threads: 1612010
N° triangles (seq construction) 3 threads: 1612010
N° triangles 4 threads: 1612010
N° triangles (seq construction) 4 threads: 1612010
N° triangles 5 threads: 1612010
N° triangles (seq construction) 5 threads: 1612010
N° triangles 6 threads: 1612010
N° triangles (seq construction) 6 threads: 1612010
N° triangles 7 threads: 1612010
N° triangles (seq construction) 7 threads: 1612010
N° triangles 8 threads: 1612010
N° triangles (seq construction) 8 threads: 1612010
N° triangles 9 threads: 1612010
N° triangles (seq construction) 9 threads: 1612010
N° triangles 10 threads: 1612010
N° triangles (seq construction) 10 threads: 1612010
N° triangles 11 threads: 1612010
N° triangles (seq construction) 11 threads: 1612010
N° triangles 12 threads: 1612010
N° triangles (seq construction) 12 threads: 1612010
N° triangles 13 threads: 1612010
N° triangles (seq construction) 13 threads: 1612010
N° triangles 14 threads: 1612010
N° triangles (seq construction) 14 threads: 1612010
N° triangles 15 threads: 1612010
N° triangles (seq construction) 15 threads: 1612010
N° triangles 16 threads: 1612010
N° triangles (seq construction) 16 threads: 1612010
N° triangles 17 threads: 1612010
N° triangles (seq construction) 17 threads: 1612010
N° triangles 18 threads: 1612010
N° triangles (seq construction) 18 threads: 1612010
N° triangles 19 threads: 1612010
N° triangles (seq construction) 19 threads: 1612010
N° triangles 20 threads: 1612010
N° triangles (seq construction) 20 threads: 1612010

Iteration 28
N° triangles single core: 1612010
N° triangles 2 threads: 1612010
N° triangles (seq construction) 2 threads: 1612010
N° triangles 3 threads: 1612010
N° triangles (seq construction) 3 threads: 1612010
N° triangles 4 threads: 1612010
N° triangles (seq construction) 4 threads: 1612010
N° triangles 5 threads: 1612010
N° triangles (seq construction) 5 threads: 1612010
N° triangles 6 threads: 1612010
N° triangles (seq construction) 6 threads: 1612010
N° triangles 7 threads: 1612010
N° triangles (seq construction) 7 threads: 1612010
N° triangles 8 threads: 1612010
N° triangles (seq construction) 8 threads: 1612010
N° triangles 9 threads: 1612010
N° triangles (seq construction) 9 threads: 1612010
N° triangles 10 threads: 1612010
N° triangles (seq construction) 10 threads: 1612010
N° triangles 11 threads: 1612010
N° triangles (seq construction) 11 threads: 1612010
N° triangles 12 threads: 1612010
N° triangles (seq construction) 12 threads: 1612010
N° triangles 13 threads: 1612010
N° triangles (seq construction) 13 threads: 1612010
N° triangles 14 threads: 1612010
N° triangles (seq construction) 14 threads: 1612010
N° triangles 15 threads: 1612010
N° triangles (seq construction) 15 threads: 1612010
N° triangles 16 threads: 1612010
N° triangles (seq construction) 16 threads: 1612010
N° triangles 17 threads: 1612010
N° triangles (seq construction) 17 threads: 1612010
N° triangles 18 threads: 1612010
N° triangles (seq construction) 18 threads: 1612010
N° triangles 19 threads: 1612010
N° triangles (seq construction) 19 threads: 1612010
N° triangles 20 threads: 1612010
N° triangles (seq construction) 20 threads: 1612010

Iteration 29
N° triangles single core: 1612010
N° triangles 2 threads: 1612010
N° triangles (seq construction) 2 threads: 1612010
N° triangles 3 threads: 1612010
N° triangles (seq construction) 3 threads: 1612010
N° triangles 4 threads: 1612010
N° triangles (seq construction) 4 threads: 1612010
N° triangles 5 threads: 1612010
N° triangles (seq construction) 5 threads: 1612010
N° triangles 6 threads: 1612010
N° triangles (seq construction) 6 threads: 1612010
N° triangles 7 threads: 1612010
N° triangles (seq construction) 7 threads: 1612010
N° triangles 8 threads: 1612010
N° triangles (seq construction) 8 threads: 1612010
N° triangles 9 threads: 1612010
N° triangles (seq construction) 9 threads: 1612010
N° triangles 10 threads: 1612010
N° triangles (seq construction) 10 threads: 1612010
N° triangles 11 threads: 1612010
N° triangles (seq construction) 11 threads: 1612010
N° triangles 12 threads: 1612010
N° triangles (seq construction) 12 threads: 1612010
N° triangles 13 threads: 1612010
N° triangles (seq construction) 13 threads: 1612010
N° triangles 14 threads: 1612010
N° triangles (seq construction) 14 threads: 1612010
N° triangles 15 threads: 1612010
N° triangles (seq construction) 15 threads: 1612010
N° triangles 16 threads: 1612010
N° triangles (seq construction) 16 threads: 1612010
N° triangles 17 threads: 1612010
N° triangles (seq construction) 17 threads: 1612010
N° triangles 18 threads: 1612010
N° triangles (seq construction) 18 threads: 1612010
N° triangles 19 threads: 1612010
N° triangles (seq construction) 19 threads: 1612010
N° triangles 20 threads: 1612010
N° triangles (seq construction) 20 threads: 1612010

Iteration 30
N° triangles single core: 1612010
N° triangles 2 threads: 1612010
N° triangles (seq construction) 2 threads: 1612010
N° triangles 3 threads: 1612010
N° triangles (seq construction) 3 threads: 1612010
N° triangles 4 threads: 1612010
N° triangles (seq construction) 4 threads: 1612010
N° triangles 5 threads: 1612010
N° triangles (seq construction) 5 threads: 1612010
N° triangles 6 threads: 1612010
N° triangles (seq construction) 6 threads: 1612010
N° triangles 7 threads: 1612010
N° triangles (seq construction) 7 threads: 1612010
N° triangles 8 threads: 1612010
N° triangles (seq construction) 8 threads: 1612010
N° triangles 9 threads: 1612010
N° triangles (seq construction) 9 threads: 1612010
N° triangles 10 threads: 1612010
N° triangles (seq construction) 10 threads: 1612010
N° triangles 11 threads: 1612010
N° triangles (seq construction) 11 threads: 1612010
N° triangles 12 threads: 1612010
N° triangles (seq construction) 12 threads: 1612010
N° triangles 13 threads: 1612010
N° triangles (seq construction) 13 threads: 1612010
N° triangles 14 threads: 1612010
N° triangles (seq construction) 14 threads: 1612010
N° triangles 15 threads: 1612010
N° triangles (seq construction) 15 threads: 1612010
N° triangles 16 threads: 1612010
N° triangles (seq construction) 16 threads: 1612010
N° triangles 17 threads: 1612010
N° triangles (seq construction) 17 threads: 1612010
N° triangles 18 threads: 1612010
N° triangles (seq construction) 18 threads: 1612010
N° triangles 19 threads: 1612010
N° triangles (seq construction) 19 threads: 1612010
N° triangles 20 threads: 1612010
N° triangles (seq construction) 20 threads: 1612010

Iteration 31
N° triangles single core: 1612010
N° triangles 2 threads: 1612010
N° triangles (seq construction) 2 threads: 1612010
N° triangles 3 threads: 1612010
N° triangles (seq construction) 3 threads: 1612010
N° triangles 4 threads: 1612010
N° triangles (seq construction) 4 threads: 1612010
N° triangles 5 threads: 1612010
N° triangles (seq construction) 5 threads: 1612010
N° triangles 6 threads: 1612010
N° triangles (seq construction) 6 threads: 1612010
N° triangles 7 threads: 1612010
N° triangles (seq construction) 7 threads: 1612010
N° triangles 8 threads: 1612010
N° triangles (seq construction) 8 threads: 1612010
N° triangles 9 threads: 1612010
N° triangles (seq construction) 9 threads: 1612010
N° triangles 10 threads: 1612010
N° triangles (seq construction) 10 threads: 1612010
N° triangles 11 threads: 1612010
N° triangles (seq construction) 11 threads: 1612010
N° triangles 12 threads: 1612010
N° triangles (seq construction) 12 threads: 1612010
N° triangles 13 threads: 1612010
N° triangles (seq construction) 13 threads: 1612010
N° triangles 14 threads: 1612010
N° triangles (seq construction) 14 threads: 1612010
N° triangles 15 threads: 1612010
N° triangles (seq construction) 15 threads: 1612010
N° triangles 16 threads: 1612010
N° triangles (seq construction) 16 threads: 1612010
N° triangles 17 threads: 1612010
N° triangles (seq construction) 17 threads: 1612010
N° triangles 18 threads: 1612010
N° triangles (seq construction) 18 threads: 1612010
N° triangles 19 threads: 1612010
N° triangles (seq construction) 19 threads: 1612010
N° triangles 20 threads: 1612010
N° triangles (seq construction) 20 threads: 1612010

Iteration 32
N° triangles single core: 1612010
N° triangles 2 threads: 1612010
N° triangles (seq construction) 2 threads: 1612010
N° triangles 3 threads: 1612010
N° triangles (seq construction) 3 threads: 1612010
N° triangles 4 threads: 1612010
N° triangles (seq construction) 4 threads: 1612010
N° triangles 5 threads: 1612010
N° triangles (seq construction) 5 threads: 1612010
N° triangles 6 threads: 1612010
N° triangles (seq construction) 6 threads: 1612010
N° triangles 7 threads: 1612010
N° triangles (seq construction) 7 threads: 1612010
N° triangles 8 threads: 1612010
N° triangles (seq construction) 8 threads: 1612010
N° triangles 9 threads: 1612010
N° triangles (seq construction) 9 threads: 1612010
N° triangles 10 threads: 1612010
N° triangles (seq construction) 10 threads: 1612010
N° triangles 11 threads: 1612010
N° triangles (seq construction) 11 threads: 1612010
N° triangles 12 threads: 1612010
N° triangles (seq construction) 12 threads: 1612010
N° triangles 13 threads: 1612010
N° triangles (seq construction) 13 threads: 1612010
N° triangles 14 threads: 1612010
N° triangles (seq construction) 14 threads: 1612010
N° triangles 15 threads: 1612010
N° triangles (seq construction) 15 threads: 1612010
N° triangles 16 threads: 1612010
N° triangles (seq construction) 16 threads: 1612010
N° triangles 17 threads: 1612010
N° triangles (seq construction) 17 threads: 1612010
N° triangles 18 threads: 1612010
N° triangles (seq construction) 18 threads: 1612010
N° triangles 19 threads: 1612010
N° triangles (seq construction) 19 threads: 1612010
N° triangles 20 threads: 1612010
N° triangles (seq construction) 20 threads: 1612010

Iteration 33
N° triangles single core: 1612010
N° triangles 2 threads: 1612010
N° triangles (seq construction) 2 threads: 1612010
N° triangles 3 threads: 1612010
N° triangles (seq construction) 3 threads: 1612010
N° triangles 4 threads: 1612010
N° triangles (seq construction) 4 threads: 1612010
N° triangles 5 threads: 1612010
N° triangles (seq construction) 5 threads: 1612010
N° triangles 6 threads: 1612010
N° triangles (seq construction) 6 threads: 1612010
N° triangles 7 threads: 1612010
N° triangles (seq construction) 7 threads: 1612010
N° triangles 8 threads: 1612010
N° triangles (seq construction) 8 threads: 1612010
N° triangles 9 threads: 1612010
N° triangles (seq construction) 9 threads: 1612010
N° triangles 10 threads: 1612010
N° triangles (seq construction) 10 threads: 1612010
N° triangles 11 threads: 1612010
N° triangles (seq construction) 11 threads: 1612010
N° triangles 12 threads: 1612010
N° triangles (seq construction) 12 threads: 1612010
N° triangles 13 threads: 1612010
N° triangles (seq construction) 13 threads: 1612010
N° triangles 14 threads: 1612010
N° triangles (seq construction) 14 threads: 1612010
N° triangles 15 threads: 1612010
N° triangles (seq construction) 15 threads: 1612010
N° triangles 16 threads: 1612010
N° triangles (seq construction) 16 threads: 1612010
N° triangles 17 threads: 1612010
N° triangles (seq construction) 17 threads: 1612010
N° triangles 18 threads: 1612010
N° triangles (seq construction) 18 threads: 1612010
N° triangles 19 threads: 1612010
N° triangles (seq construction) 19 threads: 1612010
N° triangles 20 threads: 1612010
N° triangles (seq construction) 20 threads: 1612010

Iteration 34
N° triangles single core: 1612010
N° triangles 2 threads: 1612010
N° triangles (seq construction) 2 threads: 1612010
N° triangles 3 threads: 1612010
N° triangles (seq construction) 3 threads: 1612010
N° triangles 4 threads: 1612010
N° triangles (seq construction) 4 threads: 1612010
N° triangles 5 threads: 1612010
N° triangles (seq construction) 5 threads: 1612010
N° triangles 6 threads: 1612010
N° triangles (seq construction) 6 threads: 1612010
N° triangles 7 threads: 1612010
N° triangles (seq construction) 7 threads: 1612010
N° triangles 8 threads: 1612010
N° triangles (seq construction) 8 threads: 1612010
N° triangles 9 threads: 1612010
N° triangles (seq construction) 9 threads: 1612010
N° triangles 10 threads: 1612010
N° triangles (seq construction) 10 threads: 1612010
N° triangles 11 threads: 1612010
N° triangles (seq construction) 11 threads: 1612010
N° triangles 12 threads: 1612010
N° triangles (seq construction) 12 threads: 1612010
N° triangles 13 threads: 1612010
N° triangles (seq construction) 13 threads: 1612010
N° triangles 14 threads: 1612010
N° triangles (seq construction) 14 threads: 1612010
N° triangles 15 threads: 1612010
N° triangles (seq construction) 15 threads: 1612010
N° triangles 16 threads: 1612010
N° triangles (seq construction) 16 threads: 1612010
N° triangles 17 threads: 1612010
N° triangles (seq construction) 17 threads: 1612010
N° triangles 18 threads: 1612010
N° triangles (seq construction) 18 threads: 1612010
N° triangles 19 threads: 1612010
N° triangles (seq construction) 19 threads: 1612010
N° triangles 20 threads: 1612010
N° triangles (seq construction) 20 threads: 1612010

Iteration 35
N° triangles single core: 1612010
N° triangles 2 threads: 1612010
N° triangles (seq construction) 2 threads: 1612010
N° triangles 3 threads: 1612010
N° triangles (seq construction) 3 threads: 1612010
N° triangles 4 threads: 1612010
N° triangles (seq construction) 4 threads: 1612010
N° triangles 5 threads: 1612010
N° triangles (seq construction) 5 threads: 1612010
N° triangles 6 threads: 1612010
N° triangles (seq construction) 6 threads: 1612010
N° triangles 7 threads: 1612010
N° triangles (seq construction) 7 threads: 1612010
N° triangles 8 threads: 1612010
N° triangles (seq construction) 8 threads: 1612010
N° triangles 9 threads: 1612010
N° triangles (seq construction) 9 threads: 1612010
N° triangles 10 threads: 1612010
N° triangles (seq construction) 10 threads: 1612010
N° triangles 11 threads: 1612010
N° triangles (seq construction) 11 threads: 1612010
N° triangles 12 threads: 1612010
N° triangles (seq construction) 12 threads: 1612010
N° triangles 13 threads: 1612010
N° triangles (seq construction) 13 threads: 1612010
N° triangles 14 threads: 1612010
N° triangles (seq construction) 14 threads: 1612010
N° triangles 15 threads: 1612010
N° triangles (seq construction) 15 threads: 1612010
N° triangles 16 threads: 1612010
N° triangles (seq construction) 16 threads: 1612010
N° triangles 17 threads: 1612010
N° triangles (seq construction) 17 threads: 1612010
N° triangles 18 threads: 1612010
N° triangles (seq construction) 18 threads: 1612010
N° triangles 19 threads: 1612010
N° triangles (seq construction) 19 threads: 1612010
N° triangles 20 threads: 1612010
N° triangles (seq construction) 20 threads: 1612010

Iteration 36
N° triangles single core: 1612010
N° triangles 2 threads: 1612010
N° triangles (seq construction) 2 threads: 1612010
N° triangles 3 threads: 1612010
N° triangles (seq construction) 3 threads: 1612010
N° triangles 4 threads: 1612010
N° triangles (seq construction) 4 threads: 1612010
N° triangles 5 threads: 1612010
N° triangles (seq construction) 5 threads: 1612010
N° triangles 6 threads: 1612010
N° triangles (seq construction) 6 threads: 1612010
N° triangles 7 threads: 1612010
N° triangles (seq construction) 7 threads: 1612010
N° triangles 8 threads: 1612010
N° triangles (seq construction) 8 threads: 1612010
N° triangles 9 threads: 1612010
N° triangles (seq construction) 9 threads: 1612010
N° triangles 10 threads: 1612010
N° triangles (seq construction) 10 threads: 1612010
N° triangles 11 threads: 1612010
N° triangles (seq construction) 11 threads: 1612010
N° triangles 12 threads: 1612010
N° triangles (seq construction) 12 threads: 1612010
N° triangles 13 threads: 1612010
N° triangles (seq construction) 13 threads: 1612010
N° triangles 14 threads: 1612010
N° triangles (seq construction) 14 threads: 1612010
N° triangles 15 threads: 1612010
N° triangles (seq construction) 15 threads: 1612010
N° triangles 16 threads: 1612010
N° triangles (seq construction) 16 threads: 1612010
N° triangles 17 threads: 1612010
N° triangles (seq construction) 17 threads: 1612010
N° triangles 18 threads: 1612010
N° triangles (seq construction) 18 threads: 1612010
N° triangles 19 threads: 1612010
N° triangles (seq construction) 19 threads: 1612010
N° triangles 20 threads: 1612010
N° triangles (seq construction) 20 threads: 1612010

Iteration 37
N° triangles single core: 1612010
N° triangles 2 threads: 1612010
N° triangles (seq construction) 2 threads: 1612010
N° triangles 3 threads: 1612010
N° triangles (seq construction) 3 threads: 1612010
N° triangles 4 threads: 1612010
N° triangles (seq construction) 4 threads: 1612010
N° triangles 5 threads: 1612010
N° triangles (seq construction) 5 threads: 1612010
N° triangles 6 threads: 1612010
N° triangles (seq construction) 6 threads: 1612010
N° triangles 7 threads: 1612010
N° triangles (seq construction) 7 threads: 1612010
N° triangles 8 threads: 1612010
N° triangles (seq construction) 8 threads: 1612010
N° triangles 9 threads: 1612010
N° triangles (seq construction) 9 threads: 1612010
N° triangles 10 threads: 1612010
N° triangles (seq construction) 10 threads: 1612010
N° triangles 11 threads: 1612010
N° triangles (seq construction) 11 threads: 1612010
N° triangles 12 threads: 1612010
N° triangles (seq construction) 12 threads: 1612010
N° triangles 13 threads: 1612010
N° triangles (seq construction) 13 threads: 1612010
N° triangles 14 threads: 1612010
N° triangles (seq construction) 14 threads: 1612010
N° triangles 15 threads: 1612010
N° triangles (seq construction) 15 threads: 1612010
N° triangles 16 threads: 1612010
N° triangles (seq construction) 16 threads: 1612010
N° triangles 17 threads: 1612010
N° triangles (seq construction) 17 threads: 1612010
N° triangles 18 threads: 1612010
N° triangles (seq construction) 18 threads: 1612010
N° triangles 19 threads: 1612010
N° triangles (seq construction) 19 threads: 1612010
N° triangles 20 threads: 1612010
N° triangles (seq construction) 20 threads: 1612010

Iteration 38
N° triangles single core: 1612010
N° triangles 2 threads: 1612010
N° triangles (seq construction) 2 threads: 1612010
N° triangles 3 threads: 1612010
N° triangles (seq construction) 3 threads: 1612010
N° triangles 4 threads: 1612010
N° triangles (seq construction) 4 threads: 1612010
N° triangles 5 threads: 1612010
N° triangles (seq construction) 5 threads: 1612010
N° triangles 6 threads: 1612010
N° triangles (seq construction) 6 threads: 1612010
N° triangles 7 threads: 1612010
N° triangles (seq construction) 7 threads: 1612010
N° triangles 8 threads: 1612010
N° triangles (seq construction) 8 threads: 1612010
N° triangles 9 threads: 1612010
N° triangles (seq construction) 9 threads: 1612010
N° triangles 10 threads: 1612010
N° triangles (seq construction) 10 threads: 1612010
N° triangles 11 threads: 1612010
N° triangles (seq construction) 11 threads: 1612010
N° triangles 12 threads: 1612010
N° triangles (seq construction) 12 threads: 1612010
N° triangles 13 threads: 1612010
N° triangles (seq construction) 13 threads: 1612010
N° triangles 14 threads: 1612010
N° triangles (seq construction) 14 threads: 1612010
N° triangles 15 threads: 1612010
N° triangles (seq construction) 15 threads: 1612010
N° triangles 16 threads: 1612010
N° triangles (seq construction) 16 threads: 1612010
N° triangles 17 threads: 1612010
N° triangles (seq construction) 17 threads: 1612010
N° triangles 18 threads: 1612010
N° triangles (seq construction) 18 threads: 1612010
N° triangles 19 threads: 1612010
N° triangles (seq construction) 19 threads: 1612010
N° triangles 20 threads: 1612010
N° triangles (seq construction) 20 threads: 1612010

Iteration 39
N° triangles single core: 1612010
N° triangles 2 threads: 1612010
N° triangles (seq construction) 2 threads: 1612010
N° triangles 3 threads: 1612010
N° triangles (seq construction) 3 threads: 1612010
N° triangles 4 threads: 1612010
N° triangles (seq construction) 4 threads: 1612010
N° triangles 5 threads: 1612010
N° triangles (seq construction) 5 threads: 1612010
N° triangles 6 threads: 1612010
N° triangles (seq construction) 6 threads: 1612010
N° triangles 7 threads: 1612010
N° triangles (seq construction) 7 threads: 1612010
N° triangles 8 threads: 1612010
N° triangles (seq construction) 8 threads: 1612010
N° triangles 9 threads: 1612010
N° triangles (seq construction) 9 threads: 1612010
N° triangles 10 threads: 1612010
N° triangles (seq construction) 10 threads: 1612010
N° triangles 11 threads: 1612010
N° triangles (seq construction) 11 threads: 1612010
N° triangles 12 threads: 1612010
N° triangles (seq construction) 12 threads: 1612010
N° triangles 13 threads: 1612010
N° triangles (seq construction) 13 threads: 1612010
N° triangles 14 threads: 1612010
N° triangles (seq construction) 14 threads: 1612010
N° triangles 15 threads: 1612010
N° triangles (seq construction) 15 threads: 1612010
N° triangles 16 threads: 1612010
N° triangles (seq construction) 16 threads: 1612010
N° triangles 17 threads: 1612010
N° triangles (seq construction) 17 threads: 1612010
N° triangles 18 threads: 1612010
N° triangles (seq construction) 18 threads: 1612010
N° triangles 19 threads: 1612010
N° triangles (seq construction) 19 threads: 1612010
N° triangles 20 threads: 1612010
N° triangles (seq construction) 20 threads: 1612010

Iteration 40
N° triangles single core: 1612010
N° triangles 2 threads: 1612010
N° triangles (seq construction) 2 threads: 1612010
N° triangles 3 threads: 1612010
N° triangles (seq construction) 3 threads: 1612010
N° triangles 4 threads: 1612010
N° triangles (seq construction) 4 threads: 1612010
N° triangles 5 threads: 1612010
N° triangles (seq construction) 5 threads: 1612010
N° triangles 6 threads: 1612010
N° triangles (seq construction) 6 threads: 1612010
N° triangles 7 threads: 1612010
N° triangles (seq construction) 7 threads: 1612010
N° triangles 8 threads: 1612010
N° triangles (seq construction) 8 threads: 1612010
N° triangles 9 threads: 1612010
N° triangles (seq construction) 9 threads: 1612010
N° triangles 10 threads: 1612010
N° triangles (seq construction) 10 threads: 1612010
N° triangles 11 threads: 1612010
N° triangles (seq construction) 11 threads: 1612010
N° triangles 12 threads: 1612010
N° triangles (seq construction) 12 threads: 1612010
N° triangles 13 threads: 1612010
N° triangles (seq construction) 13 threads: 1612010
N° triangles 14 threads: 1612010
N° triangles (seq construction) 14 threads: 1612010
N° triangles 15 threads: 1612010
N° triangles (seq construction) 15 threads: 1612010
N° triangles 16 threads: 1612010
N° triangles (seq construction) 16 threads: 1612010
N° triangles 17 threads: 1612010
N° triangles (seq construction) 17 threads: 1612010
N° triangles 18 threads: 1612010
N° triangles (seq construction) 18 threads: 1612010
N° triangles 19 threads: 1612010
N° triangles (seq construction) 19 threads: 1612010
N° triangles 20 threads: 1612010
N° triangles (seq construction) 20 threads: 1612010

Iteration 41
N° triangles single core: 1612010
N° triangles 2 threads: 1612010
N° triangles (seq construction) 2 threads: 1612010
N° triangles 3 threads: 1612010
N° triangles (seq construction) 3 threads: 1612010
N° triangles 4 threads: 1612010
N° triangles (seq construction) 4 threads: 1612010
N° triangles 5 threads: 1612010
N° triangles (seq construction) 5 threads: 1612010
N° triangles 6 threads: 1612010
N° triangles (seq construction) 6 threads: 1612010
N° triangles 7 threads: 1612010
N° triangles (seq construction) 7 threads: 1612010
N° triangles 8 threads: 1612010
N° triangles (seq construction) 8 threads: 1612010
N° triangles 9 threads: 1612010
N° triangles (seq construction) 9 threads: 1612010
N° triangles 10 threads: 1612010
N° triangles (seq construction) 10 threads: 1612010
N° triangles 11 threads: 1612010
N° triangles (seq construction) 11 threads: 1612010
N° triangles 12 threads: 1612010
N° triangles (seq construction) 12 threads: 1612010
N° triangles 13 threads: 1612010
N° triangles (seq construction) 13 threads: 1612010
N° triangles 14 threads: 1612010
N° triangles (seq construction) 14 threads: 1612010
N° triangles 15 threads: 1612010
N° triangles (seq construction) 15 threads: 1612010
N° triangles 16 threads: 1612010
N° triangles (seq construction) 16 threads: 1612010
N° triangles 17 threads: 1612010
N° triangles (seq construction) 17 threads: 1612010
N° triangles 18 threads: 1612010
N° triangles (seq construction) 18 threads: 1612010
N° triangles 19 threads: 1612010
N° triangles (seq construction) 19 threads: 1612010
N° triangles 20 threads: 1612010
N° triangles (seq construction) 20 threads: 1612010

Iteration 42
N° triangles single core: 1612010
N° triangles 2 threads: 1612010
N° triangles (seq construction) 2 threads: 1612010
N° triangles 3 threads: 1612010
N° triangles (seq construction) 3 threads: 1612010
N° triangles 4 threads: 1612010
N° triangles (seq construction) 4 threads: 1612010
N° triangles 5 threads: 1612010
N° triangles (seq construction) 5 threads: 1612010
N° triangles 6 threads: 1612010
N° triangles (seq construction) 6 threads: 1612010
N° triangles 7 threads: 1612010
N° triangles (seq construction) 7 threads: 1612010
N° triangles 8 threads: 1612010
N° triangles (seq construction) 8 threads: 1612010
N° triangles 9 threads: 1612010
N° triangles (seq construction) 9 threads: 1612010
N° triangles 10 threads: 1612010
N° triangles (seq construction) 10 threads: 1612010
N° triangles 11 threads: 1612010
N° triangles (seq construction) 11 threads: 1612010
N° triangles 12 threads: 1612010
N° triangles (seq construction) 12 threads: 1612010
N° triangles 13 threads: 1612010
N° triangles (seq construction) 13 threads: 1612010
N° triangles 14 threads: 1612010
N° triangles (seq construction) 14 threads: 1612010
N° triangles 15 threads: 1612010
N° triangles (seq construction) 15 threads: 1612010
N° triangles 16 threads: 1612010
N° triangles (seq construction) 16 threads: 1612010
N° triangles 17 threads: 1612010
N° triangles (seq construction) 17 threads: 1612010
N° triangles 18 threads: 1612010
N° triangles (seq construction) 18 threads: 1612010
N° triangles 19 threads: 1612010
N° triangles (seq construction) 19 threads: 1612010
N° triangles 20 threads: 1612010
N° triangles (seq construction) 20 threads: 1612010

Iteration 43
N° triangles single core: 1612010
N° triangles 2 threads: 1612010
N° triangles (seq construction) 2 threads: 1612010
N° triangles 3 threads: 1612010
N° triangles (seq construction) 3 threads: 1612010
N° triangles 4 threads: 1612010
N° triangles (seq construction) 4 threads: 1612010
N° triangles 5 threads: 1612010
N° triangles (seq construction) 5 threads: 1612010
N° triangles 6 threads: 1612010
N° triangles (seq construction) 6 threads: 1612010
N° triangles 7 threads: 1612010
N° triangles (seq construction) 7 threads: 1612010
N° triangles 8 threads: 1612010
N° triangles (seq construction) 8 threads: 1612010
N° triangles 9 threads: 1612010
N° triangles (seq construction) 9 threads: 1612010
N° triangles 10 threads: 1612010
N° triangles (seq construction) 10 threads: 1612010
N° triangles 11 threads: 1612010
N° triangles (seq construction) 11 threads: 1612010
N° triangles 12 threads: 1612010
N° triangles (seq construction) 12 threads: 1612010
N° triangles 13 threads: 1612010
N° triangles (seq construction) 13 threads: 1612010
N° triangles 14 threads: 1612010
N° triangles (seq construction) 14 threads: 1612010
N° triangles 15 threads: 1612010
N° triangles (seq construction) 15 threads: 1612010
N° triangles 16 threads: 1612010
N° triangles (seq construction) 16 threads: 1612010
N° triangles 17 threads: 1612010
N° triangles (seq construction) 17 threads: 1612010
N° triangles 18 threads: 1612010
N° triangles (seq construction) 18 threads: 1612010
N° triangles 19 threads: 1612010
N° triangles (seq construction) 19 threads: 1612010
N° triangles 20 threads: 1612010
N° triangles (seq construction) 20 threads: 1612010

Iteration 44
N° triangles single core: 1612010
N° triangles 2 threads: 1612010
N° triangles (seq construction) 2 threads: 1612010
N° triangles 3 threads: 1612010
N° triangles (seq construction) 3 threads: 1612010
N° triangles 4 threads: 1612010
N° triangles (seq construction) 4 threads: 1612010
N° triangles 5 threads: 1612010
N° triangles (seq construction) 5 threads: 1612010
N° triangles 6 threads: 1612010
N° triangles (seq construction) 6 threads: 1612010
N° triangles 7 threads: 1612010
N° triangles (seq construction) 7 threads: 1612010
N° triangles 8 threads: 1612010
N° triangles (seq construction) 8 threads: 1612010
N° triangles 9 threads: 1612010
N° triangles (seq construction) 9 threads: 1612010
N° triangles 10 threads: 1612010
N° triangles (seq construction) 10 threads: 1612010
N° triangles 11 threads: 1612010
N° triangles (seq construction) 11 threads: 1612010
N° triangles 12 threads: 1612010
N° triangles (seq construction) 12 threads: 1612010
N° triangles 13 threads: 1612010
N° triangles (seq construction) 13 threads: 1612010
N° triangles 14 threads: 1612010
N° triangles (seq construction) 14 threads: 1612010
N° triangles 15 threads: 1612010
N° triangles (seq construction) 15 threads: 1612010
N° triangles 16 threads: 1612010
N° triangles (seq construction) 16 threads: 1612010
N° triangles 17 threads: 1612010
N° triangles (seq construction) 17 threads: 1612010
N° triangles 18 threads: 1612010
N° triangles (seq construction) 18 threads: 1612010
N° triangles 19 threads: 1612010
N° triangles (seq construction) 19 threads: 1612010
N° triangles 20 threads: 1612010
N° triangles (seq construction) 20 threads: 1612010

Iteration 45
N° triangles single core: 1612010
N° triangles 2 threads: 1612010
N° triangles (seq construction) 2 threads: 1612010
N° triangles 3 threads: 1612010
N° triangles (seq construction) 3 threads: 1612010
N° triangles 4 threads: 1612010
N° triangles (seq construction) 4 threads: 1612010
N° triangles 5 threads: 1612010
N° triangles (seq construction) 5 threads: 1612010
N° triangles 6 threads: 1612010
N° triangles (seq construction) 6 threads: 1612010
N° triangles 7 threads: 1612010
N° triangles (seq construction) 7 threads: 1612010
N° triangles 8 threads: 1612010
N° triangles (seq construction) 8 threads: 1612010
N° triangles 9 threads: 1612010
N° triangles (seq construction) 9 threads: 1612010
N° triangles 10 threads: 1612010
N° triangles (seq construction) 10 threads: 1612010
N° triangles 11 threads: 1612010
N° triangles (seq construction) 11 threads: 1612010
N° triangles 12 threads: 1612010
N° triangles (seq construction) 12 threads: 1612010
N° triangles 13 threads: 1612010
N° triangles (seq construction) 13 threads: 1612010
N° triangles 14 threads: 1612010
N° triangles (seq construction) 14 threads: 1612010
N° triangles 15 threads: 1612010
N° triangles (seq construction) 15 threads: 1612010
N° triangles 16 threads: 1612010
N° triangles (seq construction) 16 threads: 1612010
N° triangles 17 threads: 1612010
N° triangles (seq construction) 17 threads: 1612010
N° triangles 18 threads: 1612010
N° triangles (seq construction) 18 threads: 1612010
N° triangles 19 threads: 1612010
N° triangles (seq construction) 19 threads: 1612010
N° triangles 20 threads: 1612010
N° triangles (seq construction) 20 threads: 1612010

Iteration 46
N° triangles single core: 1612010
N° triangles 2 threads: 1612010
N° triangles (seq construction) 2 threads: 1612010
N° triangles 3 threads: 1612010
N° triangles (seq construction) 3 threads: 1612010
N° triangles 4 threads: 1612010
N° triangles (seq construction) 4 threads: 1612010
N° triangles 5 threads: 1612010
N° triangles (seq construction) 5 threads: 1612010
N° triangles 6 threads: 1612010
N° triangles (seq construction) 6 threads: 1612010
N° triangles 7 threads: 1612010
N° triangles (seq construction) 7 threads: 1612010
N° triangles 8 threads: 1612010
N° triangles (seq construction) 8 threads: 1612010
N° triangles 9 threads: 1612010
N° triangles (seq construction) 9 threads: 1612010
N° triangles 10 threads: 1612010
N° triangles (seq construction) 10 threads: 1612010
N° triangles 11 threads: 1612010
N° triangles (seq construction) 11 threads: 1612010
N° triangles 12 threads: 1612010
N° triangles (seq construction) 12 threads: 1612010
N° triangles 13 threads: 1612010
N° triangles (seq construction) 13 threads: 1612010
N° triangles 14 threads: 1612010
N° triangles (seq construction) 14 threads: 1612010
N° triangles 15 threads: 1612010
N° triangles (seq construction) 15 threads: 1612010
N° triangles 16 threads: 1612010
N° triangles (seq construction) 16 threads: 1612010
N° triangles 17 threads: 1612010
N° triangles (seq construction) 17 threads: 1612010
N° triangles 18 threads: 1612010
N° triangles (seq construction) 18 threads: 1612010
N° triangles 19 threads: 1612010
N° triangles (seq construction) 19 threads: 1612010
N° triangles 20 threads: 1612010
N° triangles (seq construction) 20 threads: 1612010

Iteration 47
N° triangles single core: 1612010
N° triangles 2 threads: 1612010
N° triangles (seq construction) 2 threads: 1612010
N° triangles 3 threads: 1612010
N° triangles (seq construction) 3 threads: 1612010
N° triangles 4 threads: 1612010
N° triangles (seq construction) 4 threads: 1612010
N° triangles 5 threads: 1612010
N° triangles (seq construction) 5 threads: 1612010
N° triangles 6 threads: 1612010
N° triangles (seq construction) 6 threads: 1612010
N° triangles 7 threads: 1612010
N° triangles (seq construction) 7 threads: 1612010
N° triangles 8 threads: 1612010
N° triangles (seq construction) 8 threads: 1612010
N° triangles 9 threads: 1612010
N° triangles (seq construction) 9 threads: 1612010
N° triangles 10 threads: 1612010
N° triangles (seq construction) 10 threads: 1612010
N° triangles 11 threads: 1612010
N° triangles (seq construction) 11 threads: 1612010
N° triangles 12 threads: 1612010
N° triangles (seq construction) 12 threads: 1612010
N° triangles 13 threads: 1612010
N° triangles (seq construction) 13 threads: 1612010
N° triangles 14 threads: 1612010
N° triangles (seq construction) 14 threads: 1612010
N° triangles 15 threads: 1612010
N° triangles (seq construction) 15 threads: 1612010
N° triangles 16 threads: 1612010
N° triangles (seq construction) 16 threads: 1612010
N° triangles 17 threads: 1612010
N° triangles (seq construction) 17 threads: 1612010
N° triangles 18 threads: 1612010
N° triangles (seq construction) 18 threads: 1612010
N° triangles 19 threads: 1612010
N° triangles (seq construction) 19 threads: 1612010
N° triangles 20 threads: 1612010
N° triangles (seq construction) 20 threads: 1612010

Iteration 48
N° triangles single core: 1612010
N° triangles 2 threads: 1612010
N° triangles (seq construction) 2 threads: 1612010
N° triangles 3 threads: 1612010
N° triangles (seq construction) 3 threads: 1612010
N° triangles 4 threads: 1612010
N° triangles (seq construction) 4 threads: 1612010
N° triangles 5 threads: 1612010
N° triangles (seq construction) 5 threads: 1612010
N° triangles 6 threads: 1612010
N° triangles (seq construction) 6 threads: 1612010
N° triangles 7 threads: 1612010
N° triangles (seq construction) 7 threads: 1612010
N° triangles 8 threads: 1612010
N° triangles (seq construction) 8 threads: 1612010
N° triangles 9 threads: 1612010
N° triangles (seq construction) 9 threads: 1612010
N° triangles 10 threads: 1612010
N° triangles (seq construction) 10 threads: 1612010
N° triangles 11 threads: 1612010
N° triangles (seq construction) 11 threads: 1612010
N° triangles 12 threads: 1612010
N° triangles (seq construction) 12 threads: 1612010
N° triangles 13 threads: 1612010
N° triangles (seq construction) 13 threads: 1612010
N° triangles 14 threads: 1612010
N° triangles (seq construction) 14 threads: 1612010
N° triangles 15 threads: 1612010
N° triangles (seq construction) 15 threads: 1612010
N° triangles 16 threads: 1612010
N° triangles (seq construction) 16 threads: 1612010
N° triangles 17 threads: 1612010
N° triangles (seq construction) 17 threads: 1612010
N° triangles 18 threads: 1612010
N° triangles (seq construction) 18 threads: 1612010
N° triangles 19 threads: 1612010
N° triangles (seq construction) 19 threads: 1612010
N° triangles 20 threads: 1612010
N° triangles (seq construction) 20 threads: 1612010

Iteration 49
N° triangles single core: 1612010
N° triangles 2 threads: 1612010
N° triangles (seq construction) 2 threads: 1612010
N° triangles 3 threads: 1612010
N° triangles (seq construction) 3 threads: 1612010
N° triangles 4 threads: 1612010
N° triangles (seq construction) 4 threads: 1612010
N° triangles 5 threads: 1612010
N° triangles (seq construction) 5 threads: 1612010
N° triangles 6 threads: 1612010
N° triangles (seq construction) 6 threads: 1612010
N° triangles 7 threads: 1612010
N° triangles (seq construction) 7 threads: 1612010
N° triangles 8 threads: 1612010
N° triangles (seq construction) 8 threads: 1612010
N° triangles 9 threads: 1612010
N° triangles (seq construction) 9 threads: 1612010
N° triangles 10 threads: 1612010
N° triangles (seq construction) 10 threads: 1612010
N° triangles 11 threads: 1612010
N° triangles (seq construction) 11 threads: 1612010
N° triangles 12 threads: 1612010
N° triangles (seq construction) 12 threads: 1612010
N° triangles 13 threads: 1612010
N° triangles (seq construction) 13 threads: 1612010
N° triangles 14 threads: 1612010
N° triangles (seq construction) 14 threads: 1612010
N° triangles 15 threads: 1612010
N° triangles (seq construction) 15 threads: 1612010
N° triangles 16 threads: 1612010
N° triangles (seq construction) 16 threads: 1612010
N° triangles 17 threads: 1612010
N° triangles (seq construction) 17 threads: 1612010
N° triangles 18 threads: 1612010
N° triangles (seq construction) 18 threads: 1612010
N° triangles 19 threads: 1612010
N° triangles (seq construction) 19 threads: 1612010
N° triangles 20 threads: 1612010
N° triangles (seq construction) 20 threads: 1612010


*** Single core ***

N° threads: 1
Construction elapsed time: 3ms or 0.003s
Triangle counting elapsed time: 60ms or 0.06s
Total elapsed time: 63ms or 0.063s
Total elapsed time (seq construction): 63ms or 0.063s

*** Multi core ***

N° threads: 2
Construction elapsed time: 5ms or 0.005s
Triangle counting elapsed time: 32ms or 0.032s
Total elapsed time: 37ms or 0.037s
Total elapsed time (seq construction): 35ms or 0.035s

N° threads: 3
Construction elapsed time: 4ms or 0.004s
Triangle counting elapsed time: 21ms or 0.021s
Total elapsed time: 25ms or 0.025s
Total elapsed time (seq construction): 24ms or 0.024s

N° threads: 4
Construction elapsed time: 3ms or 0.003s
Triangle counting elapsed time: 16ms or 0.016s
Total elapsed time: 19ms or 0.019s
Total elapsed time (seq construction): 20ms or 0.02s

N° threads: 5
Construction elapsed time: 3ms or 0.003s
Triangle counting elapsed time: 19ms or 0.019s
Total elapsed time: 22ms or 0.022s
Total elapsed time (seq construction): 22ms or 0.022s

N° threads: 6
Construction elapsed time: 3ms or 0.003s
Triangle counting elapsed time: 16ms or 0.016s
Total elapsed time: 19ms or 0.019s
Total elapsed time (seq construction): 19ms or 0.019s

N° threads: 7
Construction elapsed time: 3ms or 0.003s
Triangle counting elapsed time: 14ms or 0.014s
Total elapsed time: 17ms or 0.017s
Total elapsed time (seq construction): 16ms or 0.016s

N° threads: 8
Construction elapsed time: 3ms or 0.003s
Triangle counting elapsed time: 12ms or 0.012s
Total elapsed time: 15ms or 0.015s
Total elapsed time (seq construction): 15ms or 0.015s

N° threads: 9
Construction elapsed time: 3ms or 0.003s
Triangle counting elapsed time: 17ms or 0.017s
Total elapsed time: 20ms or 0.02s
Total elapsed time (seq construction): 20ms or 0.02s

N° threads: 10
Construction elapsed time: 3ms or 0.003s
Triangle counting elapsed time: 16ms or 0.016s
Total elapsed time: 19ms or 0.019s
Total elapsed time (seq construction): 19ms or 0.019s

N° threads: 11
Construction elapsed time: 2ms or 0.002s
Triangle counting elapsed time: 15ms or 0.015s
Total elapsed time: 17ms or 0.017s
Total elapsed time (seq construction): 18ms or 0.018s

N° threads: 12
Construction elapsed time: 3ms or 0.003s
Triangle counting elapsed time: 15ms or 0.015s
Total elapsed time: 18ms or 0.018s
Total elapsed time (seq construction): 18ms or 0.018s

N° threads: 13
Construction elapsed time: 3ms or 0.003s
Triangle counting elapsed time: 14ms or 0.014s
Total elapsed time: 17ms or 0.017s
Total elapsed time (seq construction): 17ms or 0.017s

N° threads: 14
Construction elapsed time: 3ms or 0.003s
Triangle counting elapsed time: 14ms or 0.014s
Total elapsed time: 17ms or 0.017s
Total elapsed time (seq construction): 17ms or 0.017s

N° threads: 15
Construction elapsed time: 3ms or 0.003s
Triangle counting elapsed time: 13ms or 0.013s
Total elapsed time: 16ms or 0.016s
Total elapsed time (seq construction): 17ms or 0.017s

N° threads: 16
Construction elapsed time: 3ms or 0.003s
Triangle counting elapsed time: 13ms or 0.013s
Total elapsed time: 16ms or 0.016s
Total elapsed time (seq construction): 16ms or 0.016s

N° threads: 17
Construction elapsed time: 2ms or 0.002s
Triangle counting elapsed time: 14ms or 0.014s
Total elapsed time: 16ms or 0.016s
Total elapsed time (seq construction): 18ms or 0.018s

N° threads: 18
Construction elapsed time: 3ms or 0.003s
Triangle counting elapsed time: 14ms or 0.014s
Total elapsed time: 17ms or 0.017s
Total elapsed time (seq construction): 17ms or 0.017s

N° threads: 19
Construction elapsed time: 3ms or 0.003s
Triangle counting elapsed time: 14ms or 0.014s
Total elapsed time: 17ms or 0.017s
Total elapsed time (seq construction): 17ms or 0.017s

N° threads: 20
Construction elapsed time: 2ms or 0.002s
Triangle counting elapsed time: 14ms or 0.014s
Total elapsed time: 16ms or 0.016s
Total elapsed time (seq construction): 17ms or 0.017s



45100_sparse_graph
N° of edges 990500
N° of nodes 45100
Density: 0.00097396

Iteration 0
N° triangles single core: 14125
N° triangles 2 threads: 14125
N° triangles (seq construction) 2 threads: 14125
N° triangles 3 threads: 14125
N° triangles (seq construction) 3 threads: 14125
N° triangles 4 threads: 14125
N° triangles (seq construction) 4 threads: 14125
N° triangles 5 threads: 14125
N° triangles (seq construction) 5 threads: 14125
N° triangles 6 threads: 14125
N° triangles (seq construction) 6 threads: 14125
N° triangles 7 threads: 14125
N° triangles (seq construction) 7 threads: 14125
N° triangles 8 threads: 14125
N° triangles (seq construction) 8 threads: 14125
N° triangles 9 threads: 14125
N° triangles (seq construction) 9 threads: 14125
N° triangles 10 threads: 14125
N° triangles (seq construction) 10 threads: 14125
N° triangles 11 threads: 14125
N° triangles (seq construction) 11 threads: 14125
N° triangles 12 threads: 14125
N° triangles (seq construction) 12 threads: 14125
N° triangles 13 threads: 14125
N° triangles (seq construction) 13 threads: 14125
N° triangles 14 threads: 14125
N° triangles (seq construction) 14 threads: 14125
N° triangles 15 threads: 14125
N° triangles (seq construction) 15 threads: 14125
N° triangles 16 threads: 14125
N° triangles (seq construction) 16 threads: 14125
N° triangles 17 threads: 14125
N° triangles (seq construction) 17 threads: 14125
N° triangles 18 threads: 14125
N° triangles (seq construction) 18 threads: 14125
N° triangles 19 threads: 14125
N° triangles (seq construction) 19 threads: 14125
N° triangles 20 threads: 14125
N° triangles (seq construction) 20 threads: 14125

Iteration 1
N° triangles single core: 14125
N° triangles 2 threads: 14125
N° triangles (seq construction) 2 threads: 14125
N° triangles 3 threads: 14125
N° triangles (seq construction) 3 threads: 14125
N° triangles 4 threads: 14125
N° triangles (seq construction) 4 threads: 14125
N° triangles 5 threads: 14125
N° triangles (seq construction) 5 threads: 14125
N° triangles 6 threads: 14125
N° triangles (seq construction) 6 threads: 14125
N° triangles 7 threads: 14125
N° triangles (seq construction) 7 threads: 14125
N° triangles 8 threads: 14125
N° triangles (seq construction) 8 threads: 14125
N° triangles 9 threads: 14125
N° triangles (seq construction) 9 threads: 14125
N° triangles 10 threads: 14125
N° triangles (seq construction) 10 threads: 14125
N° triangles 11 threads: 14125
N° triangles (seq construction) 11 threads: 14125
N° triangles 12 threads: 14125
N° triangles (seq construction) 12 threads: 14125
N° triangles 13 threads: 14125
N° triangles (seq construction) 13 threads: 14125
N° triangles 14 threads: 14125
N° triangles (seq construction) 14 threads: 14125
N° triangles 15 threads: 14125
N° triangles (seq construction) 15 threads: 14125
N° triangles 16 threads: 14125
N° triangles (seq construction) 16 threads: 14125
N° triangles 17 threads: 14125
N° triangles (seq construction) 17 threads: 14125
N° triangles 18 threads: 14125
N° triangles (seq construction) 18 threads: 14125
N° triangles 19 threads: 14125
N° triangles (seq construction) 19 threads: 14125
N° triangles 20 threads: 14125
N° triangles (seq construction) 20 threads: 14125

Iteration 2
N° triangles single core: 14125
N° triangles 2 threads: 14125
N° triangles (seq construction) 2 threads: 14125
N° triangles 3 threads: 14125
N° triangles (seq construction) 3 threads: 14125
N° triangles 4 threads: 14125
N° triangles (seq construction) 4 threads: 14125
N° triangles 5 threads: 14125
N° triangles (seq construction) 5 threads: 14125
N° triangles 6 threads: 14125
N° triangles (seq construction) 6 threads: 14125
N° triangles 7 threads: 14125
N° triangles (seq construction) 7 threads: 14125
N° triangles 8 threads: 14125
N° triangles (seq construction) 8 threads: 14125
N° triangles 9 threads: 14125
N° triangles (seq construction) 9 threads: 14125
N° triangles 10 threads: 14125
N° triangles (seq construction) 10 threads: 14125
N° triangles 11 threads: 14125
N° triangles (seq construction) 11 threads: 14125
N° triangles 12 threads: 14125
N° triangles (seq construction) 12 threads: 14125
N° triangles 13 threads: 14125
N° triangles (seq construction) 13 threads: 14125
N° triangles 14 threads: 14125
N° triangles (seq construction) 14 threads: 14125
N° triangles 15 threads: 14125
N° triangles (seq construction) 15 threads: 14125
N° triangles 16 threads: 14125
N° triangles (seq construction) 16 threads: 14125
N° triangles 17 threads: 14125
N° triangles (seq construction) 17 threads: 14125
N° triangles 18 threads: 14125
N° triangles (seq construction) 18 threads: 14125
N° triangles 19 threads: 14125
N° triangles (seq construction) 19 threads: 14125
N° triangles 20 threads: 14125
N° triangles (seq construction) 20 threads: 14125

Iteration 3
N° triangles single core: 14125
N° triangles 2 threads: 14125
N° triangles (seq construction) 2 threads: 14125
N° triangles 3 threads: 14125
N° triangles (seq construction) 3 threads: 14125
N° triangles 4 threads: 14125
N° triangles (seq construction) 4 threads: 14125
N° triangles 5 threads: 14125
N° triangles (seq construction) 5 threads: 14125
N° triangles 6 threads: 14125
N° triangles (seq construction) 6 threads: 14125
N° triangles 7 threads: 14125
N° triangles (seq construction) 7 threads: 14125
N° triangles 8 threads: 14125
N° triangles (seq construction) 8 threads: 14125
N° triangles 9 threads: 14125
N° triangles (seq construction) 9 threads: 14125
N° triangles 10 threads: 14125
N° triangles (seq construction) 10 threads: 14125
N° triangles 11 threads: 14125
N° triangles (seq construction) 11 threads: 14125
N° triangles 12 threads: 14125
N° triangles (seq construction) 12 threads: 14125
N° triangles 13 threads: 14125
N° triangles (seq construction) 13 threads: 14125
N° triangles 14 threads: 14125
N° triangles (seq construction) 14 threads: 14125
N° triangles 15 threads: 14125
N° triangles (seq construction) 15 threads: 14125
N° triangles 16 threads: 14125
N° triangles (seq construction) 16 threads: 14125
N° triangles 17 threads: 14125
N° triangles (seq construction) 17 threads: 14125
N° triangles 18 threads: 14125
N° triangles (seq construction) 18 threads: 14125
N° triangles 19 threads: 14125
N° triangles (seq construction) 19 threads: 14125
N° triangles 20 threads: 14125
N° triangles (seq construction) 20 threads: 14125

Iteration 4
N° triangles single core: 14125
N° triangles 2 threads: 14125
N° triangles (seq construction) 2 threads: 14125
N° triangles 3 threads: 14125
N° triangles (seq construction) 3 threads: 14125
N° triangles 4 threads: 14125
N° triangles (seq construction) 4 threads: 14125
N° triangles 5 threads: 14125
N° triangles (seq construction) 5 threads: 14125
N° triangles 6 threads: 14125
N° triangles (seq construction) 6 threads: 14125
N° triangles 7 threads: 14125
N° triangles (seq construction) 7 threads: 14125
N° triangles 8 threads: 14125
N° triangles (seq construction) 8 threads: 14125
N° triangles 9 threads: 14125
N° triangles (seq construction) 9 threads: 14125
N° triangles 10 threads: 14125
N° triangles (seq construction) 10 threads: 14125
N° triangles 11 threads: 14125
N° triangles (seq construction) 11 threads: 14125
N° triangles 12 threads: 14125
N° triangles (seq construction) 12 threads: 14125
N° triangles 13 threads: 14125
N° triangles (seq construction) 13 threads: 14125
N° triangles 14 threads: 14125
N° triangles (seq construction) 14 threads: 14125
N° triangles 15 threads: 14125
N° triangles (seq construction) 15 threads: 14125
N° triangles 16 threads: 14125
N° triangles (seq construction) 16 threads: 14125
N° triangles 17 threads: 14125
N° triangles (seq construction) 17 threads: 14125
N° triangles 18 threads: 14125
N° triangles (seq construction) 18 threads: 14125
N° triangles 19 threads: 14125
N° triangles (seq construction) 19 threads: 14125
N° triangles 20 threads: 14125
N° triangles (seq construction) 20 threads: 14125

Iteration 5
N° triangles single core: 14125
N° triangles 2 threads: 14125
N° triangles (seq construction) 2 threads: 14125
N° triangles 3 threads: 14125
N° triangles (seq construction) 3 threads: 14125
N° triangles 4 threads: 14125
N° triangles (seq construction) 4 threads: 14125
N° triangles 5 threads: 14125
N° triangles (seq construction) 5 threads: 14125
N° triangles 6 threads: 14125
N° triangles (seq construction) 6 threads: 14125
N° triangles 7 threads: 14125
N° triangles (seq construction) 7 threads: 14125
N° triangles 8 threads: 14125
N° triangles (seq construction) 8 threads: 14125
N° triangles 9 threads: 14125
N° triangles (seq construction) 9 threads: 14125
N° triangles 10 threads: 14125
N° triangles (seq construction) 10 threads: 14125
N° triangles 11 threads: 14125
N° triangles (seq construction) 11 threads: 14125
N° triangles 12 threads: 14125
N° triangles (seq construction) 12 threads: 14125
N° triangles 13 threads: 14125
N° triangles (seq construction) 13 threads: 14125
N° triangles 14 threads: 14125
N° triangles (seq construction) 14 threads: 14125
N° triangles 15 threads: 14125
N° triangles (seq construction) 15 threads: 14125
N° triangles 16 threads: 14125
N° triangles (seq construction) 16 threads: 14125
N° triangles 17 threads: 14125
N° triangles (seq construction) 17 threads: 14125
N° triangles 18 threads: 14125
N° triangles (seq construction) 18 threads: 14125
N° triangles 19 threads: 14125
N° triangles (seq construction) 19 threads: 14125
N° triangles 20 threads: 14125
N° triangles (seq construction) 20 threads: 14125

Iteration 6
N° triangles single core: 14125
N° triangles 2 threads: 14125
N° triangles (seq construction) 2 threads: 14125
N° triangles 3 threads: 14125
N° triangles (seq construction) 3 threads: 14125
N° triangles 4 threads: 14125
N° triangles (seq construction) 4 threads: 14125
N° triangles 5 threads: 14125
N° triangles (seq construction) 5 threads: 14125
N° triangles 6 threads: 14125
N° triangles (seq construction) 6 threads: 14125
N° triangles 7 threads: 14125
N° triangles (seq construction) 7 threads: 14125
N° triangles 8 threads: 14125
N° triangles (seq construction) 8 threads: 14125
N° triangles 9 threads: 14125
N° triangles (seq construction) 9 threads: 14125
N° triangles 10 threads: 14125
N° triangles (seq construction) 10 threads: 14125
N° triangles 11 threads: 14125
N° triangles (seq construction) 11 threads: 14125
N° triangles 12 threads: 14125
N° triangles (seq construction) 12 threads: 14125
N° triangles 13 threads: 14125
N° triangles (seq construction) 13 threads: 14125
N° triangles 14 threads: 14125
N° triangles (seq construction) 14 threads: 14125
N° triangles 15 threads: 14125
N° triangles (seq construction) 15 threads: 14125
N° triangles 16 threads: 14125
N° triangles (seq construction) 16 threads: 14125
N° triangles 17 threads: 14125
N° triangles (seq construction) 17 threads: 14125
N° triangles 18 threads: 14125
N° triangles (seq construction) 18 threads: 14125
N° triangles 19 threads: 14125
N° triangles (seq construction) 19 threads: 14125
N° triangles 20 threads: 14125
N° triangles (seq construction) 20 threads: 14125

Iteration 7
N° triangles single core: 14125
N° triangles 2 threads: 14125
N° triangles (seq construction) 2 threads: 14125
N° triangles 3 threads: 14125
N° triangles (seq construction) 3 threads: 14125
N° triangles 4 threads: 14125
N° triangles (seq construction) 4 threads: 14125
N° triangles 5 threads: 14125
N° triangles (seq construction) 5 threads: 14125
N° triangles 6 threads: 14125
N° triangles (seq construction) 6 threads: 14125
N° triangles 7 threads: 14125
N° triangles (seq construction) 7 threads: 14125
N° triangles 8 threads: 14125
N° triangles (seq construction) 8 threads: 14125
N° triangles 9 threads: 14125
N° triangles (seq construction) 9 threads: 14125
N° triangles 10 threads: 14125
N° triangles (seq construction) 10 threads: 14125
N° triangles 11 threads: 14125
N° triangles (seq construction) 11 threads: 14125
N° triangles 12 threads: 14125
N° triangles (seq construction) 12 threads: 14125
N° triangles 13 threads: 14125
N° triangles (seq construction) 13 threads: 14125
N° triangles 14 threads: 14125
N° triangles (seq construction) 14 threads: 14125
N° triangles 15 threads: 14125
N° triangles (seq construction) 15 threads: 14125
N° triangles 16 threads: 14125
N° triangles (seq construction) 16 threads: 14125
N° triangles 17 threads: 14125
N° triangles (seq construction) 17 threads: 14125
N° triangles 18 threads: 14125
N° triangles (seq construction) 18 threads: 14125
N° triangles 19 threads: 14125
N° triangles (seq construction) 19 threads: 14125
N° triangles 20 threads: 14125
N° triangles (seq construction) 20 threads: 14125

Iteration 8
N° triangles single core: 14125
N° triangles 2 threads: 14125
N° triangles (seq construction) 2 threads: 14125
N° triangles 3 threads: 14125
N° triangles (seq construction) 3 threads: 14125
N° triangles 4 threads: 14125
N° triangles (seq construction) 4 threads: 14125
N° triangles 5 threads: 14125
N° triangles (seq construction) 5 threads: 14125
N° triangles 6 threads: 14125
N° triangles (seq construction) 6 threads: 14125
N° triangles 7 threads: 14125
N° triangles (seq construction) 7 threads: 14125
N° triangles 8 threads: 14125
N° triangles (seq construction) 8 threads: 14125
N° triangles 9 threads: 14125
N° triangles (seq construction) 9 threads: 14125
N° triangles 10 threads: 14125
N° triangles (seq construction) 10 threads: 14125
N° triangles 11 threads: 14125
N° triangles (seq construction) 11 threads: 14125
N° triangles 12 threads: 14125
N° triangles (seq construction) 12 threads: 14125
N° triangles 13 threads: 14125
N° triangles (seq construction) 13 threads: 14125
N° triangles 14 threads: 14125
N° triangles (seq construction) 14 threads: 14125
N° triangles 15 threads: 14125
N° triangles (seq construction) 15 threads: 14125
N° triangles 16 threads: 14125
N° triangles (seq construction) 16 threads: 14125
N° triangles 17 threads: 14125
N° triangles (seq construction) 17 threads: 14125
N° triangles 18 threads: 14125
N° triangles (seq construction) 18 threads: 14125
N° triangles 19 threads: 14125
N° triangles (seq construction) 19 threads: 14125
N° triangles 20 threads: 14125
N° triangles (seq construction) 20 threads: 14125

Iteration 9
N° triangles single core: 14125
N° triangles 2 threads: 14125
N° triangles (seq construction) 2 threads: 14125
N° triangles 3 threads: 14125
N° triangles (seq construction) 3 threads: 14125
N° triangles 4 threads: 14125
N° triangles (seq construction) 4 threads: 14125
N° triangles 5 threads: 14125
N° triangles (seq construction) 5 threads: 14125
N° triangles 6 threads: 14125
N° triangles (seq construction) 6 threads: 14125
N° triangles 7 threads: 14125
N° triangles (seq construction) 7 threads: 14125
N° triangles 8 threads: 14125
N° triangles (seq construction) 8 threads: 14125
N° triangles 9 threads: 14125
N° triangles (seq construction) 9 threads: 14125
N° triangles 10 threads: 14125
N° triangles (seq construction) 10 threads: 14125
N° triangles 11 threads: 14125
N° triangles (seq construction) 11 threads: 14125
N° triangles 12 threads: 14125
N° triangles (seq construction) 12 threads: 14125
N° triangles 13 threads: 14125
N° triangles (seq construction) 13 threads: 14125
N° triangles 14 threads: 14125
N° triangles (seq construction) 14 threads: 14125
N° triangles 15 threads: 14125
N° triangles (seq construction) 15 threads: 14125
N° triangles 16 threads: 14125
N° triangles (seq construction) 16 threads: 14125
N° triangles 17 threads: 14125
N° triangles (seq construction) 17 threads: 14125
N° triangles 18 threads: 14125
N° triangles (seq construction) 18 threads: 14125
N° triangles 19 threads: 14125
N° triangles (seq construction) 19 threads: 14125
N° triangles 20 threads: 14125
N° triangles (seq construction) 20 threads: 14125

Iteration 10
N° triangles single core: 14125
N° triangles 2 threads: 14125
N° triangles (seq construction) 2 threads: 14125
N° triangles 3 threads: 14125
N° triangles (seq construction) 3 threads: 14125
N° triangles 4 threads: 14125
N° triangles (seq construction) 4 threads: 14125
N° triangles 5 threads: 14125
N° triangles (seq construction) 5 threads: 14125
N° triangles 6 threads: 14125
N° triangles (seq construction) 6 threads: 14125
N° triangles 7 threads: 14125
N° triangles (seq construction) 7 threads: 14125
N° triangles 8 threads: 14125
N° triangles (seq construction) 8 threads: 14125
N° triangles 9 threads: 14125
N° triangles (seq construction) 9 threads: 14125
N° triangles 10 threads: 14125
N° triangles (seq construction) 10 threads: 14125
N° triangles 11 threads: 14125
N° triangles (seq construction) 11 threads: 14125
N° triangles 12 threads: 14125
N° triangles (seq construction) 12 threads: 14125
N° triangles 13 threads: 14125
N° triangles (seq construction) 13 threads: 14125
N° triangles 14 threads: 14125
N° triangles (seq construction) 14 threads: 14125
N° triangles 15 threads: 14125
N° triangles (seq construction) 15 threads: 14125
N° triangles 16 threads: 14125
N° triangles (seq construction) 16 threads: 14125
N° triangles 17 threads: 14125
N° triangles (seq construction) 17 threads: 14125
N° triangles 18 threads: 14125
N° triangles (seq construction) 18 threads: 14125
N° triangles 19 threads: 14125
N° triangles (seq construction) 19 threads: 14125
N° triangles 20 threads: 14125
N° triangles (seq construction) 20 threads: 14125

Iteration 11
N° triangles single core: 14125
N° triangles 2 threads: 14125
N° triangles (seq construction) 2 threads: 14125
N° triangles 3 threads: 14125
N° triangles (seq construction) 3 threads: 14125
N° triangles 4 threads: 14125
N° triangles (seq construction) 4 threads: 14125
N° triangles 5 threads: 14125
N° triangles (seq construction) 5 threads: 14125
N° triangles 6 threads: 14125
N° triangles (seq construction) 6 threads: 14125
N° triangles 7 threads: 14125
N° triangles (seq construction) 7 threads: 14125
N° triangles 8 threads: 14125
N° triangles (seq construction) 8 threads: 14125
N° triangles 9 threads: 14125
N° triangles (seq construction) 9 threads: 14125
N° triangles 10 threads: 14125
N° triangles (seq construction) 10 threads: 14125
N° triangles 11 threads: 14125
N° triangles (seq construction) 11 threads: 14125
N° triangles 12 threads: 14125
N° triangles (seq construction) 12 threads: 14125
N° triangles 13 threads: 14125
N° triangles (seq construction) 13 threads: 14125
N° triangles 14 threads: 14125
N° triangles (seq construction) 14 threads: 14125
N° triangles 15 threads: 14125
N° triangles (seq construction) 15 threads: 14125
N° triangles 16 threads: 14125
N° triangles (seq construction) 16 threads: 14125
N° triangles 17 threads: 14125
N° triangles (seq construction) 17 threads: 14125
N° triangles 18 threads: 14125
N° triangles (seq construction) 18 threads: 14125
N° triangles 19 threads: 14125
N° triangles (seq construction) 19 threads: 14125
N° triangles 20 threads: 14125
N° triangles (seq construction) 20 threads: 14125

Iteration 12
N° triangles single core: 14125
N° triangles 2 threads: 14125
N° triangles (seq construction) 2 threads: 14125
N° triangles 3 threads: 14125
N° triangles (seq construction) 3 threads: 14125
N° triangles 4 threads: 14125
N° triangles (seq construction) 4 threads: 14125
N° triangles 5 threads: 14125
N° triangles (seq construction) 5 threads: 14125
N° triangles 6 threads: 14125
N° triangles (seq construction) 6 threads: 14125
N° triangles 7 threads: 14125
N° triangles (seq construction) 7 threads: 14125
N° triangles 8 threads: 14125
N° triangles (seq construction) 8 threads: 14125
N° triangles 9 threads: 14125
N° triangles (seq construction) 9 threads: 14125
N° triangles 10 threads: 14125
N° triangles (seq construction) 10 threads: 14125
N° triangles 11 threads: 14125
N° triangles (seq construction) 11 threads: 14125
N° triangles 12 threads: 14125
N° triangles (seq construction) 12 threads: 14125
N° triangles 13 threads: 14125
N° triangles (seq construction) 13 threads: 14125
N° triangles 14 threads: 14125
N° triangles (seq construction) 14 threads: 14125
N° triangles 15 threads: 14125
N° triangles (seq construction) 15 threads: 14125
N° triangles 16 threads: 14125
N° triangles (seq construction) 16 threads: 14125
N° triangles 17 threads: 14125
N° triangles (seq construction) 17 threads: 14125
N° triangles 18 threads: 14125
N° triangles (seq construction) 18 threads: 14125
N° triangles 19 threads: 14125
N° triangles (seq construction) 19 threads: 14125
N° triangles 20 threads: 14125
N° triangles (seq construction) 20 threads: 14125

Iteration 13
N° triangles single core: 14125
N° triangles 2 threads: 14125
N° triangles (seq construction) 2 threads: 14125
N° triangles 3 threads: 14125
N° triangles (seq construction) 3 threads: 14125
N° triangles 4 threads: 14125
N° triangles (seq construction) 4 threads: 14125
N° triangles 5 threads: 14125
N° triangles (seq construction) 5 threads: 14125
N° triangles 6 threads: 14125
N° triangles (seq construction) 6 threads: 14125
N° triangles 7 threads: 14125
N° triangles (seq construction) 7 threads: 14125
N° triangles 8 threads: 14125
N° triangles (seq construction) 8 threads: 14125
N° triangles 9 threads: 14125
N° triangles (seq construction) 9 threads: 14125
N° triangles 10 threads: 14125
N° triangles (seq construction) 10 threads: 14125
N° triangles 11 threads: 14125
N° triangles (seq construction) 11 threads: 14125
N° triangles 12 threads: 14125
N° triangles (seq construction) 12 threads: 14125
N° triangles 13 threads: 14125
N° triangles (seq construction) 13 threads: 14125
N° triangles 14 threads: 14125
N° triangles (seq construction) 14 threads: 14125
N° triangles 15 threads: 14125
N° triangles (seq construction) 15 threads: 14125
N° triangles 16 threads: 14125
N° triangles (seq construction) 16 threads: 14125
N° triangles 17 threads: 14125
N° triangles (seq construction) 17 threads: 14125
N° triangles 18 threads: 14125
N° triangles (seq construction) 18 threads: 14125
N° triangles 19 threads: 14125
N° triangles (seq construction) 19 threads: 14125
N° triangles 20 threads: 14125
N° triangles (seq construction) 20 threads: 14125

Iteration 14
N° triangles single core: 14125
N° triangles 2 threads: 14125
N° triangles (seq construction) 2 threads: 14125
N° triangles 3 threads: 14125
N° triangles (seq construction) 3 threads: 14125
N° triangles 4 threads: 14125
N° triangles (seq construction) 4 threads: 14125
N° triangles 5 threads: 14125
N° triangles (seq construction) 5 threads: 14125
N° triangles 6 threads: 14125
N° triangles (seq construction) 6 threads: 14125
N° triangles 7 threads: 14125
N° triangles (seq construction) 7 threads: 14125
N° triangles 8 threads: 14125
N° triangles (seq construction) 8 threads: 14125
N° triangles 9 threads: 14125
N° triangles (seq construction) 9 threads: 14125
N° triangles 10 threads: 14125
N° triangles (seq construction) 10 threads: 14125
N° triangles 11 threads: 14125
N° triangles (seq construction) 11 threads: 14125
N° triangles 12 threads: 14125
N° triangles (seq construction) 12 threads: 14125
N° triangles 13 threads: 14125
N° triangles (seq construction) 13 threads: 14125
N° triangles 14 threads: 14125
N° triangles (seq construction) 14 threads: 14125
N° triangles 15 threads: 14125
N° triangles (seq construction) 15 threads: 14125
N° triangles 16 threads: 14125
N° triangles (seq construction) 16 threads: 14125
N° triangles 17 threads: 14125
N° triangles (seq construction) 17 threads: 14125
N° triangles 18 threads: 14125
N° triangles (seq construction) 18 threads: 14125
N° triangles 19 threads: 14125
N° triangles (seq construction) 19 threads: 14125
N° triangles 20 threads: 14125
N° triangles (seq construction) 20 threads: 14125

Iteration 15
N° triangles single core: 14125
N° triangles 2 threads: 14125
N° triangles (seq construction) 2 threads: 14125
N° triangles 3 threads: 14125
N° triangles (seq construction) 3 threads: 14125
N° triangles 4 threads: 14125
N° triangles (seq construction) 4 threads: 14125
N° triangles 5 threads: 14125
N° triangles (seq construction) 5 threads: 14125
N° triangles 6 threads: 14125
N° triangles (seq construction) 6 threads: 14125
N° triangles 7 threads: 14125
N° triangles (seq construction) 7 threads: 14125
N° triangles 8 threads: 14125
N° triangles (seq construction) 8 threads: 14125
N° triangles 9 threads: 14125
N° triangles (seq construction) 9 threads: 14125
N° triangles 10 threads: 14125
N° triangles (seq construction) 10 threads: 14125
N° triangles 11 threads: 14125
N° triangles (seq construction) 11 threads: 14125
N° triangles 12 threads: 14125
N° triangles (seq construction) 12 threads: 14125
N° triangles 13 threads: 14125
N° triangles (seq construction) 13 threads: 14125
N° triangles 14 threads: 14125
N° triangles (seq construction) 14 threads: 14125
N° triangles 15 threads: 14125
N° triangles (seq construction) 15 threads: 14125
N° triangles 16 threads: 14125
N° triangles (seq construction) 16 threads: 14125
N° triangles 17 threads: 14125
N° triangles (seq construction) 17 threads: 14125
N° triangles 18 threads: 14125
N° triangles (seq construction) 18 threads: 14125
N° triangles 19 threads: 14125
N° triangles (seq construction) 19 threads: 14125
N° triangles 20 threads: 14125
N° triangles (seq construction) 20 threads: 14125

Iteration 16
N° triangles single core: 14125
N° triangles 2 threads: 14125
N° triangles (seq construction) 2 threads: 14125
N° triangles 3 threads: 14125
N° triangles (seq construction) 3 threads: 14125
N° triangles 4 threads: 14125
N° triangles (seq construction) 4 threads: 14125
N° triangles 5 threads: 14125
N° triangles (seq construction) 5 threads: 14125
N° triangles 6 threads: 14125
N° triangles (seq construction) 6 threads: 14125
N° triangles 7 threads: 14125
N° triangles (seq construction) 7 threads: 14125
N° triangles 8 threads: 14125
N° triangles (seq construction) 8 threads: 14125
N° triangles 9 threads: 14125
N° triangles (seq construction) 9 threads: 14125
N° triangles 10 threads: 14125
N° triangles (seq construction) 10 threads: 14125
N° triangles 11 threads: 14125
N° triangles (seq construction) 11 threads: 14125
N° triangles 12 threads: 14125
N° triangles (seq construction) 12 threads: 14125
N° triangles 13 threads: 14125
N° triangles (seq construction) 13 threads: 14125
N° triangles 14 threads: 14125
N° triangles (seq construction) 14 threads: 14125
N° triangles 15 threads: 14125
N° triangles (seq construction) 15 threads: 14125
N° triangles 16 threads: 14125
N° triangles (seq construction) 16 threads: 14125
N° triangles 17 threads: 14125
N° triangles (seq construction) 17 threads: 14125
N° triangles 18 threads: 14125
N° triangles (seq construction) 18 threads: 14125
N° triangles 19 threads: 14125
N° triangles (seq construction) 19 threads: 14125
N° triangles 20 threads: 14125
N° triangles (seq construction) 20 threads: 14125

Iteration 17
N° triangles single core: 14125
N° triangles 2 threads: 14125
N° triangles (seq construction) 2 threads: 14125
N° triangles 3 threads: 14125
N° triangles (seq construction) 3 threads: 14125
N° triangles 4 threads: 14125
N° triangles (seq construction) 4 threads: 14125
N° triangles 5 threads: 14125
N° triangles (seq construction) 5 threads: 14125
N° triangles 6 threads: 14125
N° triangles (seq construction) 6 threads: 14125
N° triangles 7 threads: 14125
N° triangles (seq construction) 7 threads: 14125
N° triangles 8 threads: 14125
N° triangles (seq construction) 8 threads: 14125
N° triangles 9 threads: 14125
N° triangles (seq construction) 9 threads: 14125
N° triangles 10 threads: 14125
N° triangles (seq construction) 10 threads: 14125
N° triangles 11 threads: 14125
N° triangles (seq construction) 11 threads: 14125
N° triangles 12 threads: 14125
N° triangles (seq construction) 12 threads: 14125
N° triangles 13 threads: 14125
N° triangles (seq construction) 13 threads: 14125
N° triangles 14 threads: 14125
N° triangles (seq construction) 14 threads: 14125
N° triangles 15 threads: 14125
N° triangles (seq construction) 15 threads: 14125
N° triangles 16 threads: 14125
N° triangles (seq construction) 16 threads: 14125
N° triangles 17 threads: 14125
N° triangles (seq construction) 17 threads: 14125
N° triangles 18 threads: 14125
N° triangles (seq construction) 18 threads: 14125
N° triangles 19 threads: 14125
N° triangles (seq construction) 19 threads: 14125
N° triangles 20 threads: 14125
N° triangles (seq construction) 20 threads: 14125

Iteration 18
N° triangles single core: 14125
N° triangles 2 threads: 14125
N° triangles (seq construction) 2 threads: 14125
N° triangles 3 threads: 14125
N° triangles (seq construction) 3 threads: 14125
N° triangles 4 threads: 14125
N° triangles (seq construction) 4 threads: 14125
N° triangles 5 threads: 14125
N° triangles (seq construction) 5 threads: 14125
N° triangles 6 threads: 14125
N° triangles (seq construction) 6 threads: 14125
N° triangles 7 threads: 14125
N° triangles (seq construction) 7 threads: 14125
N° triangles 8 threads: 14125
N° triangles (seq construction) 8 threads: 14125
N° triangles 9 threads: 14125
N° triangles (seq construction) 9 threads: 14125
N° triangles 10 threads: 14125
N° triangles (seq construction) 10 threads: 14125
N° triangles 11 threads: 14125
N° triangles (seq construction) 11 threads: 14125
N° triangles 12 threads: 14125
N° triangles (seq construction) 12 threads: 14125
N° triangles 13 threads: 14125
N° triangles (seq construction) 13 threads: 14125
N° triangles 14 threads: 14125
N° triangles (seq construction) 14 threads: 14125
N° triangles 15 threads: 14125
N° triangles (seq construction) 15 threads: 14125
N° triangles 16 threads: 14125
N° triangles (seq construction) 16 threads: 14125
N° triangles 17 threads: 14125
N° triangles (seq construction) 17 threads: 14125
N° triangles 18 threads: 14125
N° triangles (seq construction) 18 threads: 14125
N° triangles 19 threads: 14125
N° triangles (seq construction) 19 threads: 14125
N° triangles 20 threads: 14125
N° triangles (seq construction) 20 threads: 14125

Iteration 19
N° triangles single core: 14125
N° triangles 2 threads: 14125
N° triangles (seq construction) 2 threads: 14125
N° triangles 3 threads: 14125
N° triangles (seq construction) 3 threads: 14125
N° triangles 4 threads: 14125
N° triangles (seq construction) 4 threads: 14125
N° triangles 5 threads: 14125
N° triangles (seq construction) 5 threads: 14125
N° triangles 6 threads: 14125
N° triangles (seq construction) 6 threads: 14125
N° triangles 7 threads: 14125
N° triangles (seq construction) 7 threads: 14125
N° triangles 8 threads: 14125
N° triangles (seq construction) 8 threads: 14125
N° triangles 9 threads: 14125
N° triangles (seq construction) 9 threads: 14125
N° triangles 10 threads: 14125
N° triangles (seq construction) 10 threads: 14125
N° triangles 11 threads: 14125
N° triangles (seq construction) 11 threads: 14125
N° triangles 12 threads: 14125
N° triangles (seq construction) 12 threads: 14125
N° triangles 13 threads: 14125
N° triangles (seq construction) 13 threads: 14125
N° triangles 14 threads: 14125
N° triangles (seq construction) 14 threads: 14125
N° triangles 15 threads: 14125
N° triangles (seq construction) 15 threads: 14125
N° triangles 16 threads: 14125
N° triangles (seq construction) 16 threads: 14125
N° triangles 17 threads: 14125
N° triangles (seq construction) 17 threads: 14125
N° triangles 18 threads: 14125
N° triangles (seq construction) 18 threads: 14125
N° triangles 19 threads: 14125
N° triangles (seq construction) 19 threads: 14125
N° triangles 20 threads: 14125
N° triangles (seq construction) 20 threads: 14125

Iteration 20
N° triangles single core: 14125
N° triangles 2 threads: 14125
N° triangles (seq construction) 2 threads: 14125
N° triangles 3 threads: 14125
N° triangles (seq construction) 3 threads: 14125
N° triangles 4 threads: 14125
N° triangles (seq construction) 4 threads: 14125
N° triangles 5 threads: 14125
N° triangles (seq construction) 5 threads: 14125
N° triangles 6 threads: 14125
N° triangles (seq construction) 6 threads: 14125
N° triangles 7 threads: 14125
N° triangles (seq construction) 7 threads: 14125
N° triangles 8 threads: 14125
N° triangles (seq construction) 8 threads: 14125
N° triangles 9 threads: 14125
N° triangles (seq construction) 9 threads: 14125
N° triangles 10 threads: 14125
N° triangles (seq construction) 10 threads: 14125
N° triangles 11 threads: 14125
N° triangles (seq construction) 11 threads: 14125
N° triangles 12 threads: 14125
N° triangles (seq construction) 12 threads: 14125
N° triangles 13 threads: 14125
N° triangles (seq construction) 13 threads: 14125
N° triangles 14 threads: 14125
N° triangles (seq construction) 14 threads: 14125
N° triangles 15 threads: 14125
N° triangles (seq construction) 15 threads: 14125
N° triangles 16 threads: 14125
N° triangles (seq construction) 16 threads: 14125
N° triangles 17 threads: 14125
N° triangles (seq construction) 17 threads: 14125
N° triangles 18 threads: 14125
N° triangles (seq construction) 18 threads: 14125
N° triangles 19 threads: 14125
N° triangles (seq construction) 19 threads: 14125
N° triangles 20 threads: 14125
N° triangles (seq construction) 20 threads: 14125

Iteration 21
N° triangles single core: 14125
N° triangles 2 threads: 14125
N° triangles (seq construction) 2 threads: 14125
N° triangles 3 threads: 14125
N° triangles (seq construction) 3 threads: 14125
N° triangles 4 threads: 14125
N° triangles (seq construction) 4 threads: 14125
N° triangles 5 threads: 14125
N° triangles (seq construction) 5 threads: 14125
N° triangles 6 threads: 14125
N° triangles (seq construction) 6 threads: 14125
N° triangles 7 threads: 14125
N° triangles (seq construction) 7 threads: 14125
N° triangles 8 threads: 14125
N° triangles (seq construction) 8 threads: 14125
N° triangles 9 threads: 14125
N° triangles (seq construction) 9 threads: 14125
N° triangles 10 threads: 14125
N° triangles (seq construction) 10 threads: 14125
N° triangles 11 threads: 14125
N° triangles (seq construction) 11 threads: 14125
N° triangles 12 threads: 14125
N° triangles (seq construction) 12 threads: 14125
N° triangles 13 threads: 14125
N° triangles (seq construction) 13 threads: 14125
N° triangles 14 threads: 14125
N° triangles (seq construction) 14 threads: 14125
N° triangles 15 threads: 14125
N° triangles (seq construction) 15 threads: 14125
N° triangles 16 threads: 14125
N° triangles (seq construction) 16 threads: 14125
N° triangles 17 threads: 14125
N° triangles (seq construction) 17 threads: 14125
N° triangles 18 threads: 14125
N° triangles (seq construction) 18 threads: 14125
N° triangles 19 threads: 14125
N° triangles (seq construction) 19 threads: 14125
N° triangles 20 threads: 14125
N° triangles (seq construction) 20 threads: 14125

Iteration 22
N° triangles single core: 14125
N° triangles 2 threads: 14125
N° triangles (seq construction) 2 threads: 14125
N° triangles 3 threads: 14125
N° triangles (seq construction) 3 threads: 14125
N° triangles 4 threads: 14125
N° triangles (seq construction) 4 threads: 14125
N° triangles 5 threads: 14125
N° triangles (seq construction) 5 threads: 14125
N° triangles 6 threads: 14125
N° triangles (seq construction) 6 threads: 14125
N° triangles 7 threads: 14125
N° triangles (seq construction) 7 threads: 14125
N° triangles 8 threads: 14125
N° triangles (seq construction) 8 threads: 14125
N° triangles 9 threads: 14125
N° triangles (seq construction) 9 threads: 14125
N° triangles 10 threads: 14125
N° triangles (seq construction) 10 threads: 14125
N° triangles 11 threads: 14125
N° triangles (seq construction) 11 threads: 14125
N° triangles 12 threads: 14125
N° triangles (seq construction) 12 threads: 14125
N° triangles 13 threads: 14125
N° triangles (seq construction) 13 threads: 14125
N° triangles 14 threads: 14125
N° triangles (seq construction) 14 threads: 14125
N° triangles 15 threads: 14125
N° triangles (seq construction) 15 threads: 14125
N° triangles 16 threads: 14125
N° triangles (seq construction) 16 threads: 14125
N° triangles 17 threads: 14125
N° triangles (seq construction) 17 threads: 14125
N° triangles 18 threads: 14125
N° triangles (seq construction) 18 threads: 14125
N° triangles 19 threads: 14125
N° triangles (seq construction) 19 threads: 14125
N° triangles 20 threads: 14125
N° triangles (seq construction) 20 threads: 14125

Iteration 23
N° triangles single core: 14125
N° triangles 2 threads: 14125
N° triangles (seq construction) 2 threads: 14125
N° triangles 3 threads: 14125
N° triangles (seq construction) 3 threads: 14125
N° triangles 4 threads: 14125
N° triangles (seq construction) 4 threads: 14125
N° triangles 5 threads: 14125
N° triangles (seq construction) 5 threads: 14125
N° triangles 6 threads: 14125
N° triangles (seq construction) 6 threads: 14125
N° triangles 7 threads: 14125
N° triangles (seq construction) 7 threads: 14125
N° triangles 8 threads: 14125
N° triangles (seq construction) 8 threads: 14125
N° triangles 9 threads: 14125
N° triangles (seq construction) 9 threads: 14125
N° triangles 10 threads: 14125
N° triangles (seq construction) 10 threads: 14125
N° triangles 11 threads: 14125
N° triangles (seq construction) 11 threads: 14125
N° triangles 12 threads: 14125
N° triangles (seq construction) 12 threads: 14125
N° triangles 13 threads: 14125
N° triangles (seq construction) 13 threads: 14125
N° triangles 14 threads: 14125
N° triangles (seq construction) 14 threads: 14125
N° triangles 15 threads: 14125
N° triangles (seq construction) 15 threads: 14125
N° triangles 16 threads: 14125
N° triangles (seq construction) 16 threads: 14125
N° triangles 17 threads: 14125
N° triangles (seq construction) 17 threads: 14125
N° triangles 18 threads: 14125
N° triangles (seq construction) 18 threads: 14125
N° triangles 19 threads: 14125
N° triangles (seq construction) 19 threads: 14125
N° triangles 20 threads: 14125
N° triangles (seq construction) 20 threads: 14125

Iteration 24
N° triangles single core: 14125
N° triangles 2 threads: 14125
N° triangles (seq construction) 2 threads: 14125
N° triangles 3 threads: 14125
N° triangles (seq construction) 3 threads: 14125
N° triangles 4 threads: 14125
N° triangles (seq construction) 4 threads: 14125
N° triangles 5 threads: 14125
N° triangles (seq construction) 5 threads: 14125
N° triangles 6 threads: 14125
N° triangles (seq construction) 6 threads: 14125
N° triangles 7 threads: 14125
N° triangles (seq construction) 7 threads: 14125
N° triangles 8 threads: 14125
N° triangles (seq construction) 8 threads: 14125
N° triangles 9 threads: 14125
N° triangles (seq construction) 9 threads: 14125
N° triangles 10 threads: 14125
N° triangles (seq construction) 10 threads: 14125
N° triangles 11 threads: 14125
N° triangles (seq construction) 11 threads: 14125
N° triangles 12 threads: 14125
N° triangles (seq construction) 12 threads: 14125
N° triangles 13 threads: 14125
N° triangles (seq construction) 13 threads: 14125
N° triangles 14 threads: 14125
N° triangles (seq construction) 14 threads: 14125
N° triangles 15 threads: 14125
N° triangles (seq construction) 15 threads: 14125
N° triangles 16 threads: 14125
N° triangles (seq construction) 16 threads: 14125
N° triangles 17 threads: 14125
N° triangles (seq construction) 17 threads: 14125
N° triangles 18 threads: 14125
N° triangles (seq construction) 18 threads: 14125
N° triangles 19 threads: 14125
N° triangles (seq construction) 19 threads: 14125
N° triangles 20 threads: 14125
N° triangles (seq construction) 20 threads: 14125

Iteration 25
N° triangles single core: 14125
N° triangles 2 threads: 14125
N° triangles (seq construction) 2 threads: 14125
N° triangles 3 threads: 14125
N° triangles (seq construction) 3 threads: 14125
N° triangles 4 threads: 14125
N° triangles (seq construction) 4 threads: 14125
N° triangles 5 threads: 14125
N° triangles (seq construction) 5 threads: 14125
N° triangles 6 threads: 14125
N° triangles (seq construction) 6 threads: 14125
N° triangles 7 threads: 14125
N° triangles (seq construction) 7 threads: 14125
N° triangles 8 threads: 14125
N° triangles (seq construction) 8 threads: 14125
N° triangles 9 threads: 14125
N° triangles (seq construction) 9 threads: 14125
N° triangles 10 threads: 14125
N° triangles (seq construction) 10 threads: 14125
N° triangles 11 threads: 14125
N° triangles (seq construction) 11 threads: 14125
N° triangles 12 threads: 14125
N° triangles (seq construction) 12 threads: 14125
N° triangles 13 threads: 14125
N° triangles (seq construction) 13 threads: 14125
N° triangles 14 threads: 14125
N° triangles (seq construction) 14 threads: 14125
N° triangles 15 threads: 14125
N° triangles (seq construction) 15 threads: 14125
N° triangles 16 threads: 14125
N° triangles (seq construction) 16 threads: 14125
N° triangles 17 threads: 14125
N° triangles (seq construction) 17 threads: 14125
N° triangles 18 threads: 14125
N° triangles (seq construction) 18 threads: 14125
N° triangles 19 threads: 14125
N° triangles (seq construction) 19 threads: 14125
N° triangles 20 threads: 14125
N° triangles (seq construction) 20 threads: 14125

Iteration 26
N° triangles single core: 14125
N° triangles 2 threads: 14125
N° triangles (seq construction) 2 threads: 14125
N° triangles 3 threads: 14125
N° triangles (seq construction) 3 threads: 14125
N° triangles 4 threads: 14125
N° triangles (seq construction) 4 threads: 14125
N° triangles 5 threads: 14125
N° triangles (seq construction) 5 threads: 14125
N° triangles 6 threads: 14125
N° triangles (seq construction) 6 threads: 14125
N° triangles 7 threads: 14125
N° triangles (seq construction) 7 threads: 14125
N° triangles 8 threads: 14125
N° triangles (seq construction) 8 threads: 14125
N° triangles 9 threads: 14125
N° triangles (seq construction) 9 threads: 14125
N° triangles 10 threads: 14125
N° triangles (seq construction) 10 threads: 14125
N° triangles 11 threads: 14125
N° triangles (seq construction) 11 threads: 14125
N° triangles 12 threads: 14125
N° triangles (seq construction) 12 threads: 14125
N° triangles 13 threads: 14125
N° triangles (seq construction) 13 threads: 14125
N° triangles 14 threads: 14125
N° triangles (seq construction) 14 threads: 14125
N° triangles 15 threads: 14125
N° triangles (seq construction) 15 threads: 14125
N° triangles 16 threads: 14125
N° triangles (seq construction) 16 threads: 14125
N° triangles 17 threads: 14125
N° triangles (seq construction) 17 threads: 14125
N° triangles 18 threads: 14125
N° triangles (seq construction) 18 threads: 14125
N° triangles 19 threads: 14125
N° triangles (seq construction) 19 threads: 14125
N° triangles 20 threads: 14125
N° triangles (seq construction) 20 threads: 14125

Iteration 27
N° triangles single core: 14125
N° triangles 2 threads: 14125
N° triangles (seq construction) 2 threads: 14125
N° triangles 3 threads: 14125
N° triangles (seq construction) 3 threads: 14125
N° triangles 4 threads: 14125
N° triangles (seq construction) 4 threads: 14125
N° triangles 5 threads: 14125
N° triangles (seq construction) 5 threads: 14125
N° triangles 6 threads: 14125
N° triangles (seq construction) 6 threads: 14125
N° triangles 7 threads: 14125
N° triangles (seq construction) 7 threads: 14125
N° triangles 8 threads: 14125
N° triangles (seq construction) 8 threads: 14125
N° triangles 9 threads: 14125
N° triangles (seq construction) 9 threads: 14125
N° triangles 10 threads: 14125
N° triangles (seq construction) 10 threads: 14125
N° triangles 11 threads: 14125
N° triangles (seq construction) 11 threads: 14125
N° triangles 12 threads: 14125
N° triangles (seq construction) 12 threads: 14125
N° triangles 13 threads: 14125
N° triangles (seq construction) 13 threads: 14125
N° triangles 14 threads: 14125
N° triangles (seq construction) 14 threads: 14125
N° triangles 15 threads: 14125
N° triangles (seq construction) 15 threads: 14125
N° triangles 16 threads: 14125
N° triangles (seq construction) 16 threads: 14125
N° triangles 17 threads: 14125
N° triangles (seq construction) 17 threads: 14125
N° triangles 18 threads: 14125
N° triangles (seq construction) 18 threads: 14125
N° triangles 19 threads: 14125
N° triangles (seq construction) 19 threads: 14125
N° triangles 20 threads: 14125
N° triangles (seq construction) 20 threads: 14125

Iteration 28
N° triangles single core: 14125
N° triangles 2 threads: 14125
N° triangles (seq construction) 2 threads: 14125
N° triangles 3 threads: 14125
N° triangles (seq construction) 3 threads: 14125
N° triangles 4 threads: 14125
N° triangles (seq construction) 4 threads: 14125
N° triangles 5 threads: 14125
N° triangles (seq construction) 5 threads: 14125
N° triangles 6 threads: 14125
N° triangles (seq construction) 6 threads: 14125
N° triangles 7 threads: 14125
N° triangles (seq construction) 7 threads: 14125
N° triangles 8 threads: 14125
N° triangles (seq construction) 8 threads: 14125
N° triangles 9 threads: 14125
N° triangles (seq construction) 9 threads: 14125
N° triangles 10 threads: 14125
N° triangles (seq construction) 10 threads: 14125
N° triangles 11 threads: 14125
N° triangles (seq construction) 11 threads: 14125
N° triangles 12 threads: 14125
N° triangles (seq construction) 12 threads: 14125
N° triangles 13 threads: 14125
N° triangles (seq construction) 13 threads: 14125
N° triangles 14 threads: 14125
N° triangles (seq construction) 14 threads: 14125
N° triangles 15 threads: 14125
N° triangles (seq construction) 15 threads: 14125
N° triangles 16 threads: 14125
N° triangles (seq construction) 16 threads: 14125
N° triangles 17 threads: 14125
N° triangles (seq construction) 17 threads: 14125
N° triangles 18 threads: 14125
N° triangles (seq construction) 18 threads: 14125
N° triangles 19 threads: 14125
N° triangles (seq construction) 19 threads: 14125
N° triangles 20 threads: 14125
N° triangles (seq construction) 20 threads: 14125

Iteration 29
N° triangles single core: 14125
N° triangles 2 threads: 14125
N° triangles (seq construction) 2 threads: 14125
N° triangles 3 threads: 14125
N° triangles (seq construction) 3 threads: 14125
N° triangles 4 threads: 14125
N° triangles (seq construction) 4 threads: 14125
N° triangles 5 threads: 14125
N° triangles (seq construction) 5 threads: 14125
N° triangles 6 threads: 14125
N° triangles (seq construction) 6 threads: 14125
N° triangles 7 threads: 14125
N° triangles (seq construction) 7 threads: 14125
N° triangles 8 threads: 14125
N° triangles (seq construction) 8 threads: 14125
N° triangles 9 threads: 14125
N° triangles (seq construction) 9 threads: 14125
N° triangles 10 threads: 14125
N° triangles (seq construction) 10 threads: 14125
N° triangles 11 threads: 14125
N° triangles (seq construction) 11 threads: 14125
N° triangles 12 threads: 14125
N° triangles (seq construction) 12 threads: 14125
N° triangles 13 threads: 14125
N° triangles (seq construction) 13 threads: 14125
N° triangles 14 threads: 14125
N° triangles (seq construction) 14 threads: 14125
N° triangles 15 threads: 14125
N° triangles (seq construction) 15 threads: 14125
N° triangles 16 threads: 14125
N° triangles (seq construction) 16 threads: 14125
N° triangles 17 threads: 14125
N° triangles (seq construction) 17 threads: 14125
N° triangles 18 threads: 14125
N° triangles (seq construction) 18 threads: 14125
N° triangles 19 threads: 14125
N° triangles (seq construction) 19 threads: 14125
N° triangles 20 threads: 14125
N° triangles (seq construction) 20 threads: 14125

Iteration 30
N° triangles single core: 14125
N° triangles 2 threads: 14125
N° triangles (seq construction) 2 threads: 14125
N° triangles 3 threads: 14125
N° triangles (seq construction) 3 threads: 14125
N° triangles 4 threads: 14125
N° triangles (seq construction) 4 threads: 14125
N° triangles 5 threads: 14125
N° triangles (seq construction) 5 threads: 14125
N° triangles 6 threads: 14125
N° triangles (seq construction) 6 threads: 14125
N° triangles 7 threads: 14125
N° triangles (seq construction) 7 threads: 14125
N° triangles 8 threads: 14125
N° triangles (seq construction) 8 threads: 14125
N° triangles 9 threads: 14125
N° triangles (seq construction) 9 threads: 14125
N° triangles 10 threads: 14125
N° triangles (seq construction) 10 threads: 14125
N° triangles 11 threads: 14125
N° triangles (seq construction) 11 threads: 14125
N° triangles 12 threads: 14125
N° triangles (seq construction) 12 threads: 14125
N° triangles 13 threads: 14125
N° triangles (seq construction) 13 threads: 14125
N° triangles 14 threads: 14125
N° triangles (seq construction) 14 threads: 14125
N° triangles 15 threads: 14125
N° triangles (seq construction) 15 threads: 14125
N° triangles 16 threads: 14125
N° triangles (seq construction) 16 threads: 14125
N° triangles 17 threads: 14125
N° triangles (seq construction) 17 threads: 14125
N° triangles 18 threads: 14125
N° triangles (seq construction) 18 threads: 14125
N° triangles 19 threads: 14125
N° triangles (seq construction) 19 threads: 14125
N° triangles 20 threads: 14125
N° triangles (seq construction) 20 threads: 14125

Iteration 31
N° triangles single core: 14125
N° triangles 2 threads: 14125
N° triangles (seq construction) 2 threads: 14125
N° triangles 3 threads: 14125
N° triangles (seq construction) 3 threads: 14125
N° triangles 4 threads: 14125
N° triangles (seq construction) 4 threads: 14125
N° triangles 5 threads: 14125
N° triangles (seq construction) 5 threads: 14125
N° triangles 6 threads: 14125
N° triangles (seq construction) 6 threads: 14125
N° triangles 7 threads: 14125
N° triangles (seq construction) 7 threads: 14125
N° triangles 8 threads: 14125
N° triangles (seq construction) 8 threads: 14125
N° triangles 9 threads: 14125
N° triangles (seq construction) 9 threads: 14125
N° triangles 10 threads: 14125
N° triangles (seq construction) 10 threads: 14125
N° triangles 11 threads: 14125
N° triangles (seq construction) 11 threads: 14125
N° triangles 12 threads: 14125
N° triangles (seq construction) 12 threads: 14125
N° triangles 13 threads: 14125
N° triangles (seq construction) 13 threads: 14125
N° triangles 14 threads: 14125
N° triangles (seq construction) 14 threads: 14125
N° triangles 15 threads: 14125
N° triangles (seq construction) 15 threads: 14125
N° triangles 16 threads: 14125
N° triangles (seq construction) 16 threads: 14125
N° triangles 17 threads: 14125
N° triangles (seq construction) 17 threads: 14125
N° triangles 18 threads: 14125
N° triangles (seq construction) 18 threads: 14125
N° triangles 19 threads: 14125
N° triangles (seq construction) 19 threads: 14125
N° triangles 20 threads: 14125
N° triangles (seq construction) 20 threads: 14125

Iteration 32
N° triangles single core: 14125
N° triangles 2 threads: 14125
N° triangles (seq construction) 2 threads: 14125
N° triangles 3 threads: 14125
N° triangles (seq construction) 3 threads: 14125
N° triangles 4 threads: 14125
N° triangles (seq construction) 4 threads: 14125
N° triangles 5 threads: 14125
N° triangles (seq construction) 5 threads: 14125
N° triangles 6 threads: 14125
N° triangles (seq construction) 6 threads: 14125
N° triangles 7 threads: 14125
N° triangles (seq construction) 7 threads: 14125
N° triangles 8 threads: 14125
N° triangles (seq construction) 8 threads: 14125
N° triangles 9 threads: 14125
N° triangles (seq construction) 9 threads: 14125
N° triangles 10 threads: 14125
N° triangles (seq construction) 10 threads: 14125
N° triangles 11 threads: 14125
N° triangles (seq construction) 11 threads: 14125
N° triangles 12 threads: 14125
N° triangles (seq construction) 12 threads: 14125
N° triangles 13 threads: 14125
N° triangles (seq construction) 13 threads: 14125
N° triangles 14 threads: 14125
N° triangles (seq construction) 14 threads: 14125
N° triangles 15 threads: 14125
N° triangles (seq construction) 15 threads: 14125
N° triangles 16 threads: 14125
N° triangles (seq construction) 16 threads: 14125
N° triangles 17 threads: 14125
N° triangles (seq construction) 17 threads: 14125
N° triangles 18 threads: 14125
N° triangles (seq construction) 18 threads: 14125
N° triangles 19 threads: 14125
N° triangles (seq construction) 19 threads: 14125
N° triangles 20 threads: 14125
N° triangles (seq construction) 20 threads: 14125

Iteration 33
N° triangles single core: 14125
N° triangles 2 threads: 14125
N° triangles (seq construction) 2 threads: 14125
N° triangles 3 threads: 14125
N° triangles (seq construction) 3 threads: 14125
N° triangles 4 threads: 14125
N° triangles (seq construction) 4 threads: 14125
N° triangles 5 threads: 14125
N° triangles (seq construction) 5 threads: 14125
N° triangles 6 threads: 14125
N° triangles (seq construction) 6 threads: 14125
N° triangles 7 threads: 14125
N° triangles (seq construction) 7 threads: 14125
N° triangles 8 threads: 14125
N° triangles (seq construction) 8 threads: 14125
N° triangles 9 threads: 14125
N° triangles (seq construction) 9 threads: 14125
N° triangles 10 threads: 14125
N° triangles (seq construction) 10 threads: 14125
N° triangles 11 threads: 14125
N° triangles (seq construction) 11 threads: 14125
N° triangles 12 threads: 14125
N° triangles (seq construction) 12 threads: 14125
N° triangles 13 threads: 14125
N° triangles (seq construction) 13 threads: 14125
N° triangles 14 threads: 14125
N° triangles (seq construction) 14 threads: 14125
N° triangles 15 threads: 14125
N° triangles (seq construction) 15 threads: 14125
N° triangles 16 threads: 14125
N° triangles (seq construction) 16 threads: 14125
N° triangles 17 threads: 14125
N° triangles (seq construction) 17 threads: 14125
N° triangles 18 threads: 14125
N° triangles (seq construction) 18 threads: 14125
N° triangles 19 threads: 14125
N° triangles (seq construction) 19 threads: 14125
N° triangles 20 threads: 14125
N° triangles (seq construction) 20 threads: 14125

Iteration 34
N° triangles single core: 14125
N° triangles 2 threads: 14125
N° triangles (seq construction) 2 threads: 14125
N° triangles 3 threads: 14125
N° triangles (seq construction) 3 threads: 14125
N° triangles 4 threads: 14125
N° triangles (seq construction) 4 threads: 14125
N° triangles 5 threads: 14125
N° triangles (seq construction) 5 threads: 14125
N° triangles 6 threads: 14125
N° triangles (seq construction) 6 threads: 14125
N° triangles 7 threads: 14125
N° triangles (seq construction) 7 threads: 14125
N° triangles 8 threads: 14125
N° triangles (seq construction) 8 threads: 14125
N° triangles 9 threads: 14125
N° triangles (seq construction) 9 threads: 14125
N° triangles 10 threads: 14125
N° triangles (seq construction) 10 threads: 14125
N° triangles 11 threads: 14125
N° triangles (seq construction) 11 threads: 14125
N° triangles 12 threads: 14125
N° triangles (seq construction) 12 threads: 14125
N° triangles 13 threads: 14125
N° triangles (seq construction) 13 threads: 14125
N° triangles 14 threads: 14125
N° triangles (seq construction) 14 threads: 14125
N° triangles 15 threads: 14125
N° triangles (seq construction) 15 threads: 14125
N° triangles 16 threads: 14125
N° triangles (seq construction) 16 threads: 14125
N° triangles 17 threads: 14125
N° triangles (seq construction) 17 threads: 14125
N° triangles 18 threads: 14125
N° triangles (seq construction) 18 threads: 14125
N° triangles 19 threads: 14125
N° triangles (seq construction) 19 threads: 14125
N° triangles 20 threads: 14125
N° triangles (seq construction) 20 threads: 14125

Iteration 35
N° triangles single core: 14125
N° triangles 2 threads: 14125
N° triangles (seq construction) 2 threads: 14125
N° triangles 3 threads: 14125
N° triangles (seq construction) 3 threads: 14125
N° triangles 4 threads: 14125
N° triangles (seq construction) 4 threads: 14125
N° triangles 5 threads: 14125
N° triangles (seq construction) 5 threads: 14125
N° triangles 6 threads: 14125
N° triangles (seq construction) 6 threads: 14125
N° triangles 7 threads: 14125
N° triangles (seq construction) 7 threads: 14125
N° triangles 8 threads: 14125
N° triangles (seq construction) 8 threads: 14125
N° triangles 9 threads: 14125
N° triangles (seq construction) 9 threads: 14125
N° triangles 10 threads: 14125
N° triangles (seq construction) 10 threads: 14125
N° triangles 11 threads: 14125
N° triangles (seq construction) 11 threads: 14125
N° triangles 12 threads: 14125
N° triangles (seq construction) 12 threads: 14125
N° triangles 13 threads: 14125
N° triangles (seq construction) 13 threads: 14125
N° triangles 14 threads: 14125
N° triangles (seq construction) 14 threads: 14125
N° triangles 15 threads: 14125
N° triangles (seq construction) 15 threads: 14125
N° triangles 16 threads: 14125
N° triangles (seq construction) 16 threads: 14125
N° triangles 17 threads: 14125
N° triangles (seq construction) 17 threads: 14125
N° triangles 18 threads: 14125
N° triangles (seq construction) 18 threads: 14125
N° triangles 19 threads: 14125
N° triangles (seq construction) 19 threads: 14125
N° triangles 20 threads: 14125
N° triangles (seq construction) 20 threads: 14125

Iteration 36
N° triangles single core: 14125
N° triangles 2 threads: 14125
N° triangles (seq construction) 2 threads: 14125
N° triangles 3 threads: 14125
N° triangles (seq construction) 3 threads: 14125
N° triangles 4 threads: 14125
N° triangles (seq construction) 4 threads: 14125
N° triangles 5 threads: 14125
N° triangles (seq construction) 5 threads: 14125
N° triangles 6 threads: 14125
N° triangles (seq construction) 6 threads: 14125
N° triangles 7 threads: 14125
N° triangles (seq construction) 7 threads: 14125
N° triangles 8 threads: 14125
N° triangles (seq construction) 8 threads: 14125
N° triangles 9 threads: 14125
N° triangles (seq construction) 9 threads: 14125
N° triangles 10 threads: 14125
N° triangles (seq construction) 10 threads: 14125
N° triangles 11 threads: 14125
N° triangles (seq construction) 11 threads: 14125
N° triangles 12 threads: 14125
N° triangles (seq construction) 12 threads: 14125
N° triangles 13 threads: 14125
N° triangles (seq construction) 13 threads: 14125
N° triangles 14 threads: 14125
N° triangles (seq construction) 14 threads: 14125
N° triangles 15 threads: 14125
N° triangles (seq construction) 15 threads: 14125
N° triangles 16 threads: 14125
N° triangles (seq construction) 16 threads: 14125
N° triangles 17 threads: 14125
N° triangles (seq construction) 17 threads: 14125
N° triangles 18 threads: 14125
N° triangles (seq construction) 18 threads: 14125
N° triangles 19 threads: 14125
N° triangles (seq construction) 19 threads: 14125
N° triangles 20 threads: 14125
N° triangles (seq construction) 20 threads: 14125

Iteration 37
N° triangles single core: 14125
N° triangles 2 threads: 14125
N° triangles (seq construction) 2 threads: 14125
N° triangles 3 threads: 14125
N° triangles (seq construction) 3 threads: 14125
N° triangles 4 threads: 14125
N° triangles (seq construction) 4 threads: 14125
N° triangles 5 threads: 14125
N° triangles (seq construction) 5 threads: 14125
N° triangles 6 threads: 14125
N° triangles (seq construction) 6 threads: 14125
N° triangles 7 threads: 14125
N° triangles (seq construction) 7 threads: 14125
N° triangles 8 threads: 14125
N° triangles (seq construction) 8 threads: 14125
N° triangles 9 threads: 14125
N° triangles (seq construction) 9 threads: 14125
N° triangles 10 threads: 14125
N° triangles (seq construction) 10 threads: 14125
N° triangles 11 threads: 14125
N° triangles (seq construction) 11 threads: 14125
N° triangles 12 threads: 14125
N° triangles (seq construction) 12 threads: 14125
N° triangles 13 threads: 14125
N° triangles (seq construction) 13 threads: 14125
N° triangles 14 threads: 14125
N° triangles (seq construction) 14 threads: 14125
N° triangles 15 threads: 14125
N° triangles (seq construction) 15 threads: 14125
N° triangles 16 threads: 14125
N° triangles (seq construction) 16 threads: 14125
N° triangles 17 threads: 14125
N° triangles (seq construction) 17 threads: 14125
N° triangles 18 threads: 14125
N° triangles (seq construction) 18 threads: 14125
N° triangles 19 threads: 14125
N° triangles (seq construction) 19 threads: 14125
N° triangles 20 threads: 14125
N° triangles (seq construction) 20 threads: 14125

Iteration 38
N° triangles single core: 14125
N° triangles 2 threads: 14125
N° triangles (seq construction) 2 threads: 14125
N° triangles 3 threads: 14125
N° triangles (seq construction) 3 threads: 14125
N° triangles 4 threads: 14125
N° triangles (seq construction) 4 threads: 14125
N° triangles 5 threads: 14125
N° triangles (seq construction) 5 threads: 14125
N° triangles 6 threads: 14125
N° triangles (seq construction) 6 threads: 14125
N° triangles 7 threads: 14125
N° triangles (seq construction) 7 threads: 14125
N° triangles 8 threads: 14125
N° triangles (seq construction) 8 threads: 14125
N° triangles 9 threads: 14125
N° triangles (seq construction) 9 threads: 14125
N° triangles 10 threads: 14125
N° triangles (seq construction) 10 threads: 14125
N° triangles 11 threads: 14125
N° triangles (seq construction) 11 threads: 14125
N° triangles 12 threads: 14125
N° triangles (seq construction) 12 threads: 14125
N° triangles 13 threads: 14125
N° triangles (seq construction) 13 threads: 14125
N° triangles 14 threads: 14125
N° triangles (seq construction) 14 threads: 14125
N° triangles 15 threads: 14125
N° triangles (seq construction) 15 threads: 14125
N° triangles 16 threads: 14125
N° triangles (seq construction) 16 threads: 14125
N° triangles 17 threads: 14125
N° triangles (seq construction) 17 threads: 14125
N° triangles 18 threads: 14125
N° triangles (seq construction) 18 threads: 14125
N° triangles 19 threads: 14125
N° triangles (seq construction) 19 threads: 14125
N° triangles 20 threads: 14125
N° triangles (seq construction) 20 threads: 14125

Iteration 39
N° triangles single core: 14125
N° triangles 2 threads: 14125
N° triangles (seq construction) 2 threads: 14125
N° triangles 3 threads: 14125
N° triangles (seq construction) 3 threads: 14125
N° triangles 4 threads: 14125
N° triangles (seq construction) 4 threads: 14125
N° triangles 5 threads: 14125
N° triangles (seq construction) 5 threads: 14125
N° triangles 6 threads: 14125
N° triangles (seq construction) 6 threads: 14125
N° triangles 7 threads: 14125
N° triangles (seq construction) 7 threads: 14125
N° triangles 8 threads: 14125
N° triangles (seq construction) 8 threads: 14125
N° triangles 9 threads: 14125
N° triangles (seq construction) 9 threads: 14125
N° triangles 10 threads: 14125
N° triangles (seq construction) 10 threads: 14125
N° triangles 11 threads: 14125
N° triangles (seq construction) 11 threads: 14125
N° triangles 12 threads: 14125
N° triangles (seq construction) 12 threads: 14125
N° triangles 13 threads: 14125
N° triangles (seq construction) 13 threads: 14125
N° triangles 14 threads: 14125
N° triangles (seq construction) 14 threads: 14125
N° triangles 15 threads: 14125
N° triangles (seq construction) 15 threads: 14125
N° triangles 16 threads: 14125
N° triangles (seq construction) 16 threads: 14125
N° triangles 17 threads: 14125
N° triangles (seq construction) 17 threads: 14125
N° triangles 18 threads: 14125
N° triangles (seq construction) 18 threads: 14125
N° triangles 19 threads: 14125
N° triangles (seq construction) 19 threads: 14125
N° triangles 20 threads: 14125
N° triangles (seq construction) 20 threads: 14125

Iteration 40
N° triangles single core: 14125
N° triangles 2 threads: 14125
N° triangles (seq construction) 2 threads: 14125
N° triangles 3 threads: 14125
N° triangles (seq construction) 3 threads: 14125
N° triangles 4 threads: 14125
N° triangles (seq construction) 4 threads: 14125
N° triangles 5 threads: 14125
N° triangles (seq construction) 5 threads: 14125
N° triangles 6 threads: 14125
N° triangles (seq construction) 6 threads: 14125
N° triangles 7 threads: 14125
N° triangles (seq construction) 7 threads: 14125
N° triangles 8 threads: 14125
N° triangles (seq construction) 8 threads: 14125
N° triangles 9 threads: 14125
N° triangles (seq construction) 9 threads: 14125
N° triangles 10 threads: 14125
N° triangles (seq construction) 10 threads: 14125
N° triangles 11 threads: 14125
N° triangles (seq construction) 11 threads: 14125
N° triangles 12 threads: 14125
N° triangles (seq construction) 12 threads: 14125
N° triangles 13 threads: 14125
N° triangles (seq construction) 13 threads: 14125
N° triangles 14 threads: 14125
N° triangles (seq construction) 14 threads: 14125
N° triangles 15 threads: 14125
N° triangles (seq construction) 15 threads: 14125
N° triangles 16 threads: 14125
N° triangles (seq construction) 16 threads: 14125
N° triangles 17 threads: 14125
N° triangles (seq construction) 17 threads: 14125
N° triangles 18 threads: 14125
N° triangles (seq construction) 18 threads: 14125
N° triangles 19 threads: 14125
N° triangles (seq construction) 19 threads: 14125
N° triangles 20 threads: 14125
N° triangles (seq construction) 20 threads: 14125

Iteration 41
N° triangles single core: 14125
N° triangles 2 threads: 14125
N° triangles (seq construction) 2 threads: 14125
N° triangles 3 threads: 14125
N° triangles (seq construction) 3 threads: 14125
N° triangles 4 threads: 14125
N° triangles (seq construction) 4 threads: 14125
N° triangles 5 threads: 14125
N° triangles (seq construction) 5 threads: 14125
N° triangles 6 threads: 14125
N° triangles (seq construction) 6 threads: 14125
N° triangles 7 threads: 14125
N° triangles (seq construction) 7 threads: 14125
N° triangles 8 threads: 14125
N° triangles (seq construction) 8 threads: 14125
N° triangles 9 threads: 14125
N° triangles (seq construction) 9 threads: 14125
N° triangles 10 threads: 14125
N° triangles (seq construction) 10 threads: 14125
N° triangles 11 threads: 14125
N° triangles (seq construction) 11 threads: 14125
N° triangles 12 threads: 14125
N° triangles (seq construction) 12 threads: 14125
N° triangles 13 threads: 14125
N° triangles (seq construction) 13 threads: 14125
N° triangles 14 threads: 14125
N° triangles (seq construction) 14 threads: 14125
N° triangles 15 threads: 14125
N° triangles (seq construction) 15 threads: 14125
N° triangles 16 threads: 14125
N° triangles (seq construction) 16 threads: 14125
N° triangles 17 threads: 14125
N° triangles (seq construction) 17 threads: 14125
N° triangles 18 threads: 14125
N° triangles (seq construction) 18 threads: 14125
N° triangles 19 threads: 14125
N° triangles (seq construction) 19 threads: 14125
N° triangles 20 threads: 14125
N° triangles (seq construction) 20 threads: 14125

Iteration 42
N° triangles single core: 14125
N° triangles 2 threads: 14125
N° triangles (seq construction) 2 threads: 14125
N° triangles 3 threads: 14125
N° triangles (seq construction) 3 threads: 14125
N° triangles 4 threads: 14125
N° triangles (seq construction) 4 threads: 14125
N° triangles 5 threads: 14125
N° triangles (seq construction) 5 threads: 14125
N° triangles 6 threads: 14125
N° triangles (seq construction) 6 threads: 14125
N° triangles 7 threads: 14125
N° triangles (seq construction) 7 threads: 14125
N° triangles 8 threads: 14125
N° triangles (seq construction) 8 threads: 14125
N° triangles 9 threads: 14125
N° triangles (seq construction) 9 threads: 14125
N° triangles 10 threads: 14125
N° triangles (seq construction) 10 threads: 14125
N° triangles 11 threads: 14125
N° triangles (seq construction) 11 threads: 14125
N° triangles 12 threads: 14125
N° triangles (seq construction) 12 threads: 14125
N° triangles 13 threads: 14125
N° triangles (seq construction) 13 threads: 14125
N° triangles 14 threads: 14125
N° triangles (seq construction) 14 threads: 14125
N° triangles 15 threads: 14125
N° triangles (seq construction) 15 threads: 14125
N° triangles 16 threads: 14125
N° triangles (seq construction) 16 threads: 14125
N° triangles 17 threads: 14125
N° triangles (seq construction) 17 threads: 14125
N° triangles 18 threads: 14125
N° triangles (seq construction) 18 threads: 14125
N° triangles 19 threads: 14125
N° triangles (seq construction) 19 threads: 14125
N° triangles 20 threads: 14125
N° triangles (seq construction) 20 threads: 14125

Iteration 43
N° triangles single core: 14125
N° triangles 2 threads: 14125
N° triangles (seq construction) 2 threads: 14125
N° triangles 3 threads: 14125
N° triangles (seq construction) 3 threads: 14125
N° triangles 4 threads: 14125
N° triangles (seq construction) 4 threads: 14125
N° triangles 5 threads: 14125
N° triangles (seq construction) 5 threads: 14125
N° triangles 6 threads: 14125
N° triangles (seq construction) 6 threads: 14125
N° triangles 7 threads: 14125
N° triangles (seq construction) 7 threads: 14125
N° triangles 8 threads: 14125
N° triangles (seq construction) 8 threads: 14125
N° triangles 9 threads: 14125
N° triangles (seq construction) 9 threads: 14125
N° triangles 10 threads: 14125
N° triangles (seq construction) 10 threads: 14125
N° triangles 11 threads: 14125
N° triangles (seq construction) 11 threads: 14125
N° triangles 12 threads: 14125
N° triangles (seq construction) 12 threads: 14125
N° triangles 13 threads: 14125
N° triangles (seq construction) 13 threads: 14125
N° triangles 14 threads: 14125
N° triangles (seq construction) 14 threads: 14125
N° triangles 15 threads: 14125
N° triangles (seq construction) 15 threads: 14125
N° triangles 16 threads: 14125
N° triangles (seq construction) 16 threads: 14125
N° triangles 17 threads: 14125
N° triangles (seq construction) 17 threads: 14125
N° triangles 18 threads: 14125
N° triangles (seq construction) 18 threads: 14125
N° triangles 19 threads: 14125
N° triangles (seq construction) 19 threads: 14125
N° triangles 20 threads: 14125
N° triangles (seq construction) 20 threads: 14125

Iteration 44
N° triangles single core: 14125
N° triangles 2 threads: 14125
N° triangles (seq construction) 2 threads: 14125
N° triangles 3 threads: 14125
N° triangles (seq construction) 3 threads: 14125
N° triangles 4 threads: 14125
N° triangles (seq construction) 4 threads: 14125
N° triangles 5 threads: 14125
N° triangles (seq construction) 5 threads: 14125
N° triangles 6 threads: 14125
N° triangles (seq construction) 6 threads: 14125
N° triangles 7 threads: 14125
N° triangles (seq construction) 7 threads: 14125
N° triangles 8 threads: 14125
N° triangles (seq construction) 8 threads: 14125
N° triangles 9 threads: 14125
N° triangles (seq construction) 9 threads: 14125
N° triangles 10 threads: 14125
N° triangles (seq construction) 10 threads: 14125
N° triangles 11 threads: 14125
N° triangles (seq construction) 11 threads: 14125
N° triangles 12 threads: 14125
N° triangles (seq construction) 12 threads: 14125
N° triangles 13 threads: 14125
N° triangles (seq construction) 13 threads: 14125
N° triangles 14 threads: 14125
N° triangles (seq construction) 14 threads: 14125
N° triangles 15 threads: 14125
N° triangles (seq construction) 15 threads: 14125
N° triangles 16 threads: 14125
N° triangles (seq construction) 16 threads: 14125
N° triangles 17 threads: 14125
N° triangles (seq construction) 17 threads: 14125
N° triangles 18 threads: 14125
N° triangles (seq construction) 18 threads: 14125
N° triangles 19 threads: 14125
N° triangles (seq construction) 19 threads: 14125
N° triangles 20 threads: 14125
N° triangles (seq construction) 20 threads: 14125

Iteration 45
N° triangles single core: 14125
N° triangles 2 threads: 14125
N° triangles (seq construction) 2 threads: 14125
N° triangles 3 threads: 14125
N° triangles (seq construction) 3 threads: 14125
N° triangles 4 threads: 14125
N° triangles (seq construction) 4 threads: 14125
N° triangles 5 threads: 14125
N° triangles (seq construction) 5 threads: 14125
N° triangles 6 threads: 14125
N° triangles (seq construction) 6 threads: 14125
N° triangles 7 threads: 14125
N° triangles (seq construction) 7 threads: 14125
N° triangles 8 threads: 14125
N° triangles (seq construction) 8 threads: 14125
N° triangles 9 threads: 14125
N° triangles (seq construction) 9 threads: 14125
N° triangles 10 threads: 14125
N° triangles (seq construction) 10 threads: 14125
N° triangles 11 threads: 14125
N° triangles (seq construction) 11 threads: 14125
N° triangles 12 threads: 14125
N° triangles (seq construction) 12 threads: 14125
N° triangles 13 threads: 14125
N° triangles (seq construction) 13 threads: 14125
N° triangles 14 threads: 14125
N° triangles (seq construction) 14 threads: 14125
N° triangles 15 threads: 14125
N° triangles (seq construction) 15 threads: 14125
N° triangles 16 threads: 14125
N° triangles (seq construction) 16 threads: 14125
N° triangles 17 threads: 14125
N° triangles (seq construction) 17 threads: 14125
N° triangles 18 threads: 14125
N° triangles (seq construction) 18 threads: 14125
N° triangles 19 threads: 14125
N° triangles (seq construction) 19 threads: 14125
N° triangles 20 threads: 14125
N° triangles (seq construction) 20 threads: 14125

Iteration 46
N° triangles single core: 14125
N° triangles 2 threads: 14125
N° triangles (seq construction) 2 threads: 14125
N° triangles 3 threads: 14125
N° triangles (seq construction) 3 threads: 14125
N° triangles 4 threads: 14125
N° triangles (seq construction) 4 threads: 14125
N° triangles 5 threads: 14125
N° triangles (seq construction) 5 threads: 14125
N° triangles 6 threads: 14125
N° triangles (seq construction) 6 threads: 14125
N° triangles 7 threads: 14125
N° triangles (seq construction) 7 threads: 14125
N° triangles 8 threads: 14125
N° triangles (seq construction) 8 threads: 14125
N° triangles 9 threads: 14125
N° triangles (seq construction) 9 threads: 14125
N° triangles 10 threads: 14125
N° triangles (seq construction) 10 threads: 14125
N° triangles 11 threads: 14125
N° triangles (seq construction) 11 threads: 14125
N° triangles 12 threads: 14125
N° triangles (seq construction) 12 threads: 14125
N° triangles 13 threads: 14125
N° triangles (seq construction) 13 threads: 14125
N° triangles 14 threads: 14125
N° triangles (seq construction) 14 threads: 14125
N° triangles 15 threads: 14125
N° triangles (seq construction) 15 threads: 14125
N° triangles 16 threads: 14125
N° triangles (seq construction) 16 threads: 14125
N° triangles 17 threads: 14125
N° triangles (seq construction) 17 threads: 14125
N° triangles 18 threads: 14125
N° triangles (seq construction) 18 threads: 14125
N° triangles 19 threads: 14125
N° triangles (seq construction) 19 threads: 14125
N° triangles 20 threads: 14125
N° triangles (seq construction) 20 threads: 14125

Iteration 47
N° triangles single core: 14125
N° triangles 2 threads: 14125
N° triangles (seq construction) 2 threads: 14125
N° triangles 3 threads: 14125
N° triangles (seq construction) 3 threads: 14125
N° triangles 4 threads: 14125
N° triangles (seq construction) 4 threads: 14125
N° triangles 5 threads: 14125
N° triangles (seq construction) 5 threads: 14125
N° triangles 6 threads: 14125
N° triangles (seq construction) 6 threads: 14125
N° triangles 7 threads: 14125
N° triangles (seq construction) 7 threads: 14125
N° triangles 8 threads: 14125
N° triangles (seq construction) 8 threads: 14125
N° triangles 9 threads: 14125
N° triangles (seq construction) 9 threads: 14125
N° triangles 10 threads: 14125
N° triangles (seq construction) 10 threads: 14125
N° triangles 11 threads: 14125
N° triangles (seq construction) 11 threads: 14125
N° triangles 12 threads: 14125
N° triangles (seq construction) 12 threads: 14125
N° triangles 13 threads: 14125
N° triangles (seq construction) 13 threads: 14125
N° triangles 14 threads: 14125
N° triangles (seq construction) 14 threads: 14125
N° triangles 15 threads: 14125
N° triangles (seq construction) 15 threads: 14125
N° triangles 16 threads: 14125
N° triangles (seq construction) 16 threads: 14125
N° triangles 17 threads: 14125
N° triangles (seq construction) 17 threads: 14125
N° triangles 18 threads: 14125
N° triangles (seq construction) 18 threads: 14125
N° triangles 19 threads: 14125
N° triangles (seq construction) 19 threads: 14125
N° triangles 20 threads: 14125
N° triangles (seq construction) 20 threads: 14125

Iteration 48
N° triangles single core: 14125
N° triangles 2 threads: 14125
N° triangles (seq construction) 2 threads: 14125
N° triangles 3 threads: 14125
N° triangles (seq construction) 3 threads: 14125
N° triangles 4 threads: 14125
N° triangles (seq construction) 4 threads: 14125
N° triangles 5 threads: 14125
N° triangles (seq construction) 5 threads: 14125
N° triangles 6 threads: 14125
N° triangles (seq construction) 6 threads: 14125
N° triangles 7 threads: 14125
N° triangles (seq construction) 7 threads: 14125
N° triangles 8 threads: 14125
N° triangles (seq construction) 8 threads: 14125
N° triangles 9 threads: 14125
N° triangles (seq construction) 9 threads: 14125
N° triangles 10 threads: 14125
N° triangles (seq construction) 10 threads: 14125
N° triangles 11 threads: 14125
N° triangles (seq construction) 11 threads: 14125
N° triangles 12 threads: 14125
N° triangles (seq construction) 12 threads: 14125
N° triangles 13 threads: 14125
N° triangles (seq construction) 13 threads: 14125
N° triangles 14 threads: 14125
N° triangles (seq construction) 14 threads: 14125
N° triangles 15 threads: 14125
N° triangles (seq construction) 15 threads: 14125
N° triangles 16 threads: 14125
N° triangles (seq construction) 16 threads: 14125
N° triangles 17 threads: 14125
N° triangles (seq construction) 17 threads: 14125
N° triangles 18 threads: 14125
N° triangles (seq construction) 18 threads: 14125
N° triangles 19 threads: 14125
N° triangles (seq construction) 19 threads: 14125
N° triangles 20 threads: 14125
N° triangles (seq construction) 20 threads: 14125

Iteration 49
N° triangles single core: 14125
N° triangles 2 threads: 14125
N° triangles (seq construction) 2 threads: 14125
N° triangles 3 threads: 14125
N° triangles (seq construction) 3 threads: 14125
N° triangles 4 threads: 14125
N° triangles (seq construction) 4 threads: 14125
N° triangles 5 threads: 14125
N° triangles (seq construction) 5 threads: 14125
N° triangles 6 threads: 14125
N° triangles (seq construction) 6 threads: 14125
N° triangles 7 threads: 14125
N° triangles (seq construction) 7 threads: 14125
N° triangles 8 threads: 14125
N° triangles (seq construction) 8 threads: 14125
N° triangles 9 threads: 14125
N° triangles (seq construction) 9 threads: 14125
N° triangles 10 threads: 14125
N° triangles (seq construction) 10 threads: 14125
N° triangles 11 threads: 14125
N° triangles (seq construction) 11 threads: 14125
N° triangles 12 threads: 14125
N° triangles (seq construction) 12 threads: 14125
N° triangles 13 threads: 14125
N° triangles (seq construction) 13 threads: 14125
N° triangles 14 threads: 14125
N° triangles (seq construction) 14 threads: 14125
N° triangles 15 threads: 14125
N° triangles (seq construction) 15 threads: 14125
N° triangles 16 threads: 14125
N° triangles (seq construction) 16 threads: 14125
N° triangles 17 threads: 14125
N° triangles (seq construction) 17 threads: 14125
N° triangles 18 threads: 14125
N° triangles (seq construction) 18 threads: 14125
N° triangles 19 threads: 14125
N° triangles (seq construction) 19 threads: 14125
N° triangles 20 threads: 14125
N° triangles (seq construction) 20 threads: 14125


*** Single core ***

N° threads: 1
Construction elapsed time: 75ms or 0.075s
Triangle counting elapsed time: 432ms or 0.432s
Total elapsed time: 507ms or 0.507s
Total elapsed time (seq construction): 507ms or 0.507s

*** Multi core ***

N° threads: 2
Construction elapsed time: 97ms or 0.097s
Triangle counting elapsed time: 213ms or 0.213s
Total elapsed time: 310ms or 0.31s
Total elapsed time (seq construction): 286ms or 0.286s

N° threads: 3
Construction elapsed time: 74ms or 0.074s
Triangle counting elapsed time: 149ms or 0.149s
Total elapsed time: 223ms or 0.223s
Total elapsed time (seq construction): 228ms or 0.228s

N° threads: 4
Construction elapsed time: 68ms or 0.068s
Triangle counting elapsed time: 125ms or 0.125s
Total elapsed time: 193ms or 0.193s
Total elapsed time (seq construction): 201ms or 0.201s

N° threads: 5
Construction elapsed time: 70ms or 0.07s
Triangle counting elapsed time: 105ms or 0.105s
Total elapsed time: 175ms or 0.175s
Total elapsed time (seq construction): 182ms or 0.182s

N° threads: 6
Construction elapsed time: 55ms or 0.055s
Triangle counting elapsed time: 91ms or 0.091s
Total elapsed time: 146ms or 0.146s
Total elapsed time (seq construction): 165ms or 0.165s

N° threads: 7
Construction elapsed time: 47ms or 0.047s
Triangle counting elapsed time: 85ms or 0.085s
Total elapsed time: 132ms or 0.132s
Total elapsed time (seq construction): 159ms or 0.159s

N° threads: 8
Construction elapsed time: 44ms or 0.044s
Triangle counting elapsed time: 91ms or 0.091s
Total elapsed time: 135ms or 0.135s
Total elapsed time (seq construction): 168ms or 0.168s

N° threads: 9
Construction elapsed time: 44ms or 0.044s
Triangle counting elapsed time: 97ms or 0.097s
Total elapsed time: 141ms or 0.141s
Total elapsed time (seq construction): 176ms or 0.176s

N° threads: 10
Construction elapsed time: 48ms or 0.048s
Triangle counting elapsed time: 96ms or 0.096s
Total elapsed time: 144ms or 0.144s
Total elapsed time (seq construction): 166ms or 0.166s

N° threads: 11
Construction elapsed time: 51ms or 0.051s
Triangle counting elapsed time: 92ms or 0.092s
Total elapsed time: 143ms or 0.143s
Total elapsed time (seq construction): 167ms or 0.167s

N° threads: 12
Construction elapsed time: 53ms or 0.053s
Triangle counting elapsed time: 89ms or 0.089s
Total elapsed time: 142ms or 0.142s
Total elapsed time (seq construction): 168ms or 0.168s

N° threads: 13
Construction elapsed time: 56ms or 0.056s
Triangle counting elapsed time: 88ms or 0.088s
Total elapsed time: 144ms or 0.144s
Total elapsed time (seq construction): 165ms or 0.165s

N° threads: 14
Construction elapsed time: 55ms or 0.055s
Triangle counting elapsed time: 89ms or 0.089s
Total elapsed time: 144ms or 0.144s
Total elapsed time (seq construction): 168ms or 0.168s

N° threads: 15
Construction elapsed time: 58ms or 0.058s
Triangle counting elapsed time: 88ms or 0.088s
Total elapsed time: 146ms or 0.146s
Total elapsed time (seq construction): 168ms or 0.168s

N° threads: 16
Construction elapsed time: 57ms or 0.057s
Triangle counting elapsed time: 88ms or 0.088s
Total elapsed time: 145ms or 0.145s
Total elapsed time (seq construction): 162ms or 0.162s

N° threads: 17
Construction elapsed time: 58ms or 0.058s
Triangle counting elapsed time: 89ms or 0.089s
Total elapsed time: 147ms or 0.147s
Total elapsed time (seq construction): 165ms or 0.165s

N° threads: 18
Construction elapsed time: 60ms or 0.06s
Triangle counting elapsed time: 88ms or 0.088s
Total elapsed time: 148ms or 0.148s
Total elapsed time (seq construction): 165ms or 0.165s

N° threads: 19
Construction elapsed time: 60ms or 0.06s
Triangle counting elapsed time: 89ms or 0.089s
Total elapsed time: 149ms or 0.149s
Total elapsed time (seq construction): 167ms or 0.167s

N° threads: 20
Construction elapsed time: 60ms or 0.06s
Triangle counting elapsed time: 88ms or 0.088s
Total elapsed time: 148ms or 0.148s
Total elapsed time (seq construction): 167ms or 0.167s



4039_dense_graph
N° of edges 8097333
N° of nodes 4039
Density: 0.99296

Iteration 0
N° triangles single core: 10743434978
N° triangles 2 threads: 10743434978
N° triangles (seq construction) 2 threads: 10743434978
N° triangles 3 threads: 10743434978
N° triangles (seq construction) 3 threads: 10743434978
N° triangles 4 threads: 10743434978
N° triangles (seq construction) 4 threads: 10743434978
N° triangles 5 threads: 10743434978
N° triangles (seq construction) 5 threads: 10743434978
N° triangles 6 threads: 10743434978
N° triangles (seq construction) 6 threads: 10743434978
N° triangles 7 threads: 10743434978
N° triangles (seq construction) 7 threads: 10743434978
N° triangles 8 threads: 10743434978
N° triangles (seq construction) 8 threads: 10743434978
N° triangles 9 threads: 10743434978
N° triangles (seq construction) 9 threads: 10743434978
N° triangles 10 threads: 10743434978
N° triangles (seq construction) 10 threads: 10743434978
N° triangles 11 threads: 10743434978
N° triangles (seq construction) 11 threads: 10743434978
N° triangles 12 threads: 10743434978
N° triangles (seq construction) 12 threads: 10743434978
N° triangles 13 threads: 10743434978
N° triangles (seq construction) 13 threads: 10743434978
N° triangles 14 threads: 10743434978
N° triangles (seq construction) 14 threads: 10743434978
N° triangles 15 threads: 10743434978
N° triangles (seq construction) 15 threads: 10743434978
N° triangles 16 threads: 10743434978
N° triangles (seq construction) 16 threads: 10743434978
N° triangles 17 threads: 10743434978
N° triangles (seq construction) 17 threads: 10743434978
N° triangles 18 threads: 10743434978
N° triangles (seq construction) 18 threads: 10743434978
N° triangles 19 threads: 10743434978
N° triangles (seq construction) 19 threads: 10743434978
N° triangles 20 threads: 10743434978
N° triangles (seq construction) 20 threads: 10743434978

Iteration 1
N° triangles single core: 10743434978
N° triangles 2 threads: 10743434978
N° triangles (seq construction) 2 threads: 10743434978
N° triangles 3 threads: 10743434978
N° triangles (seq construction) 3 threads: 10743434978
N° triangles 4 threads: 10743434978
N° triangles (seq construction) 4 threads: 10743434978
N° triangles 5 threads: 10743434978
N° triangles (seq construction) 5 threads: 10743434978
N° triangles 6 threads: 10743434978
N° triangles (seq construction) 6 threads: 10743434978
N° triangles 7 threads: 10743434978
N° triangles (seq construction) 7 threads: 10743434978
N° triangles 8 threads: 10743434978
N° triangles (seq construction) 8 threads: 10743434978
N° triangles 9 threads: 10743434978
N° triangles (seq construction) 9 threads: 10743434978
N° triangles 10 threads: 10743434978
N° triangles (seq construction) 10 threads: 10743434978
N° triangles 11 threads: 10743434978
N° triangles (seq construction) 11 threads: 10743434978
N° triangles 12 threads: 10743434978
N° triangles (seq construction) 12 threads: 10743434978
N° triangles 13 threads: 10743434978
N° triangles (seq construction) 13 threads: 10743434978
N° triangles 14 threads: 10743434978
N° triangles (seq construction) 14 threads: 10743434978
N° triangles 15 threads: 10743434978
N° triangles (seq construction) 15 threads: 10743434978
N° triangles 16 threads: 10743434978
N° triangles (seq construction) 16 threads: 10743434978
N° triangles 17 threads: 10743434978
N° triangles (seq construction) 17 threads: 10743434978
N° triangles 18 threads: 10743434978
N° triangles (seq construction) 18 threads: 10743434978
N° triangles 19 threads: 10743434978
N° triangles (seq construction) 19 threads: 10743434978
N° triangles 20 threads: 10743434978
N° triangles (seq construction) 20 threads: 10743434978

Iteration 2
N° triangles single core: 10743434978
N° triangles 2 threads: 10743434978
N° triangles (seq construction) 2 threads: 10743434978
N° triangles 3 threads: 10743434978
N° triangles (seq construction) 3 threads: 10743434978
N° triangles 4 threads: 10743434978
N° triangles (seq construction) 4 threads: 10743434978
N° triangles 5 threads: 10743434978
N° triangles (seq construction) 5 threads: 10743434978
N° triangles 6 threads: 10743434978
N° triangles (seq construction) 6 threads: 10743434978
N° triangles 7 threads: 10743434978
N° triangles (seq construction) 7 threads: 10743434978
N° triangles 8 threads: 10743434978
N° triangles (seq construction) 8 threads: 10743434978
N° triangles 9 threads: 10743434978
N° triangles (seq construction) 9 threads: 10743434978
N° triangles 10 threads: 10743434978
N° triangles (seq construction) 10 threads: 10743434978
N° triangles 11 threads: 10743434978
N° triangles (seq construction) 11 threads: 10743434978
N° triangles 12 threads: 10743434978
N° triangles (seq construction) 12 threads: 10743434978
N° triangles 13 threads: 10743434978
N° triangles (seq construction) 13 threads: 10743434978
N° triangles 14 threads: 10743434978
N° triangles (seq construction) 14 threads: 10743434978
N° triangles 15 threads: 10743434978
N° triangles (seq construction) 15 threads: 10743434978
N° triangles 16 threads: 10743434978
N° triangles (seq construction) 16 threads: 10743434978
N° triangles 17 threads: 10743434978
N° triangles (seq construction) 17 threads: 10743434978
N° triangles 18 threads: 10743434978
N° triangles (seq construction) 18 threads: 10743434978
N° triangles 19 threads: 10743434978
N° triangles (seq construction) 19 threads: 10743434978
N° triangles 20 threads: 10743434978
N° triangles (seq construction) 20 threads: 10743434978

Iteration 3
N° triangles single core: 10743434978
N° triangles 2 threads: 10743434978
N° triangles (seq construction) 2 threads: 10743434978
N° triangles 3 threads: 10743434978
N° triangles (seq construction) 3 threads: 10743434978
N° triangles 4 threads: 10743434978
N° triangles (seq construction) 4 threads: 10743434978
N° triangles 5 threads: 10743434978
N° triangles (seq construction) 5 threads: 10743434978
N° triangles 6 threads: 10743434978
N° triangles (seq construction) 6 threads: 10743434978
N° triangles 7 threads: 10743434978
N° triangles (seq construction) 7 threads: 10743434978
N° triangles 8 threads: 10743434978
N° triangles (seq construction) 8 threads: 10743434978
N° triangles 9 threads: 10743434978
N° triangles (seq construction) 9 threads: 10743434978
N° triangles 10 threads: 10743434978
N° triangles (seq construction) 10 threads: 10743434978
N° triangles 11 threads: 10743434978
N° triangles (seq construction) 11 threads: 10743434978
N° triangles 12 threads: 10743434978
N° triangles (seq construction) 12 threads: 10743434978
N° triangles 13 threads: 10743434978
N° triangles (seq construction) 13 threads: 10743434978
N° triangles 14 threads: 10743434978
N° triangles (seq construction) 14 threads: 10743434978
N° triangles 15 threads: 10743434978
N° triangles (seq construction) 15 threads: 10743434978
N° triangles 16 threads: 10743434978
N° triangles (seq construction) 16 threads: 10743434978
N° triangles 17 threads: 10743434978
N° triangles (seq construction) 17 threads: 10743434978
N° triangles 18 threads: 10743434978
N° triangles (seq construction) 18 threads: 10743434978
N° triangles 19 threads: 10743434978
N° triangles (seq construction) 19 threads: 10743434978
N° triangles 20 threads: 10743434978
N° triangles (seq construction) 20 threads: 10743434978

Iteration 4
N° triangles single core: 10743434978
N° triangles 2 threads: 10743434978
N° triangles (seq construction) 2 threads: 10743434978
N° triangles 3 threads: 10743434978
N° triangles (seq construction) 3 threads: 10743434978
N° triangles 4 threads: 10743434978
N° triangles (seq construction) 4 threads: 10743434978
N° triangles 5 threads: 10743434978
N° triangles (seq construction) 5 threads: 10743434978
N° triangles 6 threads: 10743434978
N° triangles (seq construction) 6 threads: 10743434978
N° triangles 7 threads: 10743434978
N° triangles (seq construction) 7 threads: 10743434978
N° triangles 8 threads: 10743434978
N° triangles (seq construction) 8 threads: 10743434978
N° triangles 9 threads: 10743434978
N° triangles (seq construction) 9 threads: 10743434978
N° triangles 10 threads: 10743434978
N° triangles (seq construction) 10 threads: 10743434978
N° triangles 11 threads: 10743434978
N° triangles (seq construction) 11 threads: 10743434978
N° triangles 12 threads: 10743434978
N° triangles (seq construction) 12 threads: 10743434978
N° triangles 13 threads: 10743434978
N° triangles (seq construction) 13 threads: 10743434978
N° triangles 14 threads: 10743434978
N° triangles (seq construction) 14 threads: 10743434978
N° triangles 15 threads: 10743434978
N° triangles (seq construction) 15 threads: 10743434978
N° triangles 16 threads: 10743434978
N° triangles (seq construction) 16 threads: 10743434978
N° triangles 17 threads: 10743434978
N° triangles (seq construction) 17 threads: 10743434978
N° triangles 18 threads: 10743434978
N° triangles (seq construction) 18 threads: 10743434978
N° triangles 19 threads: 10743434978
N° triangles (seq construction) 19 threads: 10743434978
N° triangles 20 threads: 10743434978
N° triangles (seq construction) 20 threads: 10743434978

Iteration 5
N° triangles single core: 10743434978
N° triangles 2 threads: 10743434978
N° triangles (seq construction) 2 threads: 10743434978
N° triangles 3 threads: 10743434978
N° triangles (seq construction) 3 threads: 10743434978
N° triangles 4 threads: 10743434978
N° triangles (seq construction) 4 threads: 10743434978
N° triangles 5 threads: 10743434978
N° triangles (seq construction) 5 threads: 10743434978
N° triangles 6 threads: 10743434978
N° triangles (seq construction) 6 threads: 10743434978
N° triangles 7 threads: 10743434978
N° triangles (seq construction) 7 threads: 10743434978
N° triangles 8 threads: 10743434978
N° triangles (seq construction) 8 threads: 10743434978
N° triangles 9 threads: 10743434978
N° triangles (seq construction) 9 threads: 10743434978
N° triangles 10 threads: 10743434978
N° triangles (seq construction) 10 threads: 10743434978
N° triangles 11 threads: 10743434978
N° triangles (seq construction) 11 threads: 10743434978
N° triangles 12 threads: 10743434978
N° triangles (seq construction) 12 threads: 10743434978
N° triangles 13 threads: 10743434978
N° triangles (seq construction) 13 threads: 10743434978
N° triangles 14 threads: 10743434978
N° triangles (seq construction) 14 threads: 10743434978
N° triangles 15 threads: 10743434978
N° triangles (seq construction) 15 threads: 10743434978
N° triangles 16 threads: 10743434978
N° triangles (seq construction) 16 threads: 10743434978
N° triangles 17 threads: 10743434978
N° triangles (seq construction) 17 threads: 10743434978
N° triangles 18 threads: 10743434978
N° triangles (seq construction) 18 threads: 10743434978
N° triangles 19 threads: 10743434978
N° triangles (seq construction) 19 threads: 10743434978
N° triangles 20 threads: 10743434978
N° triangles (seq construction) 20 threads: 10743434978

Iteration 6
N° triangles single core: 10743434978
N° triangles 2 threads: 10743434978
N° triangles (seq construction) 2 threads: 10743434978
N° triangles 3 threads: 10743434978
N° triangles (seq construction) 3 threads: 10743434978
N° triangles 4 threads: 10743434978
N° triangles (seq construction) 4 threads: 10743434978
N° triangles 5 threads: 10743434978
N° triangles (seq construction) 5 threads: 10743434978
N° triangles 6 threads: 10743434978
N° triangles (seq construction) 6 threads: 10743434978
N° triangles 7 threads: 10743434978
N° triangles (seq construction) 7 threads: 10743434978
N° triangles 8 threads: 10743434978
N° triangles (seq construction) 8 threads: 10743434978
N° triangles 9 threads: 10743434978
N° triangles (seq construction) 9 threads: 10743434978
N° triangles 10 threads: 10743434978
N° triangles (seq construction) 10 threads: 10743434978
N° triangles 11 threads: 10743434978
N° triangles (seq construction) 11 threads: 10743434978
N° triangles 12 threads: 10743434978
N° triangles (seq construction) 12 threads: 10743434978
N° triangles 13 threads: 10743434978
N° triangles (seq construction) 13 threads: 10743434978
N° triangles 14 threads: 10743434978
N° triangles (seq construction) 14 threads: 10743434978
N° triangles 15 threads: 10743434978
N° triangles (seq construction) 15 threads: 10743434978
N° triangles 16 threads: 10743434978
N° triangles (seq construction) 16 threads: 10743434978
N° triangles 17 threads: 10743434978
N° triangles (seq construction) 17 threads: 10743434978
N° triangles 18 threads: 10743434978
N° triangles (seq construction) 18 threads: 10743434978
N° triangles 19 threads: 10743434978
N° triangles (seq construction) 19 threads: 10743434978
N° triangles 20 threads: 10743434978
N° triangles (seq construction) 20 threads: 10743434978

Iteration 7
N° triangles single core: 10743434978
N° triangles 2 threads: 10743434978
N° triangles (seq construction) 2 threads: 10743434978
N° triangles 3 threads: 10743434978
N° triangles (seq construction) 3 threads: 10743434978
N° triangles 4 threads: 10743434978
N° triangles (seq construction) 4 threads: 10743434978
N° triangles 5 threads: 10743434978
N° triangles (seq construction) 5 threads: 10743434978
N° triangles 6 threads: 10743434978
N° triangles (seq construction) 6 threads: 10743434978
N° triangles 7 threads: 10743434978
N° triangles (seq construction) 7 threads: 10743434978
N° triangles 8 threads: 10743434978
N° triangles (seq construction) 8 threads: 10743434978
N° triangles 9 threads: 10743434978
N° triangles (seq construction) 9 threads: 10743434978
N° triangles 10 threads: 10743434978
N° triangles (seq construction) 10 threads: 10743434978
N° triangles 11 threads: 10743434978
N° triangles (seq construction) 11 threads: 10743434978
N° triangles 12 threads: 10743434978
N° triangles (seq construction) 12 threads: 10743434978
N° triangles 13 threads: 10743434978
N° triangles (seq construction) 13 threads: 10743434978
N° triangles 14 threads: 10743434978
N° triangles (seq construction) 14 threads: 10743434978
N° triangles 15 threads: 10743434978
N° triangles (seq construction) 15 threads: 10743434978
N° triangles 16 threads: 10743434978
N° triangles (seq construction) 16 threads: 10743434978
N° triangles 17 threads: 10743434978
N° triangles (seq construction) 17 threads: 10743434978
N° triangles 18 threads: 10743434978
N° triangles (seq construction) 18 threads: 10743434978
N° triangles 19 threads: 10743434978
N° triangles (seq construction) 19 threads: 10743434978
N° triangles 20 threads: 10743434978
N° triangles (seq construction) 20 threads: 10743434978

Iteration 8
N° triangles single core: 10743434978
N° triangles 2 threads: 10743434978
N° triangles (seq construction) 2 threads: 10743434978
N° triangles 3 threads: 10743434978
N° triangles (seq construction) 3 threads: 10743434978
N° triangles 4 threads: 10743434978
N° triangles (seq construction) 4 threads: 10743434978
N° triangles 5 threads: 10743434978
N° triangles (seq construction) 5 threads: 10743434978
N° triangles 6 threads: 10743434978
N° triangles (seq construction) 6 threads: 10743434978
N° triangles 7 threads: 10743434978
N° triangles (seq construction) 7 threads: 10743434978
N° triangles 8 threads: 10743434978
N° triangles (seq construction) 8 threads: 10743434978
N° triangles 9 threads: 10743434978
N° triangles (seq construction) 9 threads: 10743434978
N° triangles 10 threads: 10743434978
N° triangles (seq construction) 10 threads: 10743434978
N° triangles 11 threads: 10743434978
N° triangles (seq construction) 11 threads: 10743434978
N° triangles 12 threads: 10743434978
N° triangles (seq construction) 12 threads: 10743434978
N° triangles 13 threads: 10743434978
N° triangles (seq construction) 13 threads: 10743434978
N° triangles 14 threads: 10743434978
N° triangles (seq construction) 14 threads: 10743434978
N° triangles 15 threads: 10743434978
N° triangles (seq construction) 15 threads: 10743434978
N° triangles 16 threads: 10743434978
N° triangles (seq construction) 16 threads: 10743434978
N° triangles 17 threads: 10743434978
N° triangles (seq construction) 17 threads: 10743434978
N° triangles 18 threads: 10743434978
N° triangles (seq construction) 18 threads: 10743434978
N° triangles 19 threads: 10743434978
N° triangles (seq construction) 19 threads: 10743434978
N° triangles 20 threads: 10743434978
N° triangles (seq construction) 20 threads: 10743434978

Iteration 9
N° triangles single core: 10743434978
N° triangles 2 threads: 10743434978
N° triangles (seq construction) 2 threads: 10743434978
N° triangles 3 threads: 10743434978
N° triangles (seq construction) 3 threads: 10743434978
N° triangles 4 threads: 10743434978
N° triangles (seq construction) 4 threads: 10743434978
N° triangles 5 threads: 10743434978
N° triangles (seq construction) 5 threads: 10743434978
N° triangles 6 threads: 10743434978
N° triangles (seq construction) 6 threads: 10743434978
N° triangles 7 threads: 10743434978
N° triangles (seq construction) 7 threads: 10743434978
N° triangles 8 threads: 10743434978
N° triangles (seq construction) 8 threads: 10743434978
N° triangles 9 threads: 10743434978
N° triangles (seq construction) 9 threads: 10743434978
N° triangles 10 threads: 10743434978
N° triangles (seq construction) 10 threads: 10743434978
N° triangles 11 threads: 10743434978
N° triangles (seq construction) 11 threads: 10743434978
N° triangles 12 threads: 10743434978
N° triangles (seq construction) 12 threads: 10743434978
N° triangles 13 threads: 10743434978
N° triangles (seq construction) 13 threads: 10743434978
N° triangles 14 threads: 10743434978
N° triangles (seq construction) 14 threads: 10743434978
N° triangles 15 threads: 10743434978
N° triangles (seq construction) 15 threads: 10743434978
N° triangles 16 threads: 10743434978
N° triangles (seq construction) 16 threads: 10743434978
N° triangles 17 threads: 10743434978
N° triangles (seq construction) 17 threads: 10743434978
N° triangles 18 threads: 10743434978
N° triangles (seq construction) 18 threads: 10743434978
N° triangles 19 threads: 10743434978
N° triangles (seq construction) 19 threads: 10743434978
N° triangles 20 threads: 10743434978
N° triangles (seq construction) 20 threads: 10743434978

Iteration 10
N° triangles single core: 10743434978
N° triangles 2 threads: 10743434978
N° triangles (seq construction) 2 threads: 10743434978
N° triangles 3 threads: 10743434978
N° triangles (seq construction) 3 threads: 10743434978
N° triangles 4 threads: 10743434978
N° triangles (seq construction) 4 threads: 10743434978
N° triangles 5 threads: 10743434978
N° triangles (seq construction) 5 threads: 10743434978
N° triangles 6 threads: 10743434978
N° triangles (seq construction) 6 threads: 10743434978
N° triangles 7 threads: 10743434978
N° triangles (seq construction) 7 threads: 10743434978
N° triangles 8 threads: 10743434978
N° triangles (seq construction) 8 threads: 10743434978
N° triangles 9 threads: 10743434978
N° triangles (seq construction) 9 threads: 10743434978
N° triangles 10 threads: 10743434978
N° triangles (seq construction) 10 threads: 10743434978
N° triangles 11 threads: 10743434978
N° triangles (seq construction) 11 threads: 10743434978
N° triangles 12 threads: 10743434978
N° triangles (seq construction) 12 threads: 10743434978
N° triangles 13 threads: 10743434978
N° triangles (seq construction) 13 threads: 10743434978
N° triangles 14 threads: 10743434978
N° triangles (seq construction) 14 threads: 10743434978
N° triangles 15 threads: 10743434978
N° triangles (seq construction) 15 threads: 10743434978
N° triangles 16 threads: 10743434978
N° triangles (seq construction) 16 threads: 10743434978
N° triangles 17 threads: 10743434978
N° triangles (seq construction) 17 threads: 10743434978
N° triangles 18 threads: 10743434978
N° triangles (seq construction) 18 threads: 10743434978
N° triangles 19 threads: 10743434978
N° triangles (seq construction) 19 threads: 10743434978
N° triangles 20 threads: 10743434978
N° triangles (seq construction) 20 threads: 10743434978

Iteration 11
N° triangles single core: 10743434978
N° triangles 2 threads: 10743434978
N° triangles (seq construction) 2 threads: 10743434978
N° triangles 3 threads: 10743434978
N° triangles (seq construction) 3 threads: 10743434978
N° triangles 4 threads: 10743434978
N° triangles (seq construction) 4 threads: 10743434978
N° triangles 5 threads: 10743434978
N° triangles (seq construction) 5 threads: 10743434978
N° triangles 6 threads: 10743434978
N° triangles (seq construction) 6 threads: 10743434978
N° triangles 7 threads: 10743434978
N° triangles (seq construction) 7 threads: 10743434978
N° triangles 8 threads: 10743434978
N° triangles (seq construction) 8 threads: 10743434978
N° triangles 9 threads: 10743434978
N° triangles (seq construction) 9 threads: 10743434978
N° triangles 10 threads: 10743434978
N° triangles (seq construction) 10 threads: 10743434978
N° triangles 11 threads: 10743434978
N° triangles (seq construction) 11 threads: 10743434978
N° triangles 12 threads: 10743434978
N° triangles (seq construction) 12 threads: 10743434978
N° triangles 13 threads: 10743434978
N° triangles (seq construction) 13 threads: 10743434978
N° triangles 14 threads: 10743434978
N° triangles (seq construction) 14 threads: 10743434978
N° triangles 15 threads: 10743434978
N° triangles (seq construction) 15 threads: 10743434978
N° triangles 16 threads: 10743434978
N° triangles (seq construction) 16 threads: 10743434978
N° triangles 17 threads: 10743434978
N° triangles (seq construction) 17 threads: 10743434978
N° triangles 18 threads: 10743434978
N° triangles (seq construction) 18 threads: 10743434978
N° triangles 19 threads: 10743434978
N° triangles (seq construction) 19 threads: 10743434978
N° triangles 20 threads: 10743434978
N° triangles (seq construction) 20 threads: 10743434978

Iteration 12
N° triangles single core: 10743434978
N° triangles 2 threads: 10743434978
N° triangles (seq construction) 2 threads: 10743434978
N° triangles 3 threads: 10743434978
N° triangles (seq construction) 3 threads: 10743434978
N° triangles 4 threads: 10743434978
N° triangles (seq construction) 4 threads: 10743434978
N° triangles 5 threads: 10743434978
N° triangles (seq construction) 5 threads: 10743434978
N° triangles 6 threads: 10743434978
N° triangles (seq construction) 6 threads: 10743434978
N° triangles 7 threads: 10743434978
N° triangles (seq construction) 7 threads: 10743434978
N° triangles 8 threads: 10743434978
N° triangles (seq construction) 8 threads: 10743434978
N° triangles 9 threads: 10743434978
N° triangles (seq construction) 9 threads: 10743434978
N° triangles 10 threads: 10743434978
N° triangles (seq construction) 10 threads: 10743434978
N° triangles 11 threads: 10743434978
N° triangles (seq construction) 11 threads: 10743434978
N° triangles 12 threads: 10743434978
N° triangles (seq construction) 12 threads: 10743434978
N° triangles 13 threads: 10743434978
N° triangles (seq construction) 13 threads: 10743434978
N° triangles 14 threads: 10743434978
N° triangles (seq construction) 14 threads: 10743434978
N° triangles 15 threads: 10743434978
N° triangles (seq construction) 15 threads: 10743434978
N° triangles 16 threads: 10743434978
N° triangles (seq construction) 16 threads: 10743434978
N° triangles 17 threads: 10743434978
N° triangles (seq construction) 17 threads: 10743434978
N° triangles 18 threads: 10743434978
N° triangles (seq construction) 18 threads: 10743434978
N° triangles 19 threads: 10743434978
N° triangles (seq construction) 19 threads: 10743434978
N° triangles 20 threads: 10743434978
N° triangles (seq construction) 20 threads: 10743434978

Iteration 13
N° triangles single core: 10743434978
N° triangles 2 threads: 10743434978
N° triangles (seq construction) 2 threads: 10743434978
N° triangles 3 threads: 10743434978
N° triangles (seq construction) 3 threads: 10743434978
N° triangles 4 threads: 10743434978
N° triangles (seq construction) 4 threads: 10743434978
N° triangles 5 threads: 10743434978
N° triangles (seq construction) 5 threads: 10743434978
N° triangles 6 threads: 10743434978
N° triangles (seq construction) 6 threads: 10743434978
N° triangles 7 threads: 10743434978
N° triangles (seq construction) 7 threads: 10743434978
N° triangles 8 threads: 10743434978
N° triangles (seq construction) 8 threads: 10743434978
N° triangles 9 threads: 10743434978
N° triangles (seq construction) 9 threads: 10743434978
N° triangles 10 threads: 10743434978
N° triangles (seq construction) 10 threads: 10743434978
N° triangles 11 threads: 10743434978
N° triangles (seq construction) 11 threads: 10743434978
N° triangles 12 threads: 10743434978
N° triangles (seq construction) 12 threads: 10743434978
N° triangles 13 threads: 10743434978
N° triangles (seq construction) 13 threads: 10743434978
N° triangles 14 threads: 10743434978
N° triangles (seq construction) 14 threads: 10743434978
N° triangles 15 threads: 10743434978
N° triangles (seq construction) 15 threads: 10743434978
N° triangles 16 threads: 10743434978
N° triangles (seq construction) 16 threads: 10743434978
N° triangles 17 threads: 10743434978
N° triangles (seq construction) 17 threads: 10743434978
N° triangles 18 threads: 10743434978
N° triangles (seq construction) 18 threads: 10743434978
N° triangles 19 threads: 10743434978
N° triangles (seq construction) 19 threads: 10743434978
N° triangles 20 threads: 10743434978
N° triangles (seq construction) 20 threads: 10743434978

Iteration 14
N° triangles single core: 10743434978
N° triangles 2 threads: 10743434978
N° triangles (seq construction) 2 threads: 10743434978
N° triangles 3 threads: 10743434978
N° triangles (seq construction) 3 threads: 10743434978
N° triangles 4 threads: 10743434978
N° triangles (seq construction) 4 threads: 10743434978
N° triangles 5 threads: 10743434978
N° triangles (seq construction) 5 threads: 10743434978
N° triangles 6 threads: 10743434978
N° triangles (seq construction) 6 threads: 10743434978
N° triangles 7 threads: 10743434978
N° triangles (seq construction) 7 threads: 10743434978
N° triangles 8 threads: 10743434978
N° triangles (seq construction) 8 threads: 10743434978
N° triangles 9 threads: 10743434978
N° triangles (seq construction) 9 threads: 10743434978
N° triangles 10 threads: 10743434978
N° triangles (seq construction) 10 threads: 10743434978
N° triangles 11 threads: 10743434978
N° triangles (seq construction) 11 threads: 10743434978
N° triangles 12 threads: 10743434978
N° triangles (seq construction) 12 threads: 10743434978
N° triangles 13 threads: 10743434978
N° triangles (seq construction) 13 threads: 10743434978
N° triangles 14 threads: 10743434978
N° triangles (seq construction) 14 threads: 10743434978
N° triangles 15 threads: 10743434978
N° triangles (seq construction) 15 threads: 10743434978
N° triangles 16 threads: 10743434978
N° triangles (seq construction) 16 threads: 10743434978
N° triangles 17 threads: 10743434978
N° triangles (seq construction) 17 threads: 10743434978
N° triangles 18 threads: 10743434978
N° triangles (seq construction) 18 threads: 10743434978
N° triangles 19 threads: 10743434978
N° triangles (seq construction) 19 threads: 10743434978
N° triangles 20 threads: 10743434978
N° triangles (seq construction) 20 threads: 10743434978

Iteration 15
N° triangles single core: 10743434978
N° triangles 2 threads: 10743434978
N° triangles (seq construction) 2 threads: 10743434978
N° triangles 3 threads: 10743434978
N° triangles (seq construction) 3 threads: 10743434978
N° triangles 4 threads: 10743434978
N° triangles (seq construction) 4 threads: 10743434978
N° triangles 5 threads: 10743434978
N° triangles (seq construction) 5 threads: 10743434978
N° triangles 6 threads: 10743434978
N° triangles (seq construction) 6 threads: 10743434978
N° triangles 7 threads: 10743434978
N° triangles (seq construction) 7 threads: 10743434978
N° triangles 8 threads: 10743434978
N° triangles (seq construction) 8 threads: 10743434978
N° triangles 9 threads: 10743434978
N° triangles (seq construction) 9 threads: 10743434978
N° triangles 10 threads: 10743434978
N° triangles (seq construction) 10 threads: 10743434978
N° triangles 11 threads: 10743434978
N° triangles (seq construction) 11 threads: 10743434978
N° triangles 12 threads: 10743434978
N° triangles (seq construction) 12 threads: 10743434978
N° triangles 13 threads: 10743434978
N° triangles (seq construction) 13 threads: 10743434978
N° triangles 14 threads: 10743434978
N° triangles (seq construction) 14 threads: 10743434978
N° triangles 15 threads: 10743434978
N° triangles (seq construction) 15 threads: 10743434978
N° triangles 16 threads: 10743434978
N° triangles (seq construction) 16 threads: 10743434978
N° triangles 17 threads: 10743434978
N° triangles (seq construction) 17 threads: 10743434978
N° triangles 18 threads: 10743434978
N° triangles (seq construction) 18 threads: 10743434978
N° triangles 19 threads: 10743434978
N° triangles (seq construction) 19 threads: 10743434978
N° triangles 20 threads: 10743434978
N° triangles (seq construction) 20 threads: 10743434978

Iteration 16
N° triangles single core: 10743434978
N° triangles 2 threads: 10743434978
N° triangles (seq construction) 2 threads: 10743434978
N° triangles 3 threads: 10743434978
N° triangles (seq construction) 3 threads: 10743434978
N° triangles 4 threads: 10743434978
N° triangles (seq construction) 4 threads: 10743434978
N° triangles 5 threads: 10743434978
N° triangles (seq construction) 5 threads: 10743434978
N° triangles 6 threads: 10743434978
N° triangles (seq construction) 6 threads: 10743434978
N° triangles 7 threads: 10743434978
N° triangles (seq construction) 7 threads: 10743434978
N° triangles 8 threads: 10743434978
N° triangles (seq construction) 8 threads: 10743434978
N° triangles 9 threads: 10743434978
N° triangles (seq construction) 9 threads: 10743434978
N° triangles 10 threads: 10743434978
N° triangles (seq construction) 10 threads: 10743434978
N° triangles 11 threads: 10743434978
N° triangles (seq construction) 11 threads: 10743434978
N° triangles 12 threads: 10743434978
N° triangles (seq construction) 12 threads: 10743434978
N° triangles 13 threads: 10743434978
N° triangles (seq construction) 13 threads: 10743434978
N° triangles 14 threads: 10743434978
N° triangles (seq construction) 14 threads: 10743434978
N° triangles 15 threads: 10743434978
N° triangles (seq construction) 15 threads: 10743434978
N° triangles 16 threads: 10743434978
N° triangles (seq construction) 16 threads: 10743434978
N° triangles 17 threads: 10743434978
N° triangles (seq construction) 17 threads: 10743434978
N° triangles 18 threads: 10743434978
N° triangles (seq construction) 18 threads: 10743434978
N° triangles 19 threads: 10743434978
N° triangles (seq construction) 19 threads: 10743434978
N° triangles 20 threads: 10743434978
N° triangles (seq construction) 20 threads: 10743434978

Iteration 17
N° triangles single core: 10743434978
N° triangles 2 threads: 10743434978
N° triangles (seq construction) 2 threads: 10743434978
N° triangles 3 threads: 10743434978
N° triangles (seq construction) 3 threads: 10743434978
N° triangles 4 threads: 10743434978
N° triangles (seq construction) 4 threads: 10743434978
N° triangles 5 threads: 10743434978
N° triangles (seq construction) 5 threads: 10743434978
N° triangles 6 threads: 10743434978
N° triangles (seq construction) 6 threads: 10743434978
N° triangles 7 threads: 10743434978
N° triangles (seq construction) 7 threads: 10743434978
N° triangles 8 threads: 10743434978
N° triangles (seq construction) 8 threads: 10743434978
N° triangles 9 threads: 10743434978
N° triangles (seq construction) 9 threads: 10743434978
N° triangles 10 threads: 10743434978
N° triangles (seq construction) 10 threads: 10743434978
N° triangles 11 threads: 10743434978
N° triangles (seq construction) 11 threads: 10743434978
N° triangles 12 threads: 10743434978
N° triangles (seq construction) 12 threads: 10743434978
N° triangles 13 threads: 10743434978
N° triangles (seq construction) 13 threads: 10743434978
N° triangles 14 threads: 10743434978
N° triangles (seq construction) 14 threads: 10743434978
N° triangles 15 threads: 10743434978
N° triangles (seq construction) 15 threads: 10743434978
N° triangles 16 threads: 10743434978
N° triangles (seq construction) 16 threads: 10743434978
N° triangles 17 threads: 10743434978
N° triangles (seq construction) 17 threads: 10743434978
N° triangles 18 threads: 10743434978
N° triangles (seq construction) 18 threads: 10743434978
N° triangles 19 threads: 10743434978
N° triangles (seq construction) 19 threads: 10743434978
N° triangles 20 threads: 10743434978
N° triangles (seq construction) 20 threads: 10743434978

Iteration 18
N° triangles single core: 10743434978
N° triangles 2 threads: 10743434978
N° triangles (seq construction) 2 threads: 10743434978
N° triangles 3 threads: 10743434978
N° triangles (seq construction) 3 threads: 10743434978
N° triangles 4 threads: 10743434978
N° triangles (seq construction) 4 threads: 10743434978
N° triangles 5 threads: 10743434978
N° triangles (seq construction) 5 threads: 10743434978
N° triangles 6 threads: 10743434978
N° triangles (seq construction) 6 threads: 10743434978
N° triangles 7 threads: 10743434978
N° triangles (seq construction) 7 threads: 10743434978
N° triangles 8 threads: 10743434978
N° triangles (seq construction) 8 threads: 10743434978
N° triangles 9 threads: 10743434978
N° triangles (seq construction) 9 threads: 10743434978
N° triangles 10 threads: 10743434978
N° triangles (seq construction) 10 threads: 10743434978
N° triangles 11 threads: 10743434978
N° triangles (seq construction) 11 threads: 10743434978
N° triangles 12 threads: 10743434978
N° triangles (seq construction) 12 threads: 10743434978
N° triangles 13 threads: 10743434978
N° triangles (seq construction) 13 threads: 10743434978
N° triangles 14 threads: 10743434978
N° triangles (seq construction) 14 threads: 10743434978
N° triangles 15 threads: 10743434978
N° triangles (seq construction) 15 threads: 10743434978
N° triangles 16 threads: 10743434978
N° triangles (seq construction) 16 threads: 10743434978
N° triangles 17 threads: 10743434978
N° triangles (seq construction) 17 threads: 10743434978
N° triangles 18 threads: 10743434978
N° triangles (seq construction) 18 threads: 10743434978
N° triangles 19 threads: 10743434978
N° triangles (seq construction) 19 threads: 10743434978
N° triangles 20 threads: 10743434978
N° triangles (seq construction) 20 threads: 10743434978

Iteration 19
N° triangles single core: 10743434978
N° triangles 2 threads: 10743434978
N° triangles (seq construction) 2 threads: 10743434978
N° triangles 3 threads: 10743434978
N° triangles (seq construction) 3 threads: 10743434978
N° triangles 4 threads: 10743434978
N° triangles (seq construction) 4 threads: 10743434978
N° triangles 5 threads: 10743434978
N° triangles (seq construction) 5 threads: 10743434978
N° triangles 6 threads: 10743434978
N° triangles (seq construction) 6 threads: 10743434978
N° triangles 7 threads: 10743434978
N° triangles (seq construction) 7 threads: 10743434978
N° triangles 8 threads: 10743434978
N° triangles (seq construction) 8 threads: 10743434978
N° triangles 9 threads: 10743434978
N° triangles (seq construction) 9 threads: 10743434978
N° triangles 10 threads: 10743434978
N° triangles (seq construction) 10 threads: 10743434978
N° triangles 11 threads: 10743434978
N° triangles (seq construction) 11 threads: 10743434978
N° triangles 12 threads: 10743434978
N° triangles (seq construction) 12 threads: 10743434978
N° triangles 13 threads: 10743434978
N° triangles (seq construction) 13 threads: 10743434978
N° triangles 14 threads: 10743434978
N° triangles (seq construction) 14 threads: 10743434978
N° triangles 15 threads: 10743434978
N° triangles (seq construction) 15 threads: 10743434978
N° triangles 16 threads: 10743434978
N° triangles (seq construction) 16 threads: 10743434978
N° triangles 17 threads: 10743434978
N° triangles (seq construction) 17 threads: 10743434978
N° triangles 18 threads: 10743434978
N° triangles (seq construction) 18 threads: 10743434978
N° triangles 19 threads: 10743434978
N° triangles (seq construction) 19 threads: 10743434978
N° triangles 20 threads: 10743434978
N° triangles (seq construction) 20 threads: 10743434978

Iteration 20
N° triangles single core: 10743434978
N° triangles 2 threads: 10743434978
N° triangles (seq construction) 2 threads: 10743434978
N° triangles 3 threads: 10743434978
N° triangles (seq construction) 3 threads: 10743434978
N° triangles 4 threads: 10743434978
N° triangles (seq construction) 4 threads: 10743434978
N° triangles 5 threads: 10743434978
N° triangles (seq construction) 5 threads: 10743434978
N° triangles 6 threads: 10743434978
N° triangles (seq construction) 6 threads: 10743434978
N° triangles 7 threads: 10743434978
N° triangles (seq construction) 7 threads: 10743434978
N° triangles 8 threads: 10743434978
N° triangles (seq construction) 8 threads: 10743434978
N° triangles 9 threads: 10743434978
N° triangles (seq construction) 9 threads: 10743434978
N° triangles 10 threads: 10743434978
N° triangles (seq construction) 10 threads: 10743434978
N° triangles 11 threads: 10743434978
N° triangles (seq construction) 11 threads: 10743434978
N° triangles 12 threads: 10743434978
N° triangles (seq construction) 12 threads: 10743434978
N° triangles 13 threads: 10743434978
N° triangles (seq construction) 13 threads: 10743434978
N° triangles 14 threads: 10743434978
N° triangles (seq construction) 14 threads: 10743434978
N° triangles 15 threads: 10743434978
N° triangles (seq construction) 15 threads: 10743434978
N° triangles 16 threads: 10743434978
N° triangles (seq construction) 16 threads: 10743434978
N° triangles 17 threads: 10743434978
N° triangles (seq construction) 17 threads: 10743434978
N° triangles 18 threads: 10743434978
N° triangles (seq construction) 18 threads: 10743434978
N° triangles 19 threads: 10743434978
N° triangles (seq construction) 19 threads: 10743434978
N° triangles 20 threads: 10743434978
N° triangles (seq construction) 20 threads: 10743434978

Iteration 21
N° triangles single core: 10743434978
N° triangles 2 threads: 10743434978
N° triangles (seq construction) 2 threads: 10743434978
N° triangles 3 threads: 10743434978
N° triangles (seq construction) 3 threads: 10743434978
N° triangles 4 threads: 10743434978
N° triangles (seq construction) 4 threads: 10743434978
N° triangles 5 threads: 10743434978
N° triangles (seq construction) 5 threads: 10743434978
N° triangles 6 threads: 10743434978
N° triangles (seq construction) 6 threads: 10743434978
N° triangles 7 threads: 10743434978
N° triangles (seq construction) 7 threads: 10743434978
N° triangles 8 threads: 10743434978
N° triangles (seq construction) 8 threads: 10743434978
N° triangles 9 threads: 10743434978
N° triangles (seq construction) 9 threads: 10743434978
N° triangles 10 threads: 10743434978
N° triangles (seq construction) 10 threads: 10743434978
N° triangles 11 threads: 10743434978
N° triangles (seq construction) 11 threads: 10743434978
N° triangles 12 threads: 10743434978
N° triangles (seq construction) 12 threads: 10743434978
N° triangles 13 threads: 10743434978
N° triangles (seq construction) 13 threads: 10743434978
N° triangles 14 threads: 10743434978
N° triangles (seq construction) 14 threads: 10743434978
N° triangles 15 threads: 10743434978
N° triangles (seq construction) 15 threads: 10743434978
N° triangles 16 threads: 10743434978
N° triangles (seq construction) 16 threads: 10743434978
N° triangles 17 threads: 10743434978
N° triangles (seq construction) 17 threads: 10743434978
N° triangles 18 threads: 10743434978
N° triangles (seq construction) 18 threads: 10743434978
N° triangles 19 threads: 10743434978
N° triangles (seq construction) 19 threads: 10743434978
N° triangles 20 threads: 10743434978
N° triangles (seq construction) 20 threads: 10743434978

Iteration 22
N° triangles single core: 10743434978
N° triangles 2 threads: 10743434978
N° triangles (seq construction) 2 threads: 10743434978
N° triangles 3 threads: 10743434978
N° triangles (seq construction) 3 threads: 10743434978
N° triangles 4 threads: 10743434978
N° triangles (seq construction) 4 threads: 10743434978
N° triangles 5 threads: 10743434978
N° triangles (seq construction) 5 threads: 10743434978
N° triangles 6 threads: 10743434978
N° triangles (seq construction) 6 threads: 10743434978
N° triangles 7 threads: 10743434978
N° triangles (seq construction) 7 threads: 10743434978
N° triangles 8 threads: 10743434978
N° triangles (seq construction) 8 threads: 10743434978
N° triangles 9 threads: 10743434978
N° triangles (seq construction) 9 threads: 10743434978
N° triangles 10 threads: 10743434978
N° triangles (seq construction) 10 threads: 10743434978
N° triangles 11 threads: 10743434978
N° triangles (seq construction) 11 threads: 10743434978
N° triangles 12 threads: 10743434978
N° triangles (seq construction) 12 threads: 10743434978
N° triangles 13 threads: 10743434978
N° triangles (seq construction) 13 threads: 10743434978
N° triangles 14 threads: 10743434978
N° triangles (seq construction) 14 threads: 10743434978
N° triangles 15 threads: 10743434978
N° triangles (seq construction) 15 threads: 10743434978
N° triangles 16 threads: 10743434978
N° triangles (seq construction) 16 threads: 10743434978
N° triangles 17 threads: 10743434978
N° triangles (seq construction) 17 threads: 10743434978
N° triangles 18 threads: 10743434978
N° triangles (seq construction) 18 threads: 10743434978
N° triangles 19 threads: 10743434978
N° triangles (seq construction) 19 threads: 10743434978
N° triangles 20 threads: 10743434978
N° triangles (seq construction) 20 threads: 10743434978

Iteration 23
N° triangles single core: 10743434978
N° triangles 2 threads: 10743434978
N° triangles (seq construction) 2 threads: 10743434978
N° triangles 3 threads: 10743434978
N° triangles (seq construction) 3 threads: 10743434978
N° triangles 4 threads: 10743434978
N° triangles (seq construction) 4 threads: 10743434978
N° triangles 5 threads: 10743434978
N° triangles (seq construction) 5 threads: 10743434978
N° triangles 6 threads: 10743434978
N° triangles (seq construction) 6 threads: 10743434978
N° triangles 7 threads: 10743434978
N° triangles (seq construction) 7 threads: 10743434978
N° triangles 8 threads: 10743434978
N° triangles (seq construction) 8 threads: 10743434978
N° triangles 9 threads: 10743434978
N° triangles (seq construction) 9 threads: 10743434978
N° triangles 10 threads: 10743434978
N° triangles (seq construction) 10 threads: 10743434978
N° triangles 11 threads: 10743434978
N° triangles (seq construction) 11 threads: 10743434978
N° triangles 12 threads: 10743434978
N° triangles (seq construction) 12 threads: 10743434978
N° triangles 13 threads: 10743434978
N° triangles (seq construction) 13 threads: 10743434978
N° triangles 14 threads: 10743434978
N° triangles (seq construction) 14 threads: 10743434978
N° triangles 15 threads: 10743434978
N° triangles (seq construction) 15 threads: 10743434978
N° triangles 16 threads: 10743434978
N° triangles (seq construction) 16 threads: 10743434978
N° triangles 17 threads: 10743434978
N° triangles (seq construction) 17 threads: 10743434978
N° triangles 18 threads: 10743434978
N° triangles (seq construction) 18 threads: 10743434978
N° triangles 19 threads: 10743434978
N° triangles (seq construction) 19 threads: 10743434978
N° triangles 20 threads: 10743434978
N° triangles (seq construction) 20 threads: 10743434978

Iteration 24
N° triangles single core: 10743434978
N° triangles 2 threads: 10743434978
N° triangles (seq construction) 2 threads: 10743434978
N° triangles 3 threads: 10743434978
N° triangles (seq construction) 3 threads: 10743434978
N° triangles 4 threads: 10743434978
N° triangles (seq construction) 4 threads: 10743434978
N° triangles 5 threads: 10743434978
N° triangles (seq construction) 5 threads: 10743434978
N° triangles 6 threads: 10743434978
N° triangles (seq construction) 6 threads: 10743434978
N° triangles 7 threads: 10743434978
N° triangles (seq construction) 7 threads: 10743434978
N° triangles 8 threads: 10743434978
N° triangles (seq construction) 8 threads: 10743434978
N° triangles 9 threads: 10743434978
N° triangles (seq construction) 9 threads: 10743434978
N° triangles 10 threads: 10743434978
N° triangles (seq construction) 10 threads: 10743434978
N° triangles 11 threads: 10743434978
N° triangles (seq construction) 11 threads: 10743434978
N° triangles 12 threads: 10743434978
N° triangles (seq construction) 12 threads: 10743434978
N° triangles 13 threads: 10743434978
N° triangles (seq construction) 13 threads: 10743434978
N° triangles 14 threads: 10743434978
N° triangles (seq construction) 14 threads: 10743434978
N° triangles 15 threads: 10743434978
N° triangles (seq construction) 15 threads: 10743434978
N° triangles 16 threads: 10743434978
N° triangles (seq construction) 16 threads: 10743434978
N° triangles 17 threads: 10743434978
N° triangles (seq construction) 17 threads: 10743434978
N° triangles 18 threads: 10743434978
N° triangles (seq construction) 18 threads: 10743434978
N° triangles 19 threads: 10743434978
N° triangles (seq construction) 19 threads: 10743434978
N° triangles 20 threads: 10743434978
N° triangles (seq construction) 20 threads: 10743434978

Iteration 25
N° triangles single core: 10743434978
N° triangles 2 threads: 10743434978
N° triangles (seq construction) 2 threads: 10743434978
N° triangles 3 threads: 10743434978
N° triangles (seq construction) 3 threads: 10743434978
N° triangles 4 threads: 10743434978
N° triangles (seq construction) 4 threads: 10743434978
N° triangles 5 threads: 10743434978
N° triangles (seq construction) 5 threads: 10743434978
N° triangles 6 threads: 10743434978
N° triangles (seq construction) 6 threads: 10743434978
N° triangles 7 threads: 10743434978
N° triangles (seq construction) 7 threads: 10743434978
N° triangles 8 threads: 10743434978
N° triangles (seq construction) 8 threads: 10743434978
N° triangles 9 threads: 10743434978
N° triangles (seq construction) 9 threads: 10743434978
N° triangles 10 threads: 10743434978
N° triangles (seq construction) 10 threads: 10743434978
N° triangles 11 threads: 10743434978
N° triangles (seq construction) 11 threads: 10743434978
N° triangles 12 threads: 10743434978
N° triangles (seq construction) 12 threads: 10743434978
N° triangles 13 threads: 10743434978
N° triangles (seq construction) 13 threads: 10743434978
N° triangles 14 threads: 10743434978
N° triangles (seq construction) 14 threads: 10743434978
N° triangles 15 threads: 10743434978
N° triangles (seq construction) 15 threads: 10743434978
N° triangles 16 threads: 10743434978
N° triangles (seq construction) 16 threads: 10743434978
N° triangles 17 threads: 10743434978
N° triangles (seq construction) 17 threads: 10743434978
N° triangles 18 threads: 10743434978
N° triangles (seq construction) 18 threads: 10743434978
N° triangles 19 threads: 10743434978
N° triangles (seq construction) 19 threads: 10743434978
N° triangles 20 threads: 10743434978
N° triangles (seq construction) 20 threads: 10743434978

Iteration 26
N° triangles single core: 10743434978
N° triangles 2 threads: 10743434978
N° triangles (seq construction) 2 threads: 10743434978
N° triangles 3 threads: 10743434978
N° triangles (seq construction) 3 threads: 10743434978
N° triangles 4 threads: 10743434978
N° triangles (seq construction) 4 threads: 10743434978
N° triangles 5 threads: 10743434978
N° triangles (seq construction) 5 threads: 10743434978
N° triangles 6 threads: 10743434978
N° triangles (seq construction) 6 threads: 10743434978
N° triangles 7 threads: 10743434978
N° triangles (seq construction) 7 threads: 10743434978
N° triangles 8 threads: 10743434978
N° triangles (seq construction) 8 threads: 10743434978
N° triangles 9 threads: 10743434978
N° triangles (seq construction) 9 threads: 10743434978
N° triangles 10 threads: 10743434978
N° triangles (seq construction) 10 threads: 10743434978
N° triangles 11 threads: 10743434978
N° triangles (seq construction) 11 threads: 10743434978
N° triangles 12 threads: 10743434978
N° triangles (seq construction) 12 threads: 10743434978
N° triangles 13 threads: 10743434978
N° triangles (seq construction) 13 threads: 10743434978
N° triangles 14 threads: 10743434978
N° triangles (seq construction) 14 threads: 10743434978
N° triangles 15 threads: 10743434978
N° triangles (seq construction) 15 threads: 10743434978
N° triangles 16 threads: 10743434978
N° triangles (seq construction) 16 threads: 10743434978
N° triangles 17 threads: 10743434978
N° triangles (seq construction) 17 threads: 10743434978
N° triangles 18 threads: 10743434978
N° triangles (seq construction) 18 threads: 10743434978
N° triangles 19 threads: 10743434978
N° triangles (seq construction) 19 threads: 10743434978
N° triangles 20 threads: 10743434978
N° triangles (seq construction) 20 threads: 10743434978

Iteration 27
N° triangles single core: 10743434978
N° triangles 2 threads: 10743434978
N° triangles (seq construction) 2 threads: 10743434978
N° triangles 3 threads: 10743434978
N° triangles (seq construction) 3 threads: 10743434978
N° triangles 4 threads: 10743434978
N° triangles (seq construction) 4 threads: 10743434978
N° triangles 5 threads: 10743434978
N° triangles (seq construction) 5 threads: 10743434978
N° triangles 6 threads: 10743434978
N° triangles (seq construction) 6 threads: 10743434978
N° triangles 7 threads: 10743434978
N° triangles (seq construction) 7 threads: 10743434978
N° triangles 8 threads: 10743434978
N° triangles (seq construction) 8 threads: 10743434978
N° triangles 9 threads: 10743434978
N° triangles (seq construction) 9 threads: 10743434978
N° triangles 10 threads: 10743434978
N° triangles (seq construction) 10 threads: 10743434978
N° triangles 11 threads: 10743434978
N° triangles (seq construction) 11 threads: 10743434978
N° triangles 12 threads: 10743434978
N° triangles (seq construction) 12 threads: 10743434978
N° triangles 13 threads: 10743434978
N° triangles (seq construction) 13 threads: 10743434978
N° triangles 14 threads: 10743434978
N° triangles (seq construction) 14 threads: 10743434978
N° triangles 15 threads: 10743434978
N° triangles (seq construction) 15 threads: 10743434978
N° triangles 16 threads: 10743434978
N° triangles (seq construction) 16 threads: 10743434978
N° triangles 17 threads: 10743434978
N° triangles (seq construction) 17 threads: 10743434978
N° triangles 18 threads: 10743434978
N° triangles (seq construction) 18 threads: 10743434978
N° triangles 19 threads: 10743434978
N° triangles (seq construction) 19 threads: 10743434978
N° triangles 20 threads: 10743434978
N° triangles (seq construction) 20 threads: 10743434978

Iteration 28
N° triangles single core: 10743434978
N° triangles 2 threads: 10743434978
N° triangles (seq construction) 2 threads: 10743434978
N° triangles 3 threads: 10743434978
N° triangles (seq construction) 3 threads: 10743434978
N° triangles 4 threads: 10743434978
N° triangles (seq construction) 4 threads: 10743434978
N° triangles 5 threads: 10743434978
N° triangles (seq construction) 5 threads: 10743434978
N° triangles 6 threads: 10743434978
N° triangles (seq construction) 6 threads: 10743434978
N° triangles 7 threads: 10743434978
N° triangles (seq construction) 7 threads: 10743434978
N° triangles 8 threads: 10743434978
N° triangles (seq construction) 8 threads: 10743434978
N° triangles 9 threads: 10743434978
N° triangles (seq construction) 9 threads: 10743434978
N° triangles 10 threads: 10743434978
N° triangles (seq construction) 10 threads: 10743434978
N° triangles 11 threads: 10743434978
N° triangles (seq construction) 11 threads: 10743434978
N° triangles 12 threads: 10743434978
N° triangles (seq construction) 12 threads: 10743434978
N° triangles 13 threads: 10743434978
N° triangles (seq construction) 13 threads: 10743434978
N° triangles 14 threads: 10743434978
N° triangles (seq construction) 14 threads: 10743434978
N° triangles 15 threads: 10743434978
N° triangles (seq construction) 15 threads: 10743434978
N° triangles 16 threads: 10743434978
N° triangles (seq construction) 16 threads: 10743434978
N° triangles 17 threads: 10743434978
N° triangles (seq construction) 17 threads: 10743434978
N° triangles 18 threads: 10743434978
N° triangles (seq construction) 18 threads: 10743434978
N° triangles 19 threads: 10743434978
N° triangles (seq construction) 19 threads: 10743434978
N° triangles 20 threads: 10743434978
N° triangles (seq construction) 20 threads: 10743434978

Iteration 29
N° triangles single core: 10743434978
N° triangles 2 threads: 10743434978
N° triangles (seq construction) 2 threads: 10743434978
N° triangles 3 threads: 10743434978
N° triangles (seq construction) 3 threads: 10743434978
N° triangles 4 threads: 10743434978
N° triangles (seq construction) 4 threads: 10743434978
N° triangles 5 threads: 10743434978
N° triangles (seq construction) 5 threads: 10743434978
N° triangles 6 threads: 10743434978
N° triangles (seq construction) 6 threads: 10743434978
N° triangles 7 threads: 10743434978
N° triangles (seq construction) 7 threads: 10743434978
N° triangles 8 threads: 10743434978
N° triangles (seq construction) 8 threads: 10743434978
N° triangles 9 threads: 10743434978
N° triangles (seq construction) 9 threads: 10743434978
N° triangles 10 threads: 10743434978
N° triangles (seq construction) 10 threads: 10743434978
N° triangles 11 threads: 10743434978
N° triangles (seq construction) 11 threads: 10743434978
N° triangles 12 threads: 10743434978
N° triangles (seq construction) 12 threads: 10743434978
N° triangles 13 threads: 10743434978
N° triangles (seq construction) 13 threads: 10743434978
N° triangles 14 threads: 10743434978
N° triangles (seq construction) 14 threads: 10743434978
N° triangles 15 threads: 10743434978
N° triangles (seq construction) 15 threads: 10743434978
N° triangles 16 threads: 10743434978
N° triangles (seq construction) 16 threads: 10743434978
N° triangles 17 threads: 10743434978
N° triangles (seq construction) 17 threads: 10743434978
N° triangles 18 threads: 10743434978
N° triangles (seq construction) 18 threads: 10743434978
N° triangles 19 threads: 10743434978
N° triangles (seq construction) 19 threads: 10743434978
N° triangles 20 threads: 10743434978
N° triangles (seq construction) 20 threads: 10743434978

Iteration 30
N° triangles single core: 10743434978
N° triangles 2 threads: 10743434978
N° triangles (seq construction) 2 threads: 10743434978
N° triangles 3 threads: 10743434978
N° triangles (seq construction) 3 threads: 10743434978
N° triangles 4 threads: 10743434978
N° triangles (seq construction) 4 threads: 10743434978
N° triangles 5 threads: 10743434978
N° triangles (seq construction) 5 threads: 10743434978
N° triangles 6 threads: 10743434978
N° triangles (seq construction) 6 threads: 10743434978
N° triangles 7 threads: 10743434978
N° triangles (seq construction) 7 threads: 10743434978
N° triangles 8 threads: 10743434978
N° triangles (seq construction) 8 threads: 10743434978
N° triangles 9 threads: 10743434978
N° triangles (seq construction) 9 threads: 10743434978
N° triangles 10 threads: 10743434978
N° triangles (seq construction) 10 threads: 10743434978
N° triangles 11 threads: 10743434978
N° triangles (seq construction) 11 threads: 10743434978
N° triangles 12 threads: 10743434978
N° triangles (seq construction) 12 threads: 10743434978
N° triangles 13 threads: 10743434978
N° triangles (seq construction) 13 threads: 10743434978
N° triangles 14 threads: 10743434978
N° triangles (seq construction) 14 threads: 10743434978
N° triangles 15 threads: 10743434978
N° triangles (seq construction) 15 threads: 10743434978
N° triangles 16 threads: 10743434978
N° triangles (seq construction) 16 threads: 10743434978
N° triangles 17 threads: 10743434978
N° triangles (seq construction) 17 threads: 10743434978
N° triangles 18 threads: 10743434978
N° triangles (seq construction) 18 threads: 10743434978
N° triangles 19 threads: 10743434978
N° triangles (seq construction) 19 threads: 10743434978
N° triangles 20 threads: 10743434978
N° triangles (seq construction) 20 threads: 10743434978

Iteration 31
N° triangles single core: 10743434978
N° triangles 2 threads: 10743434978
N° triangles (seq construction) 2 threads: 10743434978
N° triangles 3 threads: 10743434978
N° triangles (seq construction) 3 threads: 10743434978
N° triangles 4 threads: 10743434978
N° triangles (seq construction) 4 threads: 10743434978
N° triangles 5 threads: 10743434978
N° triangles (seq construction) 5 threads: 10743434978
N° triangles 6 threads: 10743434978
N° triangles (seq construction) 6 threads: 10743434978
N° triangles 7 threads: 10743434978
N° triangles (seq construction) 7 threads: 10743434978
N° triangles 8 threads: 10743434978
N° triangles (seq construction) 8 threads: 10743434978
N° triangles 9 threads: 10743434978
N° triangles (seq construction) 9 threads: 10743434978
N° triangles 10 threads: 10743434978
N° triangles (seq construction) 10 threads: 10743434978
N° triangles 11 threads: 10743434978
N° triangles (seq construction) 11 threads: 10743434978
N° triangles 12 threads: 10743434978
N° triangles (seq construction) 12 threads: 10743434978
N° triangles 13 threads: 10743434978
N° triangles (seq construction) 13 threads: 10743434978
N° triangles 14 threads: 10743434978
N° triangles (seq construction) 14 threads: 10743434978
N° triangles 15 threads: 10743434978
N° triangles (seq construction) 15 threads: 10743434978
N° triangles 16 threads: 10743434978
N° triangles (seq construction) 16 threads: 10743434978
N° triangles 17 threads: 10743434978
N° triangles (seq construction) 17 threads: 10743434978
N° triangles 18 threads: 10743434978
N° triangles (seq construction) 18 threads: 10743434978
N° triangles 19 threads: 10743434978
N° triangles (seq construction) 19 threads: 10743434978
N° triangles 20 threads: 10743434978
N° triangles (seq construction) 20 threads: 10743434978

Iteration 32
N° triangles single core: 10743434978
N° triangles 2 threads: 10743434978
N° triangles (seq construction) 2 threads: 10743434978
N° triangles 3 threads: 10743434978
N° triangles (seq construction) 3 threads: 10743434978
N° triangles 4 threads: 10743434978
N° triangles (seq construction) 4 threads: 10743434978
N° triangles 5 threads: 10743434978
N° triangles (seq construction) 5 threads: 10743434978
N° triangles 6 threads: 10743434978
N° triangles (seq construction) 6 threads: 10743434978
N° triangles 7 threads: 10743434978
N° triangles (seq construction) 7 threads: 10743434978
N° triangles 8 threads: 10743434978
N° triangles (seq construction) 8 threads: 10743434978
N° triangles 9 threads: 10743434978
N° triangles (seq construction) 9 threads: 10743434978
N° triangles 10 threads: 10743434978
N° triangles (seq construction) 10 threads: 10743434978
N° triangles 11 threads: 10743434978
N° triangles (seq construction) 11 threads: 10743434978
N° triangles 12 threads: 10743434978
N° triangles (seq construction) 12 threads: 10743434978
N° triangles 13 threads: 10743434978
N° triangles (seq construction) 13 threads: 10743434978
N° triangles 14 threads: 10743434978
N° triangles (seq construction) 14 threads: 10743434978
N° triangles 15 threads: 10743434978
N° triangles (seq construction) 15 threads: 10743434978
N° triangles 16 threads: 10743434978
N° triangles (seq construction) 16 threads: 10743434978
N° triangles 17 threads: 10743434978
N° triangles (seq construction) 17 threads: 10743434978
N° triangles 18 threads: 10743434978
N° triangles (seq construction) 18 threads: 10743434978
N° triangles 19 threads: 10743434978
N° triangles (seq construction) 19 threads: 10743434978
N° triangles 20 threads: 10743434978
N° triangles (seq construction) 20 threads: 10743434978

Iteration 33
N° triangles single core: 10743434978
N° triangles 2 threads: 10743434978
N° triangles (seq construction) 2 threads: 10743434978
N° triangles 3 threads: 10743434978
N° triangles (seq construction) 3 threads: 10743434978
N° triangles 4 threads: 10743434978
N° triangles (seq construction) 4 threads: 10743434978
N° triangles 5 threads: 10743434978
N° triangles (seq construction) 5 threads: 10743434978
N° triangles 6 threads: 10743434978
N° triangles (seq construction) 6 threads: 10743434978
N° triangles 7 threads: 10743434978
N° triangles (seq construction) 7 threads: 10743434978
N° triangles 8 threads: 10743434978
N° triangles (seq construction) 8 threads: 10743434978
N° triangles 9 threads: 10743434978
N° triangles (seq construction) 9 threads: 10743434978
N° triangles 10 threads: 10743434978
N° triangles (seq construction) 10 threads: 10743434978
N° triangles 11 threads: 10743434978
N° triangles (seq construction) 11 threads: 10743434978
N° triangles 12 threads: 10743434978
N° triangles (seq construction) 12 threads: 10743434978
N° triangles 13 threads: 10743434978
N° triangles (seq construction) 13 threads: 10743434978
N° triangles 14 threads: 10743434978
N° triangles (seq construction) 14 threads: 10743434978
N° triangles 15 threads: 10743434978
N° triangles (seq construction) 15 threads: 10743434978
N° triangles 16 threads: 10743434978
N° triangles (seq construction) 16 threads: 10743434978
N° triangles 17 threads: 10743434978
N° triangles (seq construction) 17 threads: 10743434978
N° triangles 18 threads: 10743434978
N° triangles (seq construction) 18 threads: 10743434978
N° triangles 19 threads: 10743434978
N° triangles (seq construction) 19 threads: 10743434978
N° triangles 20 threads: 10743434978
N° triangles (seq construction) 20 threads: 10743434978

Iteration 34
N° triangles single core: 10743434978
N° triangles 2 threads: 10743434978
N° triangles (seq construction) 2 threads: 10743434978
N° triangles 3 threads: 10743434978
N° triangles (seq construction) 3 threads: 10743434978
N° triangles 4 threads: 10743434978
N° triangles (seq construction) 4 threads: 10743434978
N° triangles 5 threads: 10743434978
N° triangles (seq construction) 5 threads: 10743434978
N° triangles 6 threads: 10743434978
N° triangles (seq construction) 6 threads: 10743434978
N° triangles 7 threads: 10743434978
N° triangles (seq construction) 7 threads: 10743434978
N° triangles 8 threads: 10743434978
N° triangles (seq construction) 8 threads: 10743434978
N° triangles 9 threads: 10743434978
N° triangles (seq construction) 9 threads: 10743434978
N° triangles 10 threads: 10743434978
N° triangles (seq construction) 10 threads: 10743434978
N° triangles 11 threads: 10743434978
N° triangles (seq construction) 11 threads: 10743434978
N° triangles 12 threads: 10743434978
N° triangles (seq construction) 12 threads: 10743434978
N° triangles 13 threads: 10743434978
N° triangles (seq construction) 13 threads: 10743434978
N° triangles 14 threads: 10743434978
N° triangles (seq construction) 14 threads: 10743434978
N° triangles 15 threads: 10743434978
N° triangles (seq construction) 15 threads: 10743434978
N° triangles 16 threads: 10743434978
N° triangles (seq construction) 16 threads: 10743434978
N° triangles 17 threads: 10743434978
N° triangles (seq construction) 17 threads: 10743434978
N° triangles 18 threads: 10743434978
N° triangles (seq construction) 18 threads: 10743434978
N° triangles 19 threads: 10743434978
N° triangles (seq construction) 19 threads: 10743434978
N° triangles 20 threads: 10743434978
N° triangles (seq construction) 20 threads: 10743434978

Iteration 35
N° triangles single core: 10743434978
N° triangles 2 threads: 10743434978
N° triangles (seq construction) 2 threads: 10743434978
N° triangles 3 threads: 10743434978
N° triangles (seq construction) 3 threads: 10743434978
N° triangles 4 threads: 10743434978
N° triangles (seq construction) 4 threads: 10743434978
N° triangles 5 threads: 10743434978
N° triangles (seq construction) 5 threads: 10743434978
N° triangles 6 threads: 10743434978
N° triangles (seq construction) 6 threads: 10743434978
N° triangles 7 threads: 10743434978
N° triangles (seq construction) 7 threads: 10743434978
N° triangles 8 threads: 10743434978
N° triangles (seq construction) 8 threads: 10743434978
N° triangles 9 threads: 10743434978
N° triangles (seq construction) 9 threads: 10743434978
N° triangles 10 threads: 10743434978
N° triangles (seq construction) 10 threads: 10743434978
N° triangles 11 threads: 10743434978
N° triangles (seq construction) 11 threads: 10743434978
N° triangles 12 threads: 10743434978
N° triangles (seq construction) 12 threads: 10743434978
N° triangles 13 threads: 10743434978
N° triangles (seq construction) 13 threads: 10743434978
N° triangles 14 threads: 10743434978
N° triangles (seq construction) 14 threads: 10743434978
N° triangles 15 threads: 10743434978
N° triangles (seq construction) 15 threads: 10743434978
N° triangles 16 threads: 10743434978
N° triangles (seq construction) 16 threads: 10743434978
N° triangles 17 threads: 10743434978
N° triangles (seq construction) 17 threads: 10743434978
N° triangles 18 threads: 10743434978
N° triangles (seq construction) 18 threads: 10743434978
N° triangles 19 threads: 10743434978
N° triangles (seq construction) 19 threads: 10743434978
N° triangles 20 threads: 10743434978
N° triangles (seq construction) 20 threads: 10743434978

Iteration 36
N° triangles single core: 10743434978
N° triangles 2 threads: 10743434978
N° triangles (seq construction) 2 threads: 10743434978
N° triangles 3 threads: 10743434978
N° triangles (seq construction) 3 threads: 10743434978
N° triangles 4 threads: 10743434978
N° triangles (seq construction) 4 threads: 10743434978
N° triangles 5 threads: 10743434978
N° triangles (seq construction) 5 threads: 10743434978
N° triangles 6 threads: 10743434978
N° triangles (seq construction) 6 threads: 10743434978
N° triangles 7 threads: 10743434978
N° triangles (seq construction) 7 threads: 10743434978
N° triangles 8 threads: 10743434978
N° triangles (seq construction) 8 threads: 10743434978
N° triangles 9 threads: 10743434978
N° triangles (seq construction) 9 threads: 10743434978
N° triangles 10 threads: 10743434978
N° triangles (seq construction) 10 threads: 10743434978
N° triangles 11 threads: 10743434978
N° triangles (seq construction) 11 threads: 10743434978
N° triangles 12 threads: 10743434978
N° triangles (seq construction) 12 threads: 10743434978
N° triangles 13 threads: 10743434978
N° triangles (seq construction) 13 threads: 10743434978
N° triangles 14 threads: 10743434978
N° triangles (seq construction) 14 threads: 10743434978
N° triangles 15 threads: 10743434978
N° triangles (seq construction) 15 threads: 10743434978
N° triangles 16 threads: 10743434978
N° triangles (seq construction) 16 threads: 10743434978
N° triangles 17 threads: 10743434978
N° triangles (seq construction) 17 threads: 10743434978
N° triangles 18 threads: 10743434978
N° triangles (seq construction) 18 threads: 10743434978
N° triangles 19 threads: 10743434978
N° triangles (seq construction) 19 threads: 10743434978
N° triangles 20 threads: 10743434978
N° triangles (seq construction) 20 threads: 10743434978

Iteration 37
N° triangles single core: 10743434978
N° triangles 2 threads: 10743434978
N° triangles (seq construction) 2 threads: 10743434978
N° triangles 3 threads: 10743434978
N° triangles (seq construction) 3 threads: 10743434978
N° triangles 4 threads: 10743434978
N° triangles (seq construction) 4 threads: 10743434978
N° triangles 5 threads: 10743434978
N° triangles (seq construction) 5 threads: 10743434978
N° triangles 6 threads: 10743434978
N° triangles (seq construction) 6 threads: 10743434978
N° triangles 7 threads: 10743434978
N° triangles (seq construction) 7 threads: 10743434978
N° triangles 8 threads: 10743434978
N° triangles (seq construction) 8 threads: 10743434978
N° triangles 9 threads: 10743434978
N° triangles (seq construction) 9 threads: 10743434978
N° triangles 10 threads: 10743434978
N° triangles (seq construction) 10 threads: 10743434978
N° triangles 11 threads: 10743434978
N° triangles (seq construction) 11 threads: 10743434978
N° triangles 12 threads: 10743434978
N° triangles (seq construction) 12 threads: 10743434978
N° triangles 13 threads: 10743434978
N° triangles (seq construction) 13 threads: 10743434978
N° triangles 14 threads: 10743434978
N° triangles (seq construction) 14 threads: 10743434978
N° triangles 15 threads: 10743434978
N° triangles (seq construction) 15 threads: 10743434978
N° triangles 16 threads: 10743434978
N° triangles (seq construction) 16 threads: 10743434978
N° triangles 17 threads: 10743434978
N° triangles (seq construction) 17 threads: 10743434978
N° triangles 18 threads: 10743434978
N° triangles (seq construction) 18 threads: 10743434978
N° triangles 19 threads: 10743434978
N° triangles (seq construction) 19 threads: 10743434978
N° triangles 20 threads: 10743434978
N° triangles (seq construction) 20 threads: 10743434978

Iteration 38
N° triangles single core: 10743434978
N° triangles 2 threads: 10743434978
N° triangles (seq construction) 2 threads: 10743434978
N° triangles 3 threads: 10743434978
N° triangles (seq construction) 3 threads: 10743434978
N° triangles 4 threads: 10743434978
N° triangles (seq construction) 4 threads: 10743434978
N° triangles 5 threads: 10743434978
N° triangles (seq construction) 5 threads: 10743434978
N° triangles 6 threads: 10743434978
N° triangles (seq construction) 6 threads: 10743434978
N° triangles 7 threads: 10743434978
N° triangles (seq construction) 7 threads: 10743434978
N° triangles 8 threads: 10743434978
N° triangles (seq construction) 8 threads: 10743434978
N° triangles 9 threads: 10743434978
N° triangles (seq construction) 9 threads: 10743434978
N° triangles 10 threads: 10743434978
N° triangles (seq construction) 10 threads: 10743434978
N° triangles 11 threads: 10743434978
N° triangles (seq construction) 11 threads: 10743434978
N° triangles 12 threads: 10743434978
N° triangles (seq construction) 12 threads: 10743434978
N° triangles 13 threads: 10743434978
N° triangles (seq construction) 13 threads: 10743434978
N° triangles 14 threads: 10743434978
N° triangles (seq construction) 14 threads: 10743434978
N° triangles 15 threads: 10743434978
N° triangles (seq construction) 15 threads: 10743434978
N° triangles 16 threads: 10743434978
N° triangles (seq construction) 16 threads: 10743434978
N° triangles 17 threads: 10743434978
N° triangles (seq construction) 17 threads: 10743434978
N° triangles 18 threads: 10743434978
N° triangles (seq construction) 18 threads: 10743434978
N° triangles 19 threads: 10743434978
N° triangles (seq construction) 19 threads: 10743434978
N° triangles 20 threads: 10743434978
N° triangles (seq construction) 20 threads: 10743434978

Iteration 39
N° triangles single core: 10743434978
N° triangles 2 threads: 10743434978
N° triangles (seq construction) 2 threads: 10743434978
N° triangles 3 threads: 10743434978
N° triangles (seq construction) 3 threads: 10743434978
N° triangles 4 threads: 10743434978
N° triangles (seq construction) 4 threads: 10743434978
N° triangles 5 threads: 10743434978
N° triangles (seq construction) 5 threads: 10743434978
N° triangles 6 threads: 10743434978
N° triangles (seq construction) 6 threads: 10743434978
N° triangles 7 threads: 10743434978
N° triangles (seq construction) 7 threads: 10743434978
N° triangles 8 threads: 10743434978
N° triangles (seq construction) 8 threads: 10743434978
N° triangles 9 threads: 10743434978
N° triangles (seq construction) 9 threads: 10743434978
N° triangles 10 threads: 10743434978
N° triangles (seq construction) 10 threads: 10743434978
N° triangles 11 threads: 10743434978
N° triangles (seq construction) 11 threads: 10743434978
N° triangles 12 threads: 10743434978
N° triangles (seq construction) 12 threads: 10743434978
N° triangles 13 threads: 10743434978
N° triangles (seq construction) 13 threads: 10743434978
N° triangles 14 threads: 10743434978
N° triangles (seq construction) 14 threads: 10743434978
N° triangles 15 threads: 10743434978
N° triangles (seq construction) 15 threads: 10743434978
N° triangles 16 threads: 10743434978
N° triangles (seq construction) 16 threads: 10743434978
N° triangles 17 threads: 10743434978
N° triangles (seq construction) 17 threads: 10743434978
N° triangles 18 threads: 10743434978
N° triangles (seq construction) 18 threads: 10743434978
N° triangles 19 threads: 10743434978
N° triangles (seq construction) 19 threads: 10743434978
N° triangles 20 threads: 10743434978
N° triangles (seq construction) 20 threads: 10743434978

Iteration 40
N° triangles single core: 10743434978
N° triangles 2 threads: 10743434978
N° triangles (seq construction) 2 threads: 10743434978
N° triangles 3 threads: 10743434978
N° triangles (seq construction) 3 threads: 10743434978
N° triangles 4 threads: 10743434978
N° triangles (seq construction) 4 threads: 10743434978
N° triangles 5 threads: 10743434978
N° triangles (seq construction) 5 threads: 10743434978
N° triangles 6 threads: 10743434978
N° triangles (seq construction) 6 threads: 10743434978
N° triangles 7 threads: 10743434978
N° triangles (seq construction) 7 threads: 10743434978
N° triangles 8 threads: 10743434978
N° triangles (seq construction) 8 threads: 10743434978
N° triangles 9 threads: 10743434978
N° triangles (seq construction) 9 threads: 10743434978
N° triangles 10 threads: 10743434978
N° triangles (seq construction) 10 threads: 10743434978
N° triangles 11 threads: 10743434978
N° triangles (seq construction) 11 threads: 10743434978
N° triangles 12 threads: 10743434978
N° triangles (seq construction) 12 threads: 10743434978
N° triangles 13 threads: 10743434978
N° triangles (seq construction) 13 threads: 10743434978
N° triangles 14 threads: 10743434978
N° triangles (seq construction) 14 threads: 10743434978
N° triangles 15 threads: 10743434978
N° triangles (seq construction) 15 threads: 10743434978
N° triangles 16 threads: 10743434978
N° triangles (seq construction) 16 threads: 10743434978
N° triangles 17 threads: 10743434978
N° triangles (seq construction) 17 threads: 10743434978
N° triangles 18 threads: 10743434978
N° triangles (seq construction) 18 threads: 10743434978
N° triangles 19 threads: 10743434978
N° triangles (seq construction) 19 threads: 10743434978
N° triangles 20 threads: 10743434978
N° triangles (seq construction) 20 threads: 10743434978

Iteration 41
N° triangles single core: 10743434978
N° triangles 2 threads: 10743434978
N° triangles (seq construction) 2 threads: 10743434978
N° triangles 3 threads: 10743434978
N° triangles (seq construction) 3 threads: 10743434978
N° triangles 4 threads: 10743434978
N° triangles (seq construction) 4 threads: 10743434978
N° triangles 5 threads: 10743434978
N° triangles (seq construction) 5 threads: 10743434978
N° triangles 6 threads: 10743434978
N° triangles (seq construction) 6 threads: 10743434978
N° triangles 7 threads: 10743434978
N° triangles (seq construction) 7 threads: 10743434978
N° triangles 8 threads: 10743434978
N° triangles (seq construction) 8 threads: 10743434978
N° triangles 9 threads: 10743434978
N° triangles (seq construction) 9 threads: 10743434978
N° triangles 10 threads: 10743434978
N° triangles (seq construction) 10 threads: 10743434978
N° triangles 11 threads: 10743434978
N° triangles (seq construction) 11 threads: 10743434978
N° triangles 12 threads: 10743434978
N° triangles (seq construction) 12 threads: 10743434978
N° triangles 13 threads: 10743434978
N° triangles (seq construction) 13 threads: 10743434978
N° triangles 14 threads: 10743434978
N° triangles (seq construction) 14 threads: 10743434978
N° triangles 15 threads: 10743434978
N° triangles (seq construction) 15 threads: 10743434978
N° triangles 16 threads: 10743434978
N° triangles (seq construction) 16 threads: 10743434978
N° triangles 17 threads: 10743434978
N° triangles (seq construction) 17 threads: 10743434978
N° triangles 18 threads: 10743434978
N° triangles (seq construction) 18 threads: 10743434978
N° triangles 19 threads: 10743434978
N° triangles (seq construction) 19 threads: 10743434978
N° triangles 20 threads: 10743434978
N° triangles (seq construction) 20 threads: 10743434978

Iteration 42
N° triangles single core: 10743434978
N° triangles 2 threads: 10743434978
N° triangles (seq construction) 2 threads: 10743434978
N° triangles 3 threads: 10743434978
N° triangles (seq construction) 3 threads: 10743434978
N° triangles 4 threads: 10743434978
N° triangles (seq construction) 4 threads: 10743434978
N° triangles 5 threads: 10743434978
N° triangles (seq construction) 5 threads: 10743434978
N° triangles 6 threads: 10743434978
N° triangles (seq construction) 6 threads: 10743434978
N° triangles 7 threads: 10743434978
N° triangles (seq construction) 7 threads: 10743434978
N° triangles 8 threads: 10743434978
N° triangles (seq construction) 8 threads: 10743434978
N° triangles 9 threads: 10743434978
N° triangles (seq construction) 9 threads: 10743434978
N° triangles 10 threads: 10743434978
N° triangles (seq construction) 10 threads: 10743434978
N° triangles 11 threads: 10743434978
N° triangles (seq construction) 11 threads: 10743434978
N° triangles 12 threads: 10743434978
N° triangles (seq construction) 12 threads: 10743434978
N° triangles 13 threads: 10743434978
N° triangles (seq construction) 13 threads: 10743434978
N° triangles 14 threads: 10743434978
N° triangles (seq construction) 14 threads: 10743434978
N° triangles 15 threads: 10743434978
N° triangles (seq construction) 15 threads: 10743434978
N° triangles 16 threads: 10743434978
N° triangles (seq construction) 16 threads: 10743434978
N° triangles 17 threads: 10743434978
N° triangles (seq construction) 17 threads: 10743434978
N° triangles 18 threads: 10743434978
N° triangles (seq construction) 18 threads: 10743434978
N° triangles 19 threads: 10743434978
N° triangles (seq construction) 19 threads: 10743434978
N° triangles 20 threads: 10743434978
N° triangles (seq construction) 20 threads: 10743434978

Iteration 43
N° triangles single core: 10743434978
N° triangles 2 threads: 10743434978
N° triangles (seq construction) 2 threads: 10743434978
N° triangles 3 threads: 10743434978
N° triangles (seq construction) 3 threads: 10743434978
N° triangles 4 threads: 10743434978
N° triangles (seq construction) 4 threads: 10743434978
N° triangles 5 threads: 10743434978
N° triangles (seq construction) 5 threads: 10743434978
N° triangles 6 threads: 10743434978
N° triangles (seq construction) 6 threads: 10743434978
N° triangles 7 threads: 10743434978
N° triangles (seq construction) 7 threads: 10743434978
N° triangles 8 threads: 10743434978
N° triangles (seq construction) 8 threads: 10743434978
N° triangles 9 threads: 10743434978
N° triangles (seq construction) 9 threads: 10743434978
N° triangles 10 threads: 10743434978
N° triangles (seq construction) 10 threads: 10743434978
N° triangles 11 threads: 10743434978
N° triangles (seq construction) 11 threads: 10743434978
N° triangles 12 threads: 10743434978
N° triangles (seq construction) 12 threads: 10743434978
N° triangles 13 threads: 10743434978
N° triangles (seq construction) 13 threads: 10743434978
N° triangles 14 threads: 10743434978
N° triangles (seq construction) 14 threads: 10743434978
N° triangles 15 threads: 10743434978
N° triangles (seq construction) 15 threads: 10743434978
N° triangles 16 threads: 10743434978
N° triangles (seq construction) 16 threads: 10743434978
N° triangles 17 threads: 10743434978
N° triangles (seq construction) 17 threads: 10743434978
N° triangles 18 threads: 10743434978
N° triangles (seq construction) 18 threads: 10743434978
N° triangles 19 threads: 10743434978
N° triangles (seq construction) 19 threads: 10743434978
N° triangles 20 threads: 10743434978
N° triangles (seq construction) 20 threads: 10743434978

Iteration 44
N° triangles single core: 10743434978
N° triangles 2 threads: 10743434978
N° triangles (seq construction) 2 threads: 10743434978
N° triangles 3 threads: 10743434978
N° triangles (seq construction) 3 threads: 10743434978
N° triangles 4 threads: 10743434978
N° triangles (seq construction) 4 threads: 10743434978
N° triangles 5 threads: 10743434978
N° triangles (seq construction) 5 threads: 10743434978
N° triangles 6 threads: 10743434978
N° triangles (seq construction) 6 threads: 10743434978
N° triangles 7 threads: 10743434978
N° triangles (seq construction) 7 threads: 10743434978
N° triangles 8 threads: 10743434978
N° triangles (seq construction) 8 threads: 10743434978
N° triangles 9 threads: 10743434978
N° triangles (seq construction) 9 threads: 10743434978
N° triangles 10 threads: 10743434978
N° triangles (seq construction) 10 threads: 10743434978
N° triangles 11 threads: 10743434978
N° triangles (seq construction) 11 threads: 10743434978
N° triangles 12 threads: 10743434978
N° triangles (seq construction) 12 threads: 10743434978
N° triangles 13 threads: 10743434978
N° triangles (seq construction) 13 threads: 10743434978
N° triangles 14 threads: 10743434978
N° triangles (seq construction) 14 threads: 10743434978
N° triangles 15 threads: 10743434978
N° triangles (seq construction) 15 threads: 10743434978
N° triangles 16 threads: 10743434978
N° triangles (seq construction) 16 threads: 10743434978
N° triangles 17 threads: 10743434978
N° triangles (seq construction) 17 threads: 10743434978
N° triangles 18 threads: 10743434978
N° triangles (seq construction) 18 threads: 10743434978
N° triangles 19 threads: 10743434978
N° triangles (seq construction) 19 threads: 10743434978
N° triangles 20 threads: 10743434978
N° triangles (seq construction) 20 threads: 10743434978

Iteration 45
N° triangles single core: 10743434978
N° triangles 2 threads: 10743434978
N° triangles (seq construction) 2 threads: 10743434978
N° triangles 3 threads: 10743434978
N° triangles (seq construction) 3 threads: 10743434978
N° triangles 4 threads: 10743434978
N° triangles (seq construction) 4 threads: 10743434978
N° triangles 5 threads: 10743434978
N° triangles (seq construction) 5 threads: 10743434978
N° triangles 6 threads: 10743434978
N° triangles (seq construction) 6 threads: 10743434978
N° triangles 7 threads: 10743434978
N° triangles (seq construction) 7 threads: 10743434978
N° triangles 8 threads: 10743434978
N° triangles (seq construction) 8 threads: 10743434978
N° triangles 9 threads: 10743434978
N° triangles (seq construction) 9 threads: 10743434978
N° triangles 10 threads: 10743434978
N° triangles (seq construction) 10 threads: 10743434978
N° triangles 11 threads: 10743434978
N° triangles (seq construction) 11 threads: 10743434978
N° triangles 12 threads: 10743434978
N° triangles (seq construction) 12 threads: 10743434978
N° triangles 13 threads: 10743434978
N° triangles (seq construction) 13 threads: 10743434978
N° triangles 14 threads: 10743434978
N° triangles (seq construction) 14 threads: 10743434978
N° triangles 15 threads: 10743434978
N° triangles (seq construction) 15 threads: 10743434978
N° triangles 16 threads: 10743434978
N° triangles (seq construction) 16 threads: 10743434978
N° triangles 17 threads: 10743434978
N° triangles (seq construction) 17 threads: 10743434978
N° triangles 18 threads: 10743434978
N° triangles (seq construction) 18 threads: 10743434978
N° triangles 19 threads: 10743434978
N° triangles (seq construction) 19 threads: 10743434978
N° triangles 20 threads: 10743434978
N° triangles (seq construction) 20 threads: 10743434978

Iteration 46
N° triangles single core: 10743434978
N° triangles 2 threads: 10743434978
N° triangles (seq construction) 2 threads: 10743434978
N° triangles 3 threads: 10743434978
N° triangles (seq construction) 3 threads: 10743434978
N° triangles 4 threads: 10743434978
N° triangles (seq construction) 4 threads: 10743434978
N° triangles 5 threads: 10743434978
N° triangles (seq construction) 5 threads: 10743434978
N° triangles 6 threads: 10743434978
N° triangles (seq construction) 6 threads: 10743434978
N° triangles 7 threads: 10743434978
N° triangles (seq construction) 7 threads: 10743434978
N° triangles 8 threads: 10743434978
N° triangles (seq construction) 8 threads: 10743434978
N° triangles 9 threads: 10743434978
N° triangles (seq construction) 9 threads: 10743434978
N° triangles 10 threads: 10743434978
N° triangles (seq construction) 10 threads: 10743434978
N° triangles 11 threads: 10743434978
N° triangles (seq construction) 11 threads: 10743434978
N° triangles 12 threads: 10743434978
N° triangles (seq construction) 12 threads: 10743434978
N° triangles 13 threads: 10743434978
N° triangles (seq construction) 13 threads: 10743434978
N° triangles 14 threads: 10743434978
N° triangles (seq construction) 14 threads: 10743434978
N° triangles 15 threads: 10743434978
N° triangles (seq construction) 15 threads: 10743434978
N° triangles 16 threads: 10743434978
N° triangles (seq construction) 16 threads: 10743434978
N° triangles 17 threads: 10743434978
N° triangles (seq construction) 17 threads: 10743434978
N° triangles 18 threads: 10743434978
N° triangles (seq construction) 18 threads: 10743434978
N° triangles 19 threads: 10743434978
N° triangles (seq construction) 19 threads: 10743434978
N° triangles 20 threads: 10743434978
N° triangles (seq construction) 20 threads: 10743434978

Iteration 47
N° triangles single core: 10743434978
N° triangles 2 threads: 10743434978
N° triangles (seq construction) 2 threads: 10743434978
N° triangles 3 threads: 10743434978
N° triangles (seq construction) 3 threads: 10743434978
N° triangles 4 threads: 10743434978
N° triangles (seq construction) 4 threads: 10743434978
N° triangles 5 threads: 10743434978
N° triangles (seq construction) 5 threads: 10743434978
N° triangles 6 threads: 10743434978
N° triangles (seq construction) 6 threads: 10743434978
N° triangles 7 threads: 10743434978
N° triangles (seq construction) 7 threads: 10743434978
N° triangles 8 threads: 10743434978
N° triangles (seq construction) 8 threads: 10743434978
N° triangles 9 threads: 10743434978
N° triangles (seq construction) 9 threads: 10743434978
N° triangles 10 threads: 10743434978
N° triangles (seq construction) 10 threads: 10743434978
N° triangles 11 threads: 10743434978
N° triangles (seq construction) 11 threads: 10743434978
N° triangles 12 threads: 10743434978
N° triangles (seq construction) 12 threads: 10743434978
N° triangles 13 threads: 10743434978
N° triangles (seq construction) 13 threads: 10743434978
N° triangles 14 threads: 10743434978
N° triangles (seq construction) 14 threads: 10743434978
N° triangles 15 threads: 10743434978
N° triangles (seq construction) 15 threads: 10743434978
N° triangles 16 threads: 10743434978
N° triangles (seq construction) 16 threads: 10743434978
N° triangles 17 threads: 10743434978
N° triangles (seq construction) 17 threads: 10743434978
N° triangles 18 threads: 10743434978
N° triangles (seq construction) 18 threads: 10743434978
N° triangles 19 threads: 10743434978
N° triangles (seq construction) 19 threads: 10743434978
N° triangles 20 threads: 10743434978
N° triangles (seq construction) 20 threads: 10743434978

Iteration 48
N° triangles single core: 10743434978
N° triangles 2 threads: 10743434978
N° triangles (seq construction) 2 threads: 10743434978
N° triangles 3 threads: 10743434978
N° triangles (seq construction) 3 threads: 10743434978
N° triangles 4 threads: 10743434978
N° triangles (seq construction) 4 threads: 10743434978
N° triangles 5 threads: 10743434978
N° triangles (seq construction) 5 threads: 10743434978
N° triangles 6 threads: 10743434978
N° triangles (seq construction) 6 threads: 10743434978
N° triangles 7 threads: 10743434978
N° triangles (seq construction) 7 threads: 10743434978
N° triangles 8 threads: 10743434978
N° triangles (seq construction) 8 threads: 10743434978
N° triangles 9 threads: 10743434978
N° triangles (seq construction) 9 threads: 10743434978
N° triangles 10 threads: 10743434978
N° triangles (seq construction) 10 threads: 10743434978
N° triangles 11 threads: 10743434978
N° triangles (seq construction) 11 threads: 10743434978
N° triangles 12 threads: 10743434978
N° triangles (seq construction) 12 threads: 10743434978
N° triangles 13 threads: 10743434978
N° triangles (seq construction) 13 threads: 10743434978
N° triangles 14 threads: 10743434978
N° triangles (seq construction) 14 threads: 10743434978
N° triangles 15 threads: 10743434978
N° triangles (seq construction) 15 threads: 10743434978
N° triangles 16 threads: 10743434978
N° triangles (seq construction) 16 threads: 10743434978
N° triangles 17 threads: 10743434978
N° triangles (seq construction) 17 threads: 10743434978
N° triangles 18 threads: 10743434978
N° triangles (seq construction) 18 threads: 10743434978
N° triangles 19 threads: 10743434978
N° triangles (seq construction) 19 threads: 10743434978
N° triangles 20 threads: 10743434978
N° triangles (seq construction) 20 threads: 10743434978

Iteration 49
N° triangles single core: 10743434978
N° triangles 2 threads: 10743434978
N° triangles (seq construction) 2 threads: 10743434978
N° triangles 3 threads: 10743434978
N° triangles (seq construction) 3 threads: 10743434978
N° triangles 4 threads: 10743434978
N° triangles (seq construction) 4 threads: 10743434978
N° triangles 5 threads: 10743434978
N° triangles (seq construction) 5 threads: 10743434978
N° triangles 6 threads: 10743434978
N° triangles (seq construction) 6 threads: 10743434978
N° triangles 7 threads: 10743434978
N° triangles (seq construction) 7 threads: 10743434978
N° triangles 8 threads: 10743434978
N° triangles (seq construction) 8 threads: 10743434978
N° triangles 9 threads: 10743434978
N° triangles (seq construction) 9 threads: 10743434978
N° triangles 10 threads: 10743434978
N° triangles (seq construction) 10 threads: 10743434978
N° triangles 11 threads: 10743434978
N° triangles (seq construction) 11 threads: 10743434978
N° triangles 12 threads: 10743434978
N° triangles (seq construction) 12 threads: 10743434978
N° triangles 13 threads: 10743434978
N° triangles (seq construction) 13 threads: 10743434978
N° triangles 14 threads: 10743434978
N° triangles (seq construction) 14 threads: 10743434978
N° triangles 15 threads: 10743434978
N° triangles (seq construction) 15 threads: 10743434978
N° triangles 16 threads: 10743434978
N° triangles (seq construction) 16 threads: 10743434978
N° triangles 17 threads: 10743434978
N° triangles (seq construction) 17 threads: 10743434978
N° triangles 18 threads: 10743434978
N° triangles (seq construction) 18 threads: 10743434978
N° triangles 19 threads: 10743434978
N° triangles (seq construction) 19 threads: 10743434978
N° triangles 20 threads: 10743434978
N° triangles (seq construction) 20 threads: 10743434978


*** Single core ***

N° threads: 1
Construction elapsed time: 498ms or 0.498s
Triangle counting elapsed time: 55294ms or 55.294s
Total elapsed time: 55792ms or 55.792s
Total elapsed time (seq construction): 55793ms or 55.793s

*** Multi core ***

N° threads: 2
Construction elapsed time: 2922ms or 2.922s
Triangle counting elapsed time: 28007ms or 28.007s
Total elapsed time: 30929ms or 30.929s
Total elapsed time (seq construction): 28109ms or 28.109s

N° threads: 3
Construction elapsed time: 5346ms or 5.346s
Triangle counting elapsed time: 20773ms or 20.773s
Total elapsed time: 26119ms or 26.119s
Total elapsed time (seq construction): 20676ms or 20.676s

N° threads: 4
Construction elapsed time: 6296ms or 6.296s
Triangle counting elapsed time: 17202ms or 17.202s
Total elapsed time: 23498ms or 23.498s
Total elapsed time (seq construction): 17212ms or 17.212s

N° threads: 5
Construction elapsed time: 6389ms or 6.389s
Triangle counting elapsed time: 19635ms or 19.635s
Total elapsed time: 26024ms or 26.024s
Total elapsed time (seq construction): 19961ms or 19.961s

N° threads: 6
Construction elapsed time: 6280ms or 6.28s
Triangle counting elapsed time: 18409ms or 18.409s
Total elapsed time: 24689ms or 24.689s
Total elapsed time (seq construction): 18437ms or 18.437s

N° threads: 7
Construction elapsed time: 6452ms or 6.452s
Triangle counting elapsed time: 18041ms or 18.041s
Total elapsed time: 24493ms or 24.493s
Total elapsed time (seq construction): 17682ms or 17.682s

N° threads: 8
Construction elapsed time: 6517ms or 6.517s
Triangle counting elapsed time: 16669ms or 16.669s
Total elapsed time: 23186ms or 23.186s
Total elapsed time (seq construction): 16311ms or 16.311s

N° threads: 9
Construction elapsed time: 5015ms or 5.015s
Triangle counting elapsed time: 17780ms or 17.78s
Total elapsed time: 22795ms or 22.795s
Total elapsed time (seq construction): 17696ms or 17.696s

N° threads: 10
Construction elapsed time: 4515ms or 4.515s
Triangle counting elapsed time: 18435ms or 18.435s
Total elapsed time: 22950ms or 22.95s
Total elapsed time (seq construction): 18708ms or 18.708s

N° threads: 11
Construction elapsed time: 4343ms or 4.343s
Triangle counting elapsed time: 18744ms or 18.744s
Total elapsed time: 23087ms or 23.087s
Total elapsed time (seq construction): 19046ms or 19.046s

N° threads: 12
Construction elapsed time: 4163ms or 4.163s
Triangle counting elapsed time: 18821ms or 18.821s
Total elapsed time: 22984ms or 22.984s
Total elapsed time (seq construction): 19212ms or 19.212s

N° threads: 13
Construction elapsed time: 4215ms or 4.215s
Triangle counting elapsed time: 18975ms or 18.975s
Total elapsed time: 23190ms or 23.19s
Total elapsed time (seq construction): 19457ms or 19.457s

N° threads: 14
Construction elapsed time: 4321ms or 4.321s
Triangle counting elapsed time: 18992ms or 18.992s
Total elapsed time: 23313ms or 23.313s
Total elapsed time (seq construction): 19495ms or 19.495s

N° threads: 15
Construction elapsed time: 4445ms or 4.445s
Triangle counting elapsed time: 18992ms or 18.992s
Total elapsed time: 23437ms or 23.437s
Total elapsed time (seq construction): 19451ms or 19.451s

N° threads: 16
Construction elapsed time: 4496ms or 4.496s
Triangle counting elapsed time: 18786ms or 18.786s
Total elapsed time: 23282ms or 23.282s
Total elapsed time (seq construction): 19223ms or 19.223s

N° threads: 17
Construction elapsed time: 4655ms or 4.655s
Triangle counting elapsed time: 19022ms or 19.022s
Total elapsed time: 23677ms or 23.677s
Total elapsed time (seq construction): 19572ms or 19.572s

N° threads: 18
Construction elapsed time: 4653ms or 4.653s
Triangle counting elapsed time: 19145ms or 19.145s
Total elapsed time: 23798ms or 23.798s
Total elapsed time (seq construction): 19689ms or 19.689s

N° threads: 19
Construction elapsed time: 4771ms or 4.771s
Triangle counting elapsed time: 19206ms or 19.206s
Total elapsed time: 23977ms or 23.977s
Total elapsed time (seq construction): 19763ms or 19.763s

N° threads: 20
Construction elapsed time: 4850ms or 4.85s
Triangle counting elapsed time: 19249ms or 19.249s
Total elapsed time: 24099ms or 24.099s
Total elapsed time (seq construction): 19811ms or 19.811s




